<html>
<body>
<pre>
<h1>µVision Build Log</h1>
<h2>Tool Versions:</h2>
IDE-Version: ¦ÌVision V5.27.1.0
Copyright (C) 2019 ARM Ltd and ARM Germany GmbH. All rights reserved.
License Information: 1 1, 1, LIC=D0D7S-LNY9U-2ZHW4-FMMJ1-HGE9P-YW7ZD
 
Tool Versions:
Toolchain:       MDK-ARM Plus  Version: 5.25.0.0
Toolchain Path:  F:\Keil\ARM\ARMCC\Bin
C Compiler:      Armcc.exe V5.06 update 6 (build 750)
Assembler:       Armasm.exe V5.06 update 6 (build 750)
Linker/Locator:  ArmLink.exe V5.06 update 6 (build 750)
Library Manager: ArmAr.exe V5.06 update 6 (build 750)
Hex Converter:   FromElf.exe V5.06 update 6 (build 750)
CPU DLL:         SARMCM3.DLL V5.25.0.0
Dialog DLL:      DARMSTM.DLL V1.68.0.0
Target DLL:      STLink\ST-LINKIII-KEIL_SWO.dll V3.0.1.0
Dialog DLL:      TARMSTM.DLL V1.66.0.0
 
<h2>Project:</h2>
E:\achievement\temp-control\CONTROL - ¸±±¾\CONTROL\USER\temperature_control.uvprojx
Project File Date:  12/26/2024

<h2>Output:</h2>
*** Using Compiler 'V5.06 update 6 (build 750)', folder: 'F:\Keil\ARM\ARMCC\Bin'
Rebuild target 'Target 1'
compiling LED.c...
compiling stm32f10x_it.c...
compiling bsp_key.c...
compiling system_stm32f10x.c...
compiling bsp_ds18b20.c...
compiling OLED2.c...
compiling main.c...
compiling oled.c...
..\HARDWARE\OLED\oled.c(136): warning:  #186-D: pointless comparison of unsigned integer with zero
  	if((x1<0)||(x2>128)||(y1<0)||(y2>64)||(x1>x2)||(y1>y2))return;
..\HARDWARE\OLED\oled.c(136): warning:  #186-D: pointless comparison of unsigned integer with zero
  	if((x1<0)||(x2>128)||(y1<0)||(y2>64)||(x1>x2)||(y1>y2))return;
..\HARDWARE\OLED\oled.c(135): warning:  #177-D: variable "y0"  was declared but never referenced
  	u8 i,k,k1,k2,y0;
..\HARDWARE\OLED\oled.c: 3 warnings, 0 errors
assembling startup_stm32f10x_hd.s...
compiling core_cm3.c...
compiling bsp_GeneralTim.c...
compiling bsp_usart.c...
compiling pid.c...
compiling timer.c...
compiling core_delay.c...
compiling delay.c...
compiling misc.c...
compiling stm32f10x_gpio.c...
compiling stm32f10x_usart.c...
compiling stm32f10x_bkp.c...
compiling stm32f10x_rcc.c...
compiling stm32f10x_cec.c...
compiling stm32f10x_adc.c...
compiling stm32f10x_can.c...
compiling stm32f10x_crc.c...
compiling stm32f10x_dac.c...
compiling stm32f10x_dbgmcu.c...
compiling stm32f10x_iwdg.c...
compiling stm32f10x_dma.c...
compiling stm32f10x_pwr.c...
compiling stm32f10x_flash.c...
compiling stm32f10x_exti.c...
compiling stm32f10x_i2c.c...
compiling stm32f10x_fsmc.c...
compiling stm32f10x_rtc.c...
compiling stm32f10x_wwdg.c...
compiling stm32f10x_sdio.c...
compiling stm32f10x_spi.c...
compiling stm32f10x_tim.c...
linking...
Program Size: Code=17962 RO-data=7938 RW-data=7284 ZI-data=2252  
FromELF: creating hex file...
"..\OBJ\OLED.axf" - 0 Error(s), 3 Warning(s).

<h2>Software Packages used:</h2>

Package Vendor: Keil
                http://www.keil.com/pack/Keil.STM32F1xx_DFP.2.3.0.pack
                Keil.STM32F1xx_DFP.2.3.0
                STMicroelectronics STM32F1 Series Device Support, Drivers and Examples

<h2>Collection of Component include folders:</h2>
  .\RTE\_Target_1
  F:\Keil\ARM\PACK\Keil\STM32F1xx_DFP\2.3.0\Device\Include

<h2>Collection of Component Files used:</h2>
Build Time Elapsed:  00:00:04
</pre>
</body>
</html>
