Component: ARM Compiler 5.06 update 6 (build 750) Tool: armlink [4d35ed]

==============================================================================

Section Cross References

    main.o(.text) refers to misc.o(.text) for NVIC_PriorityGroupConfig
    main.o(.text) refers to delay.o(.text) for delay_init
    main.o(.text) refers to oled2.o(.text) for OLED2_Init
    main.o(.text) refers to bsp_key.o(.text) for Key_GPIO_Config
    main.o(.text) refers to bsp_usart.o(.text) for USART_Config
    main.o(.text) refers to timer.o(.text) for Timer4_init
    main.o(.text) refers to bsp_ds18b20.o(.text) for DS18B20_Init
    main.o(.text) refers to pid.o(.text) for PID_Init
    main.o(.text) refers to bsp_dht22.o(.text) for DHT22_Init
    main.o(.text) refers to bsp_air780.o(.text) for AIR780_Init
    main.o(.text) refers to bsp_menu.o(.text) for Menu_Init
    main.o(.text) refers to bsp_relay.o(.text) for RELAY_Init
    main.o(.text) refers to bsp_humid.o(.text) for HUMID_Init
    main.o(.text) refers to bsp_fan.o(.text) for FAN_Init
    main.o(.text) refers to ffixi.o(.text) for __aeabi_f2iz
    main.o(.text) refers to fflti.o(.text) for __aeabi_i2f
    main.o(.text) refers to fadd.o(.text) for __aeabi_frsub
    main.o(.text) refers to fmul.o(.text) for __aeabi_fmul
    main.o(.text) refers to printfa.o(i.__0printf) for __2printf
    main.o(.text) refers to ffixui.o(.text) for __aeabi_f2uiz
    main.o(.text) refers to cfcmple.o(.text) for __aeabi_cfcmple
    main.o(.text) refers to cfrcmple.o(.text) for __aeabi_cfrcmple
    main.o(.text) refers to stm32f10x_gpio.o(.text) for GPIO_SetBits
    main.o(.text) refers to bsp_generaltim.o(.text) for GENERAL_TIM_Init
    main.o(.text) refers to f2d.o(.text) for __aeabi_f2d
    main.o(.text) refers to bsp_menu.o(.data) for sysStatus
    main.o(.text) refers to bsp_ds18b20.o(.data) for temperature
    main.o(.text) refers to main.o(.data) for humidity
    main.o(.text) refers to pid.o(.bss) for PID
    main.o(.text) refers to bsp_generaltim.o(.data) for CCR1_Val
    system_stm32f10x.o(.text) refers to system_stm32f10x.o(.data) for SystemCoreClock
    oled.o(.text) refers to stm32f10x_gpio.o(.text) for GPIO_SetBits
    oled.o(.text) refers to oled.o(.bss) for OLED_GRAM
    oled.o(.text) refers to oled.o(.constdata) for asc2_1206
    oled.o(.text) refers to cfrcmple.o(.text) for __aeabi_cfrcmple
    oled.o(.text) refers to ffixi.o(.text) for __aeabi_f2iz
    oled.o(.text) refers to fflti.o(.text) for __aeabi_i2f
    oled.o(.text) refers to fadd.o(.text) for __aeabi_frsub
    oled.o(.text) refers to fmul.o(.text) for __aeabi_fmul
    oled.o(.text) refers to fdiv.o(.text) for __aeabi_fdiv
    oled.o(.text) refers to stm32f10x_rcc.o(.text) for RCC_APB2PeriphClockCmd
    oled.o(.text) refers to delay.o(.text) for delay_ms
    oled.o(.text) refers to oled.o(.data) for Hzk1
    led.o(.text) refers to stm32f10x_rcc.o(.text) for RCC_APB2PeriphClockCmd
    led.o(.text) refers to stm32f10x_gpio.o(.text) for GPIO_Init
    bsp_ds18b20.o(.text) refers to stm32f10x_gpio.o(.text) for GPIO_Init
    bsp_ds18b20.o(.text) refers to core_delay.o(.text) for CPU_TS_Tmr_Delay_US
    bsp_ds18b20.o(.text) refers to stm32f10x_rcc.o(.text) for RCC_APB2PeriphClockCmd
    bsp_ds18b20.o(.text) refers to dflti.o(.text) for __aeabi_i2d
    bsp_ds18b20.o(.text) refers to dmul.o(.text) for __aeabi_dmul
    bsp_ds18b20.o(.text) refers to d2f.o(.text) for __aeabi_d2f
    bsp_key.o(.text) refers to stm32f10x_rcc.o(.text) for RCC_APB2PeriphClockCmd
    bsp_key.o(.text) refers to stm32f10x_gpio.o(.text) for GPIO_Init
    bsp_key.o(.text) refers to delay.o(.text) for delay_ms
    oled2.o(.text) refers to stm32f10x_rcc.o(.text) for RCC_APB2PeriphClockCmd
    oled2.o(.text) refers to stm32f10x_gpio.o(.text) for GPIO_Init
    oled2.o(.text) refers to oled2.o(.constdata) for OLED_F8x16
    bsp_air780.o(.text) refers to bsp_usart.o(.text) for USART2_CLR_Buf
    bsp_air780.o(.text) refers to strstr.o(.text) for strstr
    bsp_air780.o(.text) refers to printfa.o(i.__0printf) for __2printf
    bsp_air780.o(.text) refers to delay.o(.text) for delay_ms
    bsp_air780.o(.text) refers to printfa.o(i.__0sprintf) for __2sprintf
    bsp_air780.o(.text) refers to bsp_usart.o(.bss) for USART2_RX_BUF
    bsp_air780.o(.text) refers to bsp_air780.o(.conststring) for .conststring
    bsp_air780.o(.text) refers to f2d.o(.text) for __aeabi_f2d
    bsp_menu.o(.text) refers to bsp_key.o(.text) for Key_Scan
    bsp_menu.o(.text) refers to fadd.o(.text) for __aeabi_fadd
    bsp_menu.o(.text) refers to cfrcmple.o(.text) for __aeabi_cfrcmple
    bsp_menu.o(.text) refers to cfcmple.o(.text) for __aeabi_cfcmple
    bsp_menu.o(.text) refers to bsp_fan.o(.text) for FAN_OFF
    bsp_menu.o(.text) refers to oled2.o(.text) for OLED2_Clear
    bsp_menu.o(.text) refers to ffixi.o(.text) for __aeabi_f2iz
    bsp_menu.o(.text) refers to fflti.o(.text) for __aeabi_i2f
    bsp_menu.o(.text) refers to fmul.o(.text) for __aeabi_fmul
[...]
    printf6.o(i.__0snprintf$6) refers to printf6.o(i._snputc) for _snputc
    printf6.o(i.__0sprintf$6) refers to printf6.o(i._printf_core) for _printf_core
    printf6.o(i.__0sprintf$6) refers to printf6.o(i._sputc) for _sputc
    printf6.o(i.__0vfprintf$6) refers to printf6.o(i._printf_core) for _printf_core
    printf6.o(i.__0vfprintf$6) refers to bsp_usart.o(.text) for fputc
    printf6.o(i.__0vprintf$6) refers to printf6.o(i._printf_core) for _printf_core
    printf6.o(i.__0vprintf$6) refers to bsp_usart.o(.text) for fputc
    printf6.o(i.__0vprintf$6) refers to stdout.o(.data) for __stdout
    printf6.o(i.__0vsnprintf$6) refers to printf6.o(i._printf_core) for _printf_core
    printf6.o(i.__0vsnprintf$6) refers to printf6.o(i._snputc) for _snputc
    printf6.o(i.__0vsprintf$6) refers to printf6.o(i._printf_core) for _printf_core
    printf6.o(i.__0vsprintf$6) refers to printf6.o(i._sputc) for _sputc
    printf6.o(i._printf_core) refers to printf6.o(i._printf_pre_padding) for _printf_pre_padding
    printf6.o(i._printf_core) refers to uidiv.o(.text) for __aeabi_uidivmod
    printf6.o(i._printf_core) refers to printf6.o(i._printf_post_padding) for _printf_post_padding
    printf7.o(i.__0fprintf$7) refers to printf7.o(i._printf_core) for _printf_core
    printf7.o(i.__0fprintf$7) refers to bsp_usart.o(.text) for fputc
    printf7.o(i.__0printf$7) refers to printf7.o(i._printf_core) for _printf_core
    printf7.o(i.__0printf$7) refers to bsp_usart.o(.text) for fputc
    printf7.o(i.__0printf$7) refers to stdout.o(.data) for __stdout
    printf7.o(i.__0snprintf$7) refers to printf7.o(i._printf_core) for _printf_core
    printf7.o(i.__0snprintf$7) refers to printf7.o(i._snputc) for _snputc
    printf7.o(i.__0sprintf$7) refers to printf7.o(i._printf_core) for _printf_core
    printf7.o(i.__0sprintf$7) refers to printf7.o(i._sputc) for _sputc
    printf7.o(i.__0vfprintf$7) refers to printf7.o(i._printf_core) for _printf_core
    printf7.o(i.__0vfprintf$7) refers to bsp_usart.o(.text) for fputc
    printf7.o(i.__0vprintf$7) refers to printf7.o(i._printf_core) for _printf_core
    printf7.o(i.__0vprintf$7) refers to bsp_usart.o(.text) for fputc
    printf7.o(i.__0vprintf$7) refers to stdout.o(.data) for __stdout
    printf7.o(i.__0vsnprintf$7) refers to printf7.o(i._printf_core) for _printf_core
    printf7.o(i.__0vsnprintf$7) refers to printf7.o(i._snputc) for _snputc
    printf7.o(i.__0vsprintf$7) refers to printf7.o(i._printf_core) for _printf_core
    printf7.o(i.__0vsprintf$7) refers to printf7.o(i._sputc) for _sputc
    printf7.o(i._printf_core) refers to printf7.o(i._printf_pre_padding) for _printf_pre_padding
    printf7.o(i._printf_core) refers to uldiv.o(.text) for __aeabi_uldivmod
    printf7.o(i._printf_core) refers to printf7.o(i._printf_post_padding) for _printf_post_padding
    printf8.o(i.__0fprintf$8) refers to printf8.o(i._printf_core) for _printf_core
    printf8.o(i.__0fprintf$8) refers to bsp_usart.o(.text) for fputc
    printf8.o(i.__0printf$8) refers to printf8.o(i._printf_core) for _printf_core
    printf8.o(i.__0printf$8) refers to bsp_usart.o(.text) for fputc
    printf8.o(i.__0printf$8) refers to stdout.o(.data) for __stdout
    printf8.o(i.__0snprintf$8) refers to printf8.o(i._printf_core) for _printf_core
    printf8.o(i.__0snprintf$8) refers to printf8.o(i._snputc) for _snputc
    printf8.o(i.__0sprintf$8) refers to printf8.o(i._printf_core) for _printf_core
    printf8.o(i.__0sprintf$8) refers to printf8.o(i._sputc) for _sputc
    printf8.o(i.__0vfprintf$8) refers to printf8.o(i._printf_core) for _printf_core
    printf8.o(i.__0vfprintf$8) refers to bsp_usart.o(.text) for fputc
    printf8.o(i.__0vprintf$8) refers to printf8.o(i._printf_core) for _printf_core
    printf8.o(i.__0vprintf$8) refers to bsp_usart.o(.text) for fputc
    printf8.o(i.__0vprintf$8) refers to stdout.o(.data) for __stdout
    printf8.o(i.__0vsnprintf$8) refers to printf8.o(i._printf_core) for _printf_core
    printf8.o(i.__0vsnprintf$8) refers to printf8.o(i._snputc) for _snputc
    printf8.o(i.__0vsprintf$8) refers to printf8.o(i._printf_core) for _printf_core
    printf8.o(i.__0vsprintf$8) refers to printf8.o(i._sputc) for _sputc
    printf8.o(i._printf_core) refers to printf8.o(i._printf_pre_padding) for _printf_pre_padding
    printf8.o(i._printf_core) refers to uldiv.o(.text) for __aeabi_uldivmod
    printf8.o(i._printf_core) refers to printf8.o(i._printf_post_padding) for _printf_post_padding
    printfa.o(i.__0fprintf) refers (Special) to iusefp.o(.text) for __I$use$fp
    printfa.o(i.__0fprintf) refers to printfa.o(i._printf_core) for _printf_core
    printfa.o(i.__0fprintf) refers to bsp_usart.o(.text) for fputc
    printfa.o(i.__0printf) refers (Special) to iusefp.o(.text) for __I$use$fp
    printfa.o(i.__0printf) refers to printfa.o(i._printf_core) for _printf_core
    printfa.o(i.__0printf) refers to bsp_usart.o(.text) for fputc
    printfa.o(i.__0printf) refers to stdout.o(.data) for __stdout
    printfa.o(i.__0snprintf) refers (Special) to iusefp.o(.text) for __I$use$fp
    printfa.o(i.__0snprintf) refers to printfa.o(i._printf_core) for _printf_core
    printfa.o(i.__0snprintf) refers to printfa.o(i._snputc) for _snputc
    printfa.o(i.__0sprintf) refers (Special) to iusefp.o(.text) for __I$use$fp
    printfa.o(i.__0sprintf) refers to printfa.o(i._printf_core) for _printf_core
    printfa.o(i.__0sprintf) refers to printfa.o(i._sputc) for _sputc
    printfa.o(i.__0vfprintf) refers (Special) to iusefp.o(.text) for __I$use$fp
    printfa.o(i.__0vfprintf) refers to printfa.o(i._printf_core) for _printf_core
    printfa.o(i.__0vfprintf) refers to bsp_usart.o(.text) for fputc
    printfa.o(i.__0vprintf) refers (Special) to iusefp.o(.text) for __I$use$fp
    printfa.o(i.__0vprintf) refers to printfa.o(i._printf_core) for _printf_core
    printfa.o(i.__0vprintf) refers to bsp_usart.o(.text) for fputc
    printfa.o(i.__0vprintf) refers to stdout.o(.data) for __stdout
    printfa.o(i.__0vsnprintf) refers (Special) to iusefp.o(.text) for __I$use$fp
    printfa.o(i.__0vsnprintf) refers to printfa.o(i._printf_core) for _printf_core
    printfa.o(i.__0vsnprintf) refers to printfa.o(i._snputc) for _snputc
    printfa.o(i.__0vsprintf) refers (Special) to iusefp.o(.text) for __I$use$fp
    printfa.o(i.__0vsprintf) refers to printfa.o(i._printf_core) for _printf_core
    printfa.o(i.__0vsprintf) refers to printfa.o(i._sputc) for _sputc
    printfa.o(i._fp_digits) refers (Special) to iusefp.o(.text) for __I$use$fp
    printfa.o(i._fp_digits) refers to dmul.o(.text) for __aeabi_dmul
    printfa.o(i._fp_digits) refers to ddiv.o(.text) for __aeabi_ddiv
    printfa.o(i._fp_digits) refers to cdrcmple.o(.text) for __aeabi_cdrcmple
    printfa.o(i._fp_digits) refers to dadd.o(.text) for __aeabi_dadd
    printfa.o(i._fp_digits) refers to dfixul.o(.text) for __aeabi_d2ulz
    printfa.o(i._fp_digits) refers to uldiv.o(.text) for __aeabi_uldivmod
    printfa.o(i._printf_core) refers (Special) to iusefp.o(.text) for __I$use$fp
    printfa.o(i._printf_core) refers to printfa.o(i._printf_pre_padding) for _printf_pre_padding
    printfa.o(i._printf_core) refers to uldiv.o(.text) for __aeabi_uldivmod
    printfa.o(i._printf_core) refers to printfa.o(i._printf_post_padding) for _printf_post_padding
    printfa.o(i._printf_core) refers to printfa.o(i._fp_digits) for _fp_digits
    printfa.o(i._printf_core) refers to uidiv.o(.text) for __aeabi_uidivmod
    printfa.o(i._printf_post_padding) refers (Special) to iusefp.o(.text) for __I$use$fp
    printfa.o(i._printf_pre_padding) refers (Special) to iusefp.o(.text) for __I$use$fp
    printfa.o(i._snputc) refers (Special) to iusefp.o(.text) for __I$use$fp
    printfa.o(i._sputc) refers (Special) to iusefp.o(.text) for __I$use$fp
    fadd.o(.text) refers (Special) to iusefp.o(.text) for __I$use$fp
    fadd.o(.text) refers to fepilogue.o(.text) for _float_epilogue
    fmul.o(.text) refers (Special) to iusefp.o(.text) for __I$use$fp
    fdiv.o(.text) refers (Special) to iusefp.o(.text) for __I$use$fp
    fdiv.o(.text) refers to fepilogue.o(.text) for _float_round
    dmul.o(.text) refers (Special) to iusefp.o(.text) for __I$use$fp
    dmul.o(.text) refers to depilogue.o(.text) for _double_epilogue
    ddiv.o(.text) refers (Special) to iusefp.o(.text) for __I$use$fp
    ddiv.o(.text) refers to depilogue.o(.text) for _double_round
    fflti.o(.text) refers (Special) to iusefp.o(.text) for __I$use$fp
    fflti.o(.text) refers to fepilogue.o(.text) for _float_epilogue
    dflti.o(.text) refers (Special) to iusefp.o(.text) for __I$use$fp
    dflti.o(.text) refers to depilogue.o(.text) for _double_epilogue
    ffixi.o(.text) refers (Special) to iusefp.o(.text) for __I$use$fp
    ffixui.o(.text) refers (Special) to iusefp.o(.text) for __I$use$fp
    f2d.o(.text) refers (Special) to iusefp.o(.text) for __I$use$fp
    d2f.o(.text) refers (Special) to iusefp.o(.text) for __I$use$fp
    d2f.o(.text) refers to fepilogue.o(.text) for _float_round
    cfcmple.o(.text) refers (Special) to iusefp.o(.text) for __I$use$fp
    cfrcmple.o(.text) refers (Special) to iusefp.o(.text) for __I$use$fp
    entry2.o(.ARM.Collect$$$$00000001) refers to entry2.o(.ARM.Collect$$$$00002712) for __lit__00000000
    entry2.o(.ARM.Collect$$$$00002712) refers to startup_stm32f10x_hd.o(STACK) for __initial_sp
    entry2.o(__vectab_stack_and_reset_area) refers to startup_stm32f10x_hd.o(STACK) for __initial_sp
    entry2.o(__vectab_stack_and_reset_area) refers to entry.o(.ARM.Collect$$$$00000000) for __main
    entry5.o(.ARM.Collect$$$$00000004) refers to init.o(.text) for __scatterload
    entry9a.o(.ARM.Collect$$$$0000000B) refers to main.o(.text) for main
    entry9b.o(.ARM.Collect$$$$0000000C) refers to main.o(.text) for main
    uldiv.o(.text) refers to llushr.o(.text) for __aeabi_llsr
    uldiv.o(.text) refers to llshl.o(.text) for __aeabi_llsl
    depilogue.o(.text) refers to llshl.o(.text) for __aeabi_llsl
    depilogue.o(.text) refers to llushr.o(.text) for __aeabi_llsr
    dadd.o(.text) refers to llshl.o(.text) for __aeabi_llsl
    dadd.o(.text) refers to llsshr.o(.text) for __aeabi_lasr
    dadd.o(.text) refers to depilogue.o(.text) for _double_epilogue
    dfixul.o(.text) refers to llushr.o(.text) for __aeabi_llsr
    dfixul.o(.text) refers to llshl.o(.text) for __aeabi_llsl
    init.o(.text) refers to entry5.o(.ARM.Collect$$$$00000004) for __main_after_scatterload


==============================================================================

Removing Unused input sections from the image.

    Removing oled.o(.text), (2656 bytes).
    Removing oled.o(.bss), (1152 bytes).
    Removing oled.o(.constdata), (6080 bytes).
    Removing oled.o(.data), (5176 bytes).
    Removing led.o(.text), (120 bytes).
    Removing core_cm3.o(.emb_text), (32 bytes).
    Removing startup_stm32f10x_hd.o(HEAP), (512 bytes).
    Removing stm32f10x_adc.o(.text), (1102 bytes).
    Removing stm32f10x_bkp.o(.text), (196 bytes).
    Removing stm32f10x_can.o(.text), (2544 bytes).
    Removing stm32f10x_cec.o(.text), (288 bytes).
    Removing stm32f10x_crc.o(.text), (72 bytes).
    Removing stm32f10x_dac.o(.text), (396 bytes).
    Removing stm32f10x_dbgmcu.o(.text), (48 bytes).
    Removing stm32f10x_dma.o(.text), (596 bytes).
    Removing stm32f10x_exti.o(.text), (284 bytes).
    Removing stm32f10x_flash.o(.text), (1468 bytes).
    Removing stm32f10x_fsmc.o(.text), (1548 bytes).
    Removing stm32f10x_i2c.o(.text), (1028 bytes).
    Removing stm32f10x_iwdg.o(.text), (64 bytes).
    Removing stm32f10x_pwr.o(.text), (204 bytes).
    Removing stm32f10x_rtc.o(.text), (328 bytes).
    Removing stm32f10x_sdio.o(.text), (468 bytes).
    Removing stm32f10x_spi.o(.text), (780 bytes).
    Removing stm32f10x_wwdg.o(.text), (136 bytes).
    Removing fdiv.o(.text), (124 bytes).

26 unused section(s) (total 27402 bytes) removed from the image.

==============================================================================

Image Symbol Table

    Local Symbols

    Symbol Name                              Value     Ov Type        Size  Object(Section)

    ../clib/../cmprslib/lz77c.c              0x00000000   Number         0  __dclz77c.o ABSOLUTE
    ../clib/microlib/division.c              0x00000000   Number         0  uidiv.o ABSOLUTE
    ../clib/microlib/division.c              0x00000000   Number         0  uldiv.o ABSOLUTE
    ../clib/microlib/init/entry.s            0x00000000   Number         0  entry8a.o ABSOLUTE
    ../clib/microlib/init/entry.s            0x00000000   Number         0  entry11a.o ABSOLUTE
    ../clib/microlib/init/entry.s            0x00000000   Number         0  entry10a.o ABSOLUTE
    ../clib/microlib/init/entry.s            0x00000000   Number         0  entry9b.o ABSOLUTE
    ../clib/microlib/init/entry.s            0x00000000   Number         0  entry7b.o ABSOLUTE
    ../clib/microlib/init/entry.s            0x00000000   Number         0  entry5.o ABSOLUTE
    ../clib/microlib/init/entry.s            0x00000000   Number         0  entry7a.o ABSOLUTE
    ../clib/microlib/init/entry.s            0x00000000   Number         0  entry11b.o ABSOLUTE
    ../clib/microlib/init/entry.s            0x00000000   Number         0  entry10b.o ABSOLUTE
    ../clib/microlib/init/entry.s            0x00000000   Number         0  entry.o ABSOLUTE
    ../clib/microlib/init/entry.s            0x00000000   Number         0  entry9a.o ABSOLUTE
    ../clib/microlib/init/entry.s            0x00000000   Number         0  entry2.o ABSOLUTE
    ../clib/microlib/init/entry.s            0x00000000   Number         0  entry8b.o ABSOLUTE
    ../clib/microlib/longlong.c              0x00000000   Number         0  llshl.o ABSOLUTE
    ../clib/microlib/longlong.c              0x00000000   Number         0  llsshr.o ABSOLUTE
    ../clib/microlib/longlong.c              0x00000000   Number         0  llushr.o ABSOLUTE
    ../clib/microlib/printf/printf.c         0x00000000   Number         0  printf2.o ABSOLUTE
    ../clib/microlib/printf/printf.c         0x00000000   Number         0  printf3.o ABSOLUTE
    ../clib/microlib/printf/printf.c         0x00000000   Number         0  printf4.o ABSOLUTE
    ../clib/microlib/printf/printf.c         0x00000000   Number         0  printfb.o ABSOLUTE
    ../clib/microlib/printf/printf.c         0x00000000   Number         0  printf5.o ABSOLUTE
    ../clib/microlib/printf/printf.c         0x00000000   Number         0  printf6.o ABSOLUTE
    ../clib/microlib/printf/printf.c         0x00000000   Number         0  printf7.o ABSOLUTE
    ../clib/microlib/printf/printf.c         0x00000000   Number         0  printf8.o ABSOLUTE
    ../clib/microlib/printf/printf.c         0x00000000   Number         0  printf0.o ABSOLUTE
    ../clib/microlib/printf/printf.c         0x00000000   Number         0  printfa.o ABSOLUTE
    ../clib/microlib/printf/printf.c         0x00000000   Number         0  printf1.o ABSOLUTE
    ../clib/microlib/printf/stubs.s          0x00000000   Number         0  stubs.o ABSOLUTE
    ../clib/microlib/stdio/streams.c         0x00000000   Number         0  stdout.o ABSOLUTE
    ../clib/microlib/string/memset.c         0x00000000   Number         0  memseta.o ABSOLUTE
    ../clib/microlib/string/strstr.c         0x00000000   Number         0  strstr.o ABSOLUTE
    ../clib/microlib/stubs.s                 0x00000000   Number         0  iusefp.o ABSOLUTE
    ../fplib/microlib/d2f.c                  0x00000000   Number         0  d2f.o ABSOLUTE
    ../fplib/microlib/f2d.c                  0x00000000   Number         0  f2d.o ABSOLUTE
    ../fplib/microlib/fpadd.c                0x00000000   Number         0  dadd.o ABSOLUTE
    ../fplib/microlib/fpadd.c                0x00000000   Number         0  fadd.o ABSOLUTE
    ../fplib/microlib/fpdiv.c                0x00000000   Number         0  ddiv.o ABSOLUTE
    ../fplib/microlib/fpdiv.c                0x00000000   Number         0  fdiv.o ABSOLUTE
    ../fplib/microlib/fpepilogue.c           0x00000000   Number         0  fepilogue.o ABSOLUTE
    ../fplib/microlib/fpepilogue.c           0x00000000   Number         0  depilogue.o ABSOLUTE
    ../fplib/microlib/fpfix.c                0x00000000   Number         0  ffixui.o ABSOLUTE
    ../fplib/microlib/fpfix.c                0x00000000   Number         0  ffixi.o ABSOLUTE
    ../fplib/microlib/fpfix.c                0x00000000   Number         0  dfixul.o ABSOLUTE
    ../fplib/microlib/fpflt.c                0x00000000   Number         0  fflti.o ABSOLUTE
    ../fplib/microlib/fpflt.c                0x00000000   Number         0  dflti.o ABSOLUTE
    ../fplib/microlib/fpmul.c                0x00000000   Number         0  dmul.o ABSOLUTE
    ../fplib/microlib/fpmul.c                0x00000000   Number         0  fmul.o ABSOLUTE
    ..\CORE\core_cm3.c                       0x00000000   Number         0  core_cm3.o ABSOLUTE
    ..\CORE\startup_stm32f10x_hd.s           0x00000000   Number         0  startup_stm32f10x_hd.o ABSOLUTE
    ..\HARDWARE\DHT22\bsp_dht22.c            0x00000000   Number         0  bsp_dht22.o ABSOLUTE
    ..\HARDWARE\FAN\bsp_fan.c                0x00000000   Number         0  bsp_fan.o ABSOLUTE
    ..\HARDWARE\HUMID\bsp_humid.c            0x00000000   Number         0  bsp_humid.o ABSOLUTE
    ..\HARDWARE\Key\bsp_key.c                0x00000000   Number         0  bsp_key.o ABSOLUTE
    ..\HARDWARE\OLED2\OLED2.c                0x00000000   Number         0  oled2.o ABSOLUTE
    ..\HARDWARE\OLED\oled.c                  0x00000000   Number         0  oled.o ABSOLUTE
    ..\HARDWARE\RELAY\bsp_relay.c            0x00000000   Number         0  bsp_relay.o ABSOLUTE
    ..\HARDWARE\air780\bsp_air780.c          0x00000000   Number         0  bsp_air780.o ABSOLUTE
    ..\HARDWARE\ds18b20\bsp_ds18b20.c        0x00000000   Number         0  bsp_ds18b20.o ABSOLUTE
    ..\HARDWARE\menu\bsp_menu.c              0x00000000   Number         0  bsp_menu.o ABSOLUTE
    ..\STM32F10x_FWLib\src\misc.c            0x00000000   Number         0  misc.o ABSOLUTE
    ..\STM32F10x_FWLib\src\stm32f10x_adc.c   0x00000000   Number         0  stm32f10x_adc.o ABSOLUTE
    ..\STM32F10x_FWLib\src\stm32f10x_bkp.c   0x00000000   Number         0  stm32f10x_bkp.o ABSOLUTE
    ..\STM32F10x_FWLib\src\stm32f10x_can.c   0x00000000   Number         0  stm32f10x_can.o ABSOLUTE
    ..\STM32F10x_FWLib\src\stm32f10x_cec.c   0x00000000   Number         0  stm32f10x_cec.o ABSOLUTE
    ..\STM32F10x_FWLib\src\stm32f10x_crc.c   0x00000000   Number         0  stm32f10x_crc.o ABSOLUTE
    ..\STM32F10x_FWLib\src\stm32f10x_dac.c   0x00000000   Number         0  stm32f10x_dac.o ABSOLUTE
    ..\STM32F10x_FWLib\src\stm32f10x_dbgmcu.c 0x00000000   Number         0  stm32f10x_dbgmcu.o ABSOLUTE
    ..\STM32F10x_FWLib\src\stm32f10x_dma.c   0x00000000   Number         0  stm32f10x_dma.o ABSOLUTE
    ..\STM32F10x_FWLib\src\stm32f10x_exti.c  0x00000000   Number         0  stm32f10x_exti.o ABSOLUTE
    ..\STM32F10x_FWLib\src\stm32f10x_flash.c 0x00000000   Number         0  stm32f10x_flash.o ABSOLUTE
    ..\STM32F10x_FWLib\src\stm32f10x_fsmc.c  0x00000000   Number         0  stm32f10x_fsmc.o ABSOLUTE
    ..\STM32F10x_FWLib\src\stm32f10x_gpio.c  0x00000000   Number         0  stm32f10x_gpio.o ABSOLUTE
    ..\STM32F10x_FWLib\src\stm32f10x_i2c.c   0x00000000   Number         0  stm32f10x_i2c.o ABSOLUTE
    ..\STM32F10x_FWLib\src\stm32f10x_iwdg.c  0x00000000   Number         0  stm32f10x_iwdg.o ABSOLUTE
    ..\STM32F10x_FWLib\src\stm32f10x_pwr.c   0x00000000   Number         0  stm32f10x_pwr.o ABSOLUTE
    ..\STM32F10x_FWLib\src\stm32f10x_rcc.c   0x00000000   Number         0  stm32f10x_rcc.o ABSOLUTE
    ..\STM32F10x_FWLib\src\stm32f10x_rtc.c   0x00000000   Number         0  stm32f10x_rtc.o ABSOLUTE
    ..\STM32F10x_FWLib\src\stm32f10x_sdio.c  0x00000000   Number         0  stm32f10x_sdio.o ABSOLUTE
    ..\STM32F10x_FWLib\src\stm32f10x_spi.c   0x00000000   Number         0  stm32f10x_spi.o ABSOLUTE
    ..\STM32F10x_FWLib\src\stm32f10x_tim.c   0x00000000   Number         0  stm32f10x_tim.o ABSOLUTE
    ..\STM32F10x_FWLib\src\stm32f10x_usart.c 0x00000000   Number         0  stm32f10x_usart.o ABSOLUTE
    ..\STM32F10x_FWLib\src\stm32f10x_wwdg.c  0x00000000   Number         0  stm32f10x_wwdg.o ABSOLUTE
    ..\SYSTEM\General Time\bsp_GeneralTim.c  0x00000000   Number         0  bsp_generaltim.o ABSOLUTE
    ..\SYSTEM\PID\pid.c                      0x00000000   Number         0  pid.o ABSOLUTE
    ..\SYSTEM\delay\delay.c                  0x00000000   Number         0  delay.o ABSOLUTE
    ..\SYSTEM\dwt_delay\core_delay.c         0x00000000   Number         0  core_delay.o ABSOLUTE
    ..\SYSTEM\timer\timer.c                  0x00000000   Number         0  timer.o ABSOLUTE
    ..\SYSTEM\usart\bsp_usart.c              0x00000000   Number         0  bsp_usart.o ABSOLUTE
    ..\\CORE\\core_cm3.c                     0x00000000   Number         0  core_cm3.o ABSOLUTE
    LED.c                                    0x00000000   Number         0  led.o ABSOLUTE
    cdrcmple.s                               0x00000000   Number         0  cdrcmple.o ABSOLUTE
    cfcmple.s                                0x00000000   Number         0  cfcmple.o ABSOLUTE
    cfrcmple.s                               0x00000000   Number         0  cfrcmple.o ABSOLUTE
    dc.s                                     0x00000000   Number         0  dc.o ABSOLUTE
    handlers.s                               0x00000000   Number         0  handlers.o ABSOLUTE
    init.s                                   0x00000000   Number         0  init.o ABSOLUTE
    main.c                                   0x00000000   Number         0  main.o ABSOLUTE
    stm32f10x_it.c                           0x00000000   Number         0  stm32f10x_it.o ABSOLUTE
    system_stm32f10x.c                       0x00000000   Number         0  system_stm32f10x.o ABSOLUTE
    RESET                                    0x08000000   Section      304  startup_stm32f10x_hd.o(RESET)
    .ARM.Collect$$$$00000000                 0x08000130   Section        0  entry.o(.ARM.Collect$$$$00000000)
    .ARM.Collect$$$$00000001                 0x08000130   Section        4  entry2.o(.ARM.Collect$$$$00000001)
    .ARM.Collect$$$$00000004                 0x08000134   Section        4  entry5.o(.ARM.Collect$$$$00000004)
    .ARM.Collect$$$$00000008                 0x08000138   Section        0  entry7b.o(.ARM.Collect$$$$00000008)
    .ARM.Collect$$$$0000000A                 0x08000138   Section        0  entry8b.o(.ARM.Collect$$$$0000000A)
    .ARM.Collect$$$$0000000B                 0x08000138   Section        8  entry9a.o(.ARM.Collect$$$$0000000B)
    .ARM.Collect$$$$0000000D                 0x08000140   Section        0  entry10a.o(.ARM.Collect$$$$0000000D)
    .ARM.Collect$$$$0000000F                 0x08000140   Section        0  entry11a.o(.ARM.Collect$$$$0000000F)
    .ARM.Collect$$$$00002712                 0x08000140   Section        4  entry2.o(.ARM.Collect$$$$00002712)
    __lit__00000000                          0x08000140   Data           4  entry2.o(.ARM.Collect$$$$00002712)
    .text                                    0x08000144   Section        0  main.o(.text)
    .text                                    0x08000550   Section        0  stm32f10x_it.o(.text)
    .text                                    0x0800056c   Section        0  system_stm32f10x.o(.text)
    SetSysClockTo72                          0x0800056d   Thumb Code   214  system_stm32f10x.o(.text)
    SetSysClock                              0x08000643   Thumb Code     8  system_stm32f10x.o(.text)
    .text                                    0x0800074c   Section        0  bsp_ds18b20.o(.text)
    DS18B20_Mode_IPU                         0x0800074d   Thumb Code    24  bsp_ds18b20.o(.text)
    DS18B20_Presence                         0x08000765   Thumb Code    82  bsp_ds18b20.o(.text)
    DS18B20_Mode_Out_PP                      0x080007b7   Thumb Code    30  bsp_ds18b20.o(.text)
    DS18B20_Rst                              0x080007d5   Thumb Code    38  bsp_ds18b20.o(.text)
    DS18B20_GPIO_Config                      0x080007fb   Thumb Code    38  bsp_ds18b20.o(.text)
    DS18B20_ReadBit                          0x08000839   Thumb Code    52  bsp_ds18b20.o(.text)
    DS18B20_ReadByte                         0x0800086d   Thumb Code    34  bsp_ds18b20.o(.text)
    DS18B20_WriteByte                        0x0800088f   Thumb Code    88  bsp_ds18b20.o(.text)
    DS18B20_SkipRom                          0x080008e7   Thumb Code    18  bsp_ds18b20.o(.text)
    DS18B20_MatchRom                         0x080008f9   Thumb Code    18  bsp_ds18b20.o(.text)
    .text                                    0x08000a38   Section        0  bsp_key.o(.text)
    .text                                    0x08000af8   Section        0  oled2.o(.text)
    .text                                    0x08000f10   Section        0  bsp_air780.o(.text)
    .text                                    0x08001718   Section        0  bsp_menu.o(.text)
    .text                                    0x08001d18   Section        0  bsp_dht22.o(.text)
    DHT22_Mode_OUT_PP                        0x08001d19   Thumb Code    30  bsp_dht22.o(.text)
    DHT22_Mode_IPU                           0x08001d37   Thumb Code    24  bsp_dht22.o(.text)
    .text                                    0x08001f40   Section        0  bsp_relay.o(.text)
    .text                                    0x08001f94   Section        0  bsp_humid.o(.text)
    .text                                    0x08001fc4   Section        0  bsp_fan.o(.text)
    .text                                    0x08002018   Section        0  bsp_generaltim.o(.text)
    GENERAL_TIM_GPIO_Config                  0x08002019   Thumb Code    38  bsp_generaltim.o(.text)
    GENERAL_TIM_Mode_Config                  0x0800203f   Thumb Code   104  bsp_generaltim.o(.text)
    .text                                    0x080020c0   Section        0  pid.o(.text)
    .text                                    0x080021d0   Section        0  timer.o(.text)
    .text                                    0x08002264   Section        0  bsp_usart.o(.text)
    .text                                    0x080025c4   Section        0  delay.o(.text)
    .text                                    0x08002698   Section        0  core_delay.o(.text)
    .text                                    0x08002718   Section       36  startup_stm32f10x_hd.o(.text)
    .text                                    0x0800273c   Section        0  misc.o(.text)
    .text                                    0x08002818   Section        0  stm32f10x_gpio.o(.text)
    .text                                    0x08002b74   Section        0  stm32f10x_rcc.o(.text)
    .text                                    0x08002f18   Section        0  stm32f10x_usart.o(.text)
    .text                                    0x08003320   Section        0  stm32f10x_tim.o(.text)
    TI4_Config                               0x080037c7   Thumb Code   130  stm32f10x_tim.o(.text)
    TI3_Config                               0x0800385b   Thumb Code   122  stm32f10x_tim.o(.text)
    TI2_Config                               0x080038ef   Thumb Code   130  stm32f10x_tim.o(.text)
    TI1_Config                               0x08003983   Thumb Code   108  stm32f10x_tim.o(.text)
    .text                                    0x0800413a   Section        0  memseta.o(.text)
    .text                                    0x0800415e   Section        0  strstr.o(.text)
    .text                                    0x08004182   Section        0  fadd.o(.text)
    .text                                    0x08004232   Section        0  fmul.o(.text)
    .text                                    0x08004296   Section        0  dmul.o(.text)
    .text                                    0x0800437a   Section        0  ddiv.o(.text)
    .text                                    0x08004458   Section        0  fflti.o(.text)
    .text                                    0x0800446a   Section        0  dflti.o(.text)
    .text                                    0x0800448c   Section        0  ffixi.o(.text)
    .text                                    0x080044be   Section        0  ffixui.o(.text)
    .text                                    0x080044e6   Section        0  f2d.o(.text)
    .text                                    0x0800450c   Section        0  d2f.o(.text)
    .text                                    0x08004544   Section       20  cfcmple.o(.text)
    .text                                    0x08004558   Section       20  cfrcmple.o(.text)
    .text                                    0x0800456c   Section        0  uidiv.o(.text)
    .text                                    0x08004598   Section        0  uldiv.o(.text)
    .text                                    0x080045fa   Section        0  fepilogue.o(.text)
    .text                                    0x080045fa   Section        0  iusefp.o(.text)
    .text                                    0x08004668   Section        0  depilogue.o(.text)
    .text                                    0x08004722   Section        0  dadd.o(.text)
    .text                                    0x08004870   Section        0  dfixul.o(.text)
    .text                                    0x080048a0   Section       48  cdrcmple.o(.text)
    .text                                    0x080048d0   Section       36  init.o(.text)
    .text                                    0x080048f4   Section        0  llshl.o(.text)
    .text                                    0x08004912   Section        0  llushr.o(.text)
    .text                                    0x08004932   Section        0  llsshr.o(.text)
    .text                                    0x08004956   Section        0  __dclz77c.o(.text)
    i.__0printf                              0x080049b4   Section        0  printfa.o(i.__0printf)
    i.__0sprintf                             0x080049d4   Section        0  printfa.o(i.__0sprintf)
    i.__scatterload_copy                     0x080049fc   Section       14  handlers.o(i.__scatterload_copy)
    i.__scatterload_null                     0x08004a0a   Section        2  handlers.o(i.__scatterload_null)
    i.__scatterload_zeroinit                 0x08004a0c   Section       14  handlers.o(i.__scatterload_zeroinit)
    i._fp_digits                             0x08004a1c   Section        0  printfa.o(i._fp_digits)
    _fp_digits                               0x08004a1d   Thumb Code   366  printfa.o(i._fp_digits)
    i._printf_core                           0x08004ba0   Section        0  printfa.o(i._printf_core)
    _printf_core                             0x08004ba1   Thumb Code  1744  printfa.o(i._printf_core)
    i._printf_post_padding                   0x0800527c   Section        0  printfa.o(i._printf_post_padding)
    _printf_post_padding                     0x0800527d   Thumb Code    36  printfa.o(i._printf_post_padding)
    i._printf_pre_padding                    0x080052a0   Section        0  printfa.o(i._printf_pre_padding)
    _printf_pre_padding                      0x080052a1   Thumb Code    46  printfa.o(i._printf_pre_padding)
    i._sputc                                 0x080052ce   Section        0  printfa.o(i._sputc)
    _sputc                                   0x080052cf   Thumb Code    10  printfa.o(i._sputc)
    .constdata                               0x080052d8   Section     1520  oled2.o(.constdata)
    .conststring                             0x080058c8   Section      237  bsp_air780.o(.conststring)
    .data                                    0x20000000   Section     2064  main.o(.data)
    last_valid_humidity                      0x20000808   Data           4  main.o(.data)
    .data                                    0x20000810   Section       20  system_stm32f10x.o(.data)
    .data                                    0x20000824   Section        4  bsp_ds18b20.o(.data)
    .data                                    0x20000828   Section       16  bsp_menu.o(.data)
    .data                                    0x20000838   Section        2  bsp_generaltim.o(.data)
    .data                                    0x2000083a   Section        1  timer.o(.data)
    st                                       0x2000083a   Data           1  timer.o(.data)
    .data                                    0x2000083c   Section        4  bsp_usart.o(.data)
    .data                                    0x20000840   Section        4  delay.o(.data)
    fac_us                                   0x20000840   Data           1  delay.o(.data)
    fac_ms                                   0x20000842   Data           2  delay.o(.data)
    .data                                    0x20000844   Section       20  stm32f10x_rcc.o(.data)
    APBAHBPrescTable                         0x20000844   Data          16  stm32f10x_rcc.o(.data)
    ADCPrescTable                            0x20000854   Data           4  stm32f10x_rcc.o(.data)
    .data                                    0x20000858   Section        4  stdout.o(.data)
    .bss                                     0x2000085c   Section       76  pid.o(.bss)
    .bss                                     0x200008a8   Section      800  bsp_usart.o(.bss)
    STACK                                    0x20000bc8   Section     1024  startup_stm32f10x_hd.o(STACK)

    Global Symbols

    Symbol Name                              Value     Ov Type        Size  Object(Section)

    BuildAttributes$$THM_ISAv4$P$D$K$B$S$PE$A:L22UL41UL21$X:L11$S22US41US21$IEEE1$IW$USESV6$~STKCKD$USESV7$~SHL$OTIME$ROPI$EBA8$MICROLIB$REQ8$PRES8$EABIv2 0x00000000   Number         0  anon$$obj.o ABSOLUTE
    __ARM_use_no_argv                        0x00000000   Number         0  main.o ABSOLUTE
    _printf_a                                0x00000000   Number         0  stubs.o ABSOLUTE
    _printf_c                                0x00000000   Number         0  stubs.o ABSOLUTE
    _printf_charcount                        0x00000000   Number         0  stubs.o ABSOLUTE
    _printf_d                                0x00000000   Number         0  stubs.o ABSOLUTE
    _printf_e                                0x00000000   Number         0  stubs.o ABSOLUTE
    _printf_f                                0x00000000   Number         0  stubs.o ABSOLUTE
    _printf_flags                            0x00000000   Number         0  stubs.o ABSOLUTE
    _printf_fp_dec                           0x00000000   Number         0  stubs.o ABSOLUTE
    _printf_fp_hex                           0x00000000   Number         0  stubs.o ABSOLUTE
    _printf_g                                0x00000000   Number         0  stubs.o ABSOLUTE
    _printf_i                                0x00000000   Number         0  stubs.o ABSOLUTE
    _printf_int_dec                          0x00000000   Number         0  stubs.o ABSOLUTE
    _printf_l                                0x00000000   Number         0  stubs.o ABSOLUTE
    _printf_lc                               0x00000000   Number         0  stubs.o ABSOLUTE
    _printf_ll                               0x00000000   Number         0  stubs.o ABSOLUTE
    _printf_lld                              0x00000000   Number         0  stubs.o ABSOLUTE
    _printf_lli                              0x00000000   Number         0  stubs.o ABSOLUTE
    _printf_llo                              0x00000000   Number         0  stubs.o ABSOLUTE
    _printf_llu                              0x00000000   Number         0  stubs.o ABSOLUTE
    _printf_llx                              0x00000000   Number         0  stubs.o ABSOLUTE
    _printf_longlong_dec                     0x00000000   Number         0  stubs.o ABSOLUTE
    _printf_longlong_hex                     0x00000000   Number         0  stubs.o ABSOLUTE
    _printf_longlong_oct                     0x00000000   Number         0  stubs.o ABSOLUTE
    _printf_ls                               0x00000000   Number         0  stubs.o ABSOLUTE
    _printf_mbtowc                           0x00000000   Number         0  stubs.o ABSOLUTE
    _printf_n                                0x00000000   Number         0  stubs.o ABSOLUTE
    _printf_o                                0x00000000   Number         0  stubs.o ABSOLUTE
    _printf_p                                0x00000000   Number         0  stubs.o ABSOLUTE
    _printf_percent                          0x00000000   Number         0  stubs.o ABSOLUTE
    _printf_pre_padding                      0x00000000   Number         0  stubs.o ABSOLUTE
    _printf_return_value                     0x00000000   Number         0  stubs.o ABSOLUTE
    _printf_s                                0x00000000   Number         0  stubs.o ABSOLUTE
    _printf_sizespec                         0x00000000   Number         0  stubs.o ABSOLUTE
    _printf_str                              0x00000000   Number         0  stubs.o ABSOLUTE
    _printf_truncate_signed                  0x00000000   Number         0  stubs.o ABSOLUTE
    _printf_truncate_unsigned                0x00000000   Number         0  stubs.o ABSOLUTE
    _printf_u                                0x00000000   Number         0  stubs.o ABSOLUTE
    _printf_wc                               0x00000000   Number         0  stubs.o ABSOLUTE
    _printf_wctomb                           0x00000000   Number         0  stubs.o ABSOLUTE
    _printf_widthprec                        0x00000000   Number         0  stubs.o ABSOLUTE
    _printf_x                                0x00000000   Number         0  stubs.o ABSOLUTE
    __cpp_initialize__aeabi_                  - Undefined Weak Reference
    __cxa_finalize                            - Undefined Weak Reference
    _clock_init                               - Undefined Weak Reference
    _microlib_exit                            - Undefined Weak Reference
    __Vectors_Size                           0x00000130   Number         0  startup_stm32f10x_hd.o ABSOLUTE
    __Vectors                                0x08000000   Data           4  startup_stm32f10x_hd.o(RESET)
    __Vectors_End                            0x08000130   Data           0  startup_stm32f10x_hd.o(RESET)
    __main                                   0x08000131   Thumb Code     0  entry.o(.ARM.Collect$$$$00000000)
    _main_stk                                0x08000131   Thumb Code     0  entry2.o(.ARM.Collect$$$$00000001)
    _main_scatterload                        0x08000135   Thumb Code     0  entry5.o(.ARM.Collect$$$$00000004)
    __main_after_scatterload                 0x08000139   Thumb Code     0  entry5.o(.ARM.Collect$$$$00000004)
    _main_clock                              0x08000139   Thumb Code     0  entry7b.o(.ARM.Collect$$$$00000008)
    _main_cpp_init                           0x08000139   Thumb Code     0  entry8b.o(.ARM.Collect$$$$0000000A)
    _main_init                               0x08000139   Thumb Code     0  entry9a.o(.ARM.Collect$$$$0000000B)
    __rt_final_cpp                           0x08000141   Thumb Code     0  entry10a.o(.ARM.Collect$$$$0000000D)
    __rt_final_exit                          0x08000141   Thumb Code     0  entry11a.o(.ARM.Collect$$$$0000000F)
    Isr_Init                                 0x08000145   Thumb Code    68  main.o(.text)
    main                                     0x08000189   Thumb Code   826  main.o(.text)
    NMI_Handler                              0x08000551   Thumb Code     2  stm32f10x_it.o(.text)
    HardFault_Handler                        0x08000553   Thumb Code     4  stm32f10x_it.o(.text)
    MemManage_Handler                        0x08000557   Thumb Code     4  stm32f10x_it.o(.text)
    BusFault_Handler                         0x0800055b   Thumb Code     4  stm32f10x_it.o(.text)
    UsageFault_Handler                       0x0800055f   Thumb Code     4  stm32f10x_it.o(.text)
    SVC_Handler                              0x08000563   Thumb Code     2  stm32f10x_it.o(.text)
    DebugMon_Handler                         0x08000565   Thumb Code     2  stm32f10x_it.o(.text)
    PendSV_Handler                           0x08000567   Thumb Code     2  stm32f10x_it.o(.text)
    SysTick_Handler                          0x08000569   Thumb Code     2  stm32f10x_it.o(.text)
    SystemInit                               0x0800064b   Thumb Code    78  system_stm32f10x.o(.text)
    SystemCoreClockUpdate                    0x08000699   Thumb Code   142  system_stm32f10x.o(.text)
    DS18B20_Init                             0x08000821   Thumb Code    24  bsp_ds18b20.o(.text)
    DS18B20_GetTemp_SkipRom                  0x0800090b   Thumb Code   112  bsp_ds18b20.o(.text)
    DS18B20_ReadId                           0x0800097b   Thumb Code    30  bsp_ds18b20.o(.text)
    DS18B20_GetTemp_MatchRom                 0x08000999   Thumb Code   150  bsp_ds18b20.o(.text)
    Key_GPIO_Config                          0x08000a39   Thumb Code    72  bsp_key.o(.text)
    Key_Scan                                 0x08000a81   Thumb Code    54  bsp_key.o(.text)
    Key_Scan_High                            0x08000ab7   Thumb Code    58  bsp_key.o(.text)
    OLED2_I2C_Init                           0x08000af9   Thumb Code    76  oled2.o(.text)
    OLED2_I2C_Start                          0x08000b45   Thumb Code    48  oled2.o(.text)
    OLED2_I2C_Stop                           0x08000b75   Thumb Code    36  oled2.o(.text)
    OLED2_I2C_SendByte                       0x08000b99   Thumb Code    80  oled2.o(.text)
    OLED2_WriteCommand                       0x08000be9   Thumb Code    32  oled2.o(.text)
    OLED2_WriteData                          0x08000c09   Thumb Code    32  oled2.o(.text)
    OLED2_SetCursor                          0x08000c29   Thumb Code    34  oled2.o(.text)
    OLED2_Clear                              0x08000c4b   Thumb Code    42  oled2.o(.text)
    OLED2_ShowChar                           0x08000c75   Thumb Code   110  oled2.o(.text)
    OLED2_ShowString                         0x08000ce3   Thumb Code    40  oled2.o(.text)
    OLED2_Pow                                0x08000d0b   Thumb Code    20  oled2.o(.text)
    OLED2_ShowNum                            0x08000d1f   Thumb Code    68  oled2.o(.text)
    OLED2_ShowSignedNum                      0x08000d63   Thumb Code   102  oled2.o(.text)
    OLED2_ShowHexNum                         0x08000dc9   Thumb Code    84  oled2.o(.text)
    OLED2_ShowBinNum                         0x08000e1d   Thumb Code    62  oled2.o(.text)
    OLED2_Init                               0x08000e5b   Thumb Code   182  oled2.o(.text)
    AIR780_WaitResponse                      0x08000f11   Thumb Code    52  bsp_air780.o(.text)
    AIR780_SendCmd                           0x08000f45   Thumb Code    12  bsp_air780.o(.text)
    AIR780_MQTT_Connect                      0x08000f51   Thumb Code   278  bsp_air780.o(.text)
    AIR780_Init                              0x08001067   Thumb Code  1326  bsp_air780.o(.text)
    AIR780_SendData                          0x08001595   Thumb Code    28  bsp_air780.o(.text)
    AIR780_MQTT_Publish                      0x080015b1   Thumb Code    96  bsp_air780.o(.text)
    Menu_Init                                0x08001719   Thumb Code    26  bsp_menu.o(.text)
    Menu_KeyHandle                           0x08001733   Thumb Code   526  bsp_menu.o(.text)
    Menu_Display                             0x08001941   Thumb Code   906  bsp_menu.o(.text)
    Menu_Process                             0x08001ccb   Thumb Code    12  bsp_menu.o(.text)
    DHT22_Init                               0x08001d4f   Thumb Code    24  bsp_dht22.o(.text)
    DHT22_Read_Data                          0x08001d67   Thumb Code   458  bsp_dht22.o(.text)
    RELAY_OFF                                0x08001f41   Thumb Code    12  bsp_relay.o(.text)
    RELAY_Init                               0x08001f4d   Thumb Code    42  bsp_relay.o(.text)
    RELAY_ON                                 0x08001f77   Thumb Code    12  bsp_relay.o(.text)
    RELAY_GetState                           0x08001f83   Thumb Code    12  bsp_relay.o(.text)
    HUMID_Init                               0x08001f95   Thumb Code    44  bsp_humid.o(.text)
    FAN_OFF                                  0x08001fc5   Thumb Code    12  bsp_fan.o(.text)
    FAN_Init                                 0x08001fd1   Thumb Code    42  bsp_fan.o(.text)
    FAN_ON                                   0x08001ffb   Thumb Code    12  bsp_fan.o(.text)
    FAN_GetState                             0x08002007   Thumb Code    12  bsp_fan.o(.text)
    GENERAL_TIM_Init                         0x080020a7   Thumb Code    12  bsp_generaltim.o(.text)
    PID_Init                                 0x080020c1   Thumb Code    32  pid.o(.text)
    PID_Calculate                            0x080020e1   Thumb Code   206  pid.o(.text)
    Timer4_init                              0x080021d1   Thumb Code    68  timer.o(.text)
    TIM4_IRQHandler                          0x08002215   Thumb Code    64  timer.o(.text)
    USART1_Config                            0x08002265   Thumb Code   160  bsp_usart.o(.text)
    USART2_Config                            0x08002305   Thumb Code   158  bsp_usart.o(.text)
    USART1_SendByte                          0x080023a3   Thumb Code    28  bsp_usart.o(.text)
    USART2_SendByte                          0x080023bf   Thumb Code    28  bsp_usart.o(.text)
    USART1_SendString                        0x080023db   Thumb Code    22  bsp_usart.o(.text)
    USART2_SendString                        0x080023f1   Thumb Code    22  bsp_usart.o(.text)
    fputc                                    0x08002407   Thumb Code    16  bsp_usart.o(.text)
    USART1_IRQHandler                        0x08002417   Thumb Code    50  bsp_usart.o(.text)
    USART2_IRQHandler                        0x08002449   Thumb Code    50  bsp_usart.o(.text)
    USART2_CLR_Buf                           0x0800247b   Thumb Code    20  bsp_usart.o(.text)
    USART_Config                             0x0800248f   Thumb Code   120  bsp_usart.o(.text)
    USART2_Init                              0x08002507   Thumb Code   160  bsp_usart.o(.text)
    delay_init                               0x080025c5   Thumb Code    50  delay.o(.text)
    delay_us                                 0x080025f7   Thumb Code    72  delay.o(.text)
    delay_ms                                 0x0800263f   Thumb Code    72  delay.o(.text)
    CPU_TS_TmrInit                           0x08002699   Thumb Code    30  core_delay.o(.text)
    CPU_TS_TmrRd                             0x080026b7   Thumb Code     6  core_delay.o(.text)
    CPU_TS_Tmr_Delay_US                      0x080026bd   Thumb Code    76  core_delay.o(.text)
    Reset_Handler                            0x08002719   Thumb Code     8  startup_stm32f10x_hd.o(.text)
    ADC1_2_IRQHandler                        0x08002733   Thumb Code     0  startup_stm32f10x_hd.o(.text)
    ADC3_IRQHandler                          0x08002733   Thumb Code     0  startup_stm32f10x_hd.o(.text)
    CAN1_RX1_IRQHandler                      0x08002733   Thumb Code     0  startup_stm32f10x_hd.o(.text)
    CAN1_SCE_IRQHandler                      0x08002733   Thumb Code     0  startup_stm32f10x_hd.o(.text)
    DMA1_Channel1_IRQHandler                 0x08002733   Thumb Code     0  startup_stm32f10x_hd.o(.text)
    DMA1_Channel2_IRQHandler                 0x08002733   Thumb Code     0  startup_stm32f10x_hd.o(.text)
    DMA1_Channel3_IRQHandler                 0x08002733   Thumb Code     0  startup_stm32f10x_hd.o(.text)
    DMA1_Channel4_IRQHandler                 0x08002733   Thumb Code     0  startup_stm32f10x_hd.o(.text)
    DMA1_Channel5_IRQHandler                 0x08002733   Thumb Code     0  startup_stm32f10x_hd.o(.text)
    DMA1_Channel6_IRQHandler                 0x08002733   Thumb Code     0  startup_stm32f10x_hd.o(.text)
    DMA1_Channel7_IRQHandler                 0x08002733   Thumb Code     0  startup_stm32f10x_hd.o(.text)
    DMA2_Channel1_IRQHandler                 0x08002733   Thumb Code     0  startup_stm32f10x_hd.o(.text)
    DMA2_Channel2_IRQHandler                 0x08002733   Thumb Code     0  startup_stm32f10x_hd.o(.text)
    DMA2_Channel3_IRQHandler                 0x08002733   Thumb Code     0  startup_stm32f10x_hd.o(.text)
    DMA2_Channel4_5_IRQHandler               0x08002733   Thumb Code     0  startup_stm32f10x_hd.o(.text)
    EXTI0_IRQHandler                         0x08002733   Thumb Code     0  startup_stm32f10x_hd.o(.text)
    EXTI15_10_IRQHandler                     0x08002733   Thumb Code     0  startup_stm32f10x_hd.o(.text)
    EXTI1_IRQHandler                         0x08002733   Thumb Code     0  startup_stm32f10x_hd.o(.text)
    EXTI2_IRQHandler                         0x08002733   Thumb Code     0  startup_stm32f10x_hd.o(.text)
    EXTI3_IRQHandler                         0x08002733   Thumb Code     0  startup_stm32f10x_hd.o(.text)
    EXTI4_IRQHandler                         0x08002733   Thumb Code     0  startup_stm32f10x_hd.o(.text)
    EXTI9_5_IRQHandler                       0x08002733   Thumb Code     0  startup_stm32f10x_hd.o(.text)
    FLASH_IRQHandler                         0x08002733   Thumb Code     0  startup_stm32f10x_hd.o(.text)
    FSMC_IRQHandler                          0x08002733   Thumb Code     0  startup_stm32f10x_hd.o(.text)
    I2C1_ER_IRQHandler                       0x08002733   Thumb Code     0  startup_stm32f10x_hd.o(.text)
    I2C1_EV_IRQHandler                       0x08002733   Thumb Code     0  startup_stm32f10x_hd.o(.text)
    I2C2_ER_IRQHandler                       0x08002733   Thumb Code     0  startup_stm32f10x_hd.o(.text)
    I2C2_EV_IRQHandler                       0x08002733   Thumb Code     0  startup_stm32f10x_hd.o(.text)
    PVD_IRQHandler                           0x08002733   Thumb Code     0  startup_stm32f10x_hd.o(.text)
    RCC_IRQHandler                           0x08002733   Thumb Code     0  startup_stm32f10x_hd.o(.text)
    RTCAlarm_IRQHandler                      0x08002733   Thumb Code     0  startup_stm32f10x_hd.o(.text)
    RTC_IRQHandler                           0x08002733   Thumb Code     0  startup_stm32f10x_hd.o(.text)
    SDIO_IRQHandler                          0x08002733   Thumb Code     0  startup_stm32f10x_hd.o(.text)
    SPI1_IRQHandler                          0x08002733   Thumb Code     0  startup_stm32f10x_hd.o(.text)
    SPI2_IRQHandler                          0x08002733   Thumb Code     0  startup_stm32f10x_hd.o(.text)
    SPI3_IRQHandler                          0x08002733   Thumb Code     0  startup_stm32f10x_hd.o(.text)
    TAMPER_IRQHandler                        0x08002733   Thumb Code     0  startup_stm32f10x_hd.o(.text)
    TIM1_BRK_IRQHandler                      0x08002733   Thumb Code     0  startup_stm32f10x_hd.o(.text)
    TIM1_CC_IRQHandler                       0x08002733   Thumb Code     0  startup_stm32f10x_hd.o(.text)
    TIM1_TRG_COM_IRQHandler                  0x08002733   Thumb Code     0  startup_stm32f10x_hd.o(.text)
    TIM1_UP_IRQHandler                       0x08002733   Thumb Code     0  startup_stm32f10x_hd.o(.text)
    TIM2_IRQHandler                          0x08002733   Thumb Code     0  startup_stm32f10x_hd.o(.text)
    TIM3_IRQHandler                          0x08002733   Thumb Code     0  startup_stm32f10x_hd.o(.text)
    TIM5_IRQHandler                          0x08002733   Thumb Code     0  startup_stm32f10x_hd.o(.text)
    TIM6_IRQHandler                          0x08002733   Thumb Code     0  startup_stm32f10x_hd.o(.text)
    TIM7_IRQHandler                          0x08002733   Thumb Code     0  startup_stm32f10x_hd.o(.text)
    TIM8_BRK_IRQHandler                      0x08002733   Thumb Code     0  startup_stm32f10x_hd.o(.text)
    TIM8_CC_IRQHandler                       0x08002733   Thumb Code     0  startup_stm32f10x_hd.o(.text)
    TIM8_TRG_COM_IRQHandler                  0x08002733   Thumb Code     0  startup_stm32f10x_hd.o(.text)
    TIM8_UP_IRQHandler                       0x08002733   Thumb Code     0  startup_stm32f10x_hd.o(.text)
    UART4_IRQHandler                         0x08002733   Thumb Code     0  startup_stm32f10x_hd.o(.text)
    UART5_IRQHandler                         0x08002733   Thumb Code     0  startup_stm32f10x_hd.o(.text)
    USART3_IRQHandler                        0x08002733   Thumb Code     0  startup_stm32f10x_hd.o(.text)
    USBWakeUp_IRQHandler                     0x08002733   Thumb Code     0  startup_stm32f10x_hd.o(.text)
    USB_HP_CAN1_TX_IRQHandler                0x08002733   Thumb Code     0  startup_stm32f10x_hd.o(.text)
    USB_LP_CAN1_RX0_IRQHandler               0x08002733   Thumb Code     0  startup_stm32f10x_hd.o(.text)
    WWDG_IRQHandler                          0x08002733   Thumb Code     0  startup_stm32f10x_hd.o(.text)
    NVIC_PriorityGroupConfig                 0x0800273d   Thumb Code    10  misc.o(.text)
    NVIC_Init                                0x08002747   Thumb Code   100  misc.o(.text)
    NVIC_SetVectorTable                      0x080027ab   Thumb Code    14  misc.o(.text)
    NVIC_SystemLPConfig                      0x080027b9   Thumb Code    34  misc.o(.text)
    SysTick_CLKSourceConfig                  0x080027db   Thumb Code    40  misc.o(.text)
    GPIO_DeInit                              0x08002819   Thumb Code   172  stm32f10x_gpio.o(.text)
    GPIO_AFIODeInit                          0x080028c5   Thumb Code    20  stm32f10x_gpio.o(.text)
    GPIO_Init                                0x080028d9   Thumb Code   278  stm32f10x_gpio.o(.text)
    GPIO_StructInit                          0x080029ef   Thumb Code    16  stm32f10x_gpio.o(.text)
    GPIO_ReadInputDataBit                    0x080029ff   Thumb Code    18  stm32f10x_gpio.o(.text)
    GPIO_ReadInputData                       0x08002a11   Thumb Code     8  stm32f10x_gpio.o(.text)
    GPIO_ReadOutputDataBit                   0x08002a19   Thumb Code    18  stm32f10x_gpio.o(.text)
    GPIO_ReadOutputData                      0x08002a2b   Thumb Code     8  stm32f10x_gpio.o(.text)
    GPIO_SetBits                             0x08002a33   Thumb Code     4  stm32f10x_gpio.o(.text)
    GPIO_ResetBits                           0x08002a37   Thumb Code     4  stm32f10x_gpio.o(.text)
    GPIO_WriteBit                            0x08002a3b   Thumb Code    10  stm32f10x_gpio.o(.text)
    GPIO_Write                               0x08002a45   Thumb Code     4  stm32f10x_gpio.o(.text)
    GPIO_PinLockConfig                       0x08002a49   Thumb Code    18  stm32f10x_gpio.o(.text)
    GPIO_EventOutputConfig                   0x08002a5b   Thumb Code    26  stm32f10x_gpio.o(.text)
    GPIO_EventOutputCmd                      0x08002a75   Thumb Code     6  stm32f10x_gpio.o(.text)
    GPIO_PinRemapConfig                      0x08002a7b   Thumb Code   138  stm32f10x_gpio.o(.text)
    GPIO_EXTILineConfig                      0x08002b05   Thumb Code    66  stm32f10x_gpio.o(.text)
    GPIO_ETH_MediaInterfaceConfig            0x08002b47   Thumb Code     8  stm32f10x_gpio.o(.text)
    RCC_DeInit                               0x08002b75   Thumb Code    64  stm32f10x_rcc.o(.text)
    RCC_HSEConfig                            0x08002bb5   Thumb Code    70  stm32f10x_rcc.o(.text)
    RCC_GetFlagStatus                        0x08002bfb   Thumb Code    56  stm32f10x_rcc.o(.text)
    RCC_WaitForHSEStartUp                    0x08002c33   Thumb Code    56  stm32f10x_rcc.o(.text)
    RCC_AdjustHSICalibrationValue            0x08002c6b   Thumb Code    20  stm32f10x_rcc.o(.text)
    RCC_HSICmd                               0x08002c7f   Thumb Code     6  stm32f10x_rcc.o(.text)
    RCC_PLLConfig                            0x08002c85   Thumb Code    24  stm32f10x_rcc.o(.text)
    RCC_PLLCmd                               0x08002c9d   Thumb Code     6  stm32f10x_rcc.o(.text)
    RCC_SYSCLKConfig                         0x08002ca3   Thumb Code    18  stm32f10x_rcc.o(.text)
    RCC_GetSYSCLKSource                      0x08002cb5   Thumb Code    10  stm32f10x_rcc.o(.text)
    RCC_HCLKConfig                           0x08002cbf   Thumb Code    18  stm32f10x_rcc.o(.text)
    RCC_PCLK1Config                          0x08002cd1   Thumb Code    18  stm32f10x_rcc.o(.text)
    RCC_PCLK2Config                          0x08002ce3   Thumb Code    20  stm32f10x_rcc.o(.text)
    RCC_ITConfig                             0x08002cf7   Thumb Code    26  stm32f10x_rcc.o(.text)
    RCC_USBCLKConfig                         0x08002d11   Thumb Code     8  stm32f10x_rcc.o(.text)
    RCC_ADCCLKConfig                         0x08002d19   Thumb Code    18  stm32f10x_rcc.o(.text)
    RCC_LSEConfig                            0x08002d2b   Thumb Code    50  stm32f10x_rcc.o(.text)
    RCC_LSICmd                               0x08002d5d   Thumb Code     6  stm32f10x_rcc.o(.text)
    RCC_RTCCLKConfig                         0x08002d63   Thumb Code    12  stm32f10x_rcc.o(.text)
    RCC_RTCCLKCmd                            0x08002d6f   Thumb Code     8  stm32f10x_rcc.o(.text)
    RCC_GetClocksFreq                        0x08002d77   Thumb Code   192  stm32f10x_rcc.o(.text)
    RCC_AHBPeriphClockCmd                    0x08002e37   Thumb Code    26  stm32f10x_rcc.o(.text)
    RCC_APB2PeriphClockCmd                   0x08002e51   Thumb Code    26  stm32f10x_rcc.o(.text)
    RCC_APB1PeriphClockCmd                   0x08002e6b   Thumb Code    26  stm32f10x_rcc.o(.text)
    RCC_APB2PeriphResetCmd                   0x08002e85   Thumb Code    26  stm32f10x_rcc.o(.text)
    RCC_APB1PeriphResetCmd                   0x08002e9f   Thumb Code    26  stm32f10x_rcc.o(.text)
    RCC_BackupResetCmd                       0x08002eb9   Thumb Code     8  stm32f10x_rcc.o(.text)
    RCC_ClockSecuritySystemCmd               0x08002ec1   Thumb Code     6  stm32f10x_rcc.o(.text)
    RCC_MCOConfig                            0x08002ec7   Thumb Code     6  stm32f10x_rcc.o(.text)
    RCC_ClearFlag                            0x08002ecd   Thumb Code    14  stm32f10x_rcc.o(.text)
    RCC_GetITStatus                          0x08002edb   Thumb Code    20  stm32f10x_rcc.o(.text)
    RCC_ClearITPendingBit                    0x08002eef   Thumb Code     6  stm32f10x_rcc.o(.text)
    USART_DeInit                             0x08002f19   Thumb Code   134  stm32f10x_usart.o(.text)
    USART_Init                               0x08002f9f   Thumb Code   210  stm32f10x_usart.o(.text)
    USART_StructInit                         0x08003071   Thumb Code    24  stm32f10x_usart.o(.text)
    USART_ClockInit                          0x08003089   Thumb Code    34  stm32f10x_usart.o(.text)
    USART_ClockStructInit                    0x080030ab   Thumb Code    12  stm32f10x_usart.o(.text)
    USART_Cmd                                0x080030b7   Thumb Code    24  stm32f10x_usart.o(.text)
    USART_ITConfig                           0x080030cf   Thumb Code    74  stm32f10x_usart.o(.text)
    USART_DMACmd                             0x08003119   Thumb Code    18  stm32f10x_usart.o(.text)
    USART_SetAddress                         0x0800312b   Thumb Code    18  stm32f10x_usart.o(.text)
    USART_WakeUpConfig                       0x0800313d   Thumb Code    18  stm32f10x_usart.o(.text)
    USART_ReceiverWakeUpCmd                  0x0800314f   Thumb Code    24  stm32f10x_usart.o(.text)
    USART_LINBreakDetectLengthConfig         0x08003167   Thumb Code    18  stm32f10x_usart.o(.text)
    USART_LINCmd                             0x08003179   Thumb Code    24  stm32f10x_usart.o(.text)
    USART_SendData                           0x08003191   Thumb Code     8  stm32f10x_usart.o(.text)
    USART_ReceiveData                        0x08003199   Thumb Code    10  stm32f10x_usart.o(.text)
    USART_SendBreak                          0x080031a3   Thumb Code    10  stm32f10x_usart.o(.text)
    USART_SetGuardTime                       0x080031ad   Thumb Code    16  stm32f10x_usart.o(.text)
    USART_SetPrescaler                       0x080031bd   Thumb Code    16  stm32f10x_usart.o(.text)
    USART_SmartCardCmd                       0x080031cd   Thumb Code    24  stm32f10x_usart.o(.text)
    USART_SmartCardNACKCmd                   0x080031e5   Thumb Code    24  stm32f10x_usart.o(.text)
    USART_HalfDuplexCmd                      0x080031fd   Thumb Code    24  stm32f10x_usart.o(.text)
    USART_OverSampling8Cmd                   0x08003215   Thumb Code    22  stm32f10x_usart.o(.text)
    USART_OneBitMethodCmd                    0x0800322b   Thumb Code    24  stm32f10x_usart.o(.text)
    USART_IrDAConfig                         0x08003243   Thumb Code    18  stm32f10x_usart.o(.text)
    USART_IrDACmd                            0x08003255   Thumb Code    24  stm32f10x_usart.o(.text)
    USART_GetFlagStatus                      0x0800326d   Thumb Code    26  stm32f10x_usart.o(.text)
    USART_ClearFlag                          0x08003287   Thumb Code    18  stm32f10x_usart.o(.text)
    USART_GetITStatus                        0x08003299   Thumb Code    84  stm32f10x_usart.o(.text)
    USART_ClearITPendingBit                  0x080032ed   Thumb Code    52  stm32f10x_usart.o(.text)
    TIM_DeInit                               0x08003321   Thumb Code   424  stm32f10x_tim.o(.text)
    TIM_TimeBaseInit                         0x080034c9   Thumb Code   122  stm32f10x_tim.o(.text)
    TIM_OC1Init                              0x08003543   Thumb Code   132  stm32f10x_tim.o(.text)
    TIM_OC2Init                              0x080035c7   Thumb Code   154  stm32f10x_tim.o(.text)
    TIM_OC3Init                              0x08003661   Thumb Code   150  stm32f10x_tim.o(.text)
    TIM_OC4Init                              0x080036f7   Thumb Code   182  stm32f10x_tim.o(.text)
    TIM_SetIC4Prescaler                      0x080037ad   Thumb Code    26  stm32f10x_tim.o(.text)
    TIM_SetIC3Prescaler                      0x08003849   Thumb Code    18  stm32f10x_tim.o(.text)
    TIM_SetIC2Prescaler                      0x080038d5   Thumb Code    26  stm32f10x_tim.o(.text)
    TIM_SetIC1Prescaler                      0x08003971   Thumb Code    18  stm32f10x_tim.o(.text)
    TIM_ICInit                               0x080039ef   Thumb Code   150  stm32f10x_tim.o(.text)
    TIM_PWMIConfig                           0x08003a85   Thumb Code   124  stm32f10x_tim.o(.text)
    TIM_BDTRConfig                           0x08003b01   Thumb Code    32  stm32f10x_tim.o(.text)
    TIM_TimeBaseStructInit                   0x08003b21   Thumb Code    18  stm32f10x_tim.o(.text)
    TIM_OCStructInit                         0x08003b33   Thumb Code    20  stm32f10x_tim.o(.text)
    TIM_ICStructInit                         0x08003b47   Thumb Code    18  stm32f10x_tim.o(.text)
    TIM_BDTRStructInit                       0x08003b59   Thumb Code    40  stm32f10x_tim.o(.text)
    TIM_Cmd                                  0x08003b81   Thumb Code    24  stm32f10x_tim.o(.text)
    TIM_CtrlPWMOutputs                       0x08003b99   Thumb Code    30  stm32f10x_tim.o(.text)
    TIM_ITConfig                             0x08003bb7   Thumb Code    18  stm32f10x_tim.o(.text)
    TIM_GenerateEvent                        0x08003bc9   Thumb Code     4  stm32f10x_tim.o(.text)
    TIM_DMAConfig                            0x08003bcd   Thumb Code    10  stm32f10x_tim.o(.text)
    TIM_DMACmd                               0x08003bd7   Thumb Code    18  stm32f10x_tim.o(.text)
    TIM_InternalClockConfig                  0x08003be9   Thumb Code    12  stm32f10x_tim.o(.text)
    TIM_SelectInputTrigger                   0x08003bf5   Thumb Code    18  stm32f10x_tim.o(.text)
    TIM_ITRxExternalClockConfig              0x08003c07   Thumb Code    24  stm32f10x_tim.o(.text)
    TIM_TIxExternalClockConfig               0x08003c1f   Thumb Code    62  stm32f10x_tim.o(.text)
    TIM_ETRConfig                            0x08003c5d   Thumb Code    28  stm32f10x_tim.o(.text)
    TIM_ETRClockMode1Config                  0x08003c79   Thumb Code    54  stm32f10x_tim.o(.text)
    TIM_ETRClockMode2Config                  0x08003caf   Thumb Code    32  stm32f10x_tim.o(.text)
    TIM_PrescalerConfig                      0x08003ccf   Thumb Code     6  stm32f10x_tim.o(.text)
    TIM_CounterModeConfig                    0x08003cd5   Thumb Code    18  stm32f10x_tim.o(.text)
    TIM_EncoderInterfaceConfig               0x08003ce7   Thumb Code    66  stm32f10x_tim.o(.text)
    TIM_ForcedOC1Config                      0x08003d29   Thumb Code    18  stm32f10x_tim.o(.text)
    TIM_ForcedOC2Config                      0x08003d3b   Thumb Code    26  stm32f10x_tim.o(.text)
    TIM_ForcedOC3Config                      0x08003d55   Thumb Code    18  stm32f10x_tim.o(.text)
    TIM_ForcedOC4Config                      0x08003d67   Thumb Code    26  stm32f10x_tim.o(.text)
    TIM_ARRPreloadConfig                     0x08003d81   Thumb Code    24  stm32f10x_tim.o(.text)
    TIM_SelectCOM                            0x08003d99   Thumb Code    24  stm32f10x_tim.o(.text)
    TIM_SelectCCDMA                          0x08003db1   Thumb Code    24  stm32f10x_tim.o(.text)
    TIM_CCPreloadControl                     0x08003dc9   Thumb Code    24  stm32f10x_tim.o(.text)
    TIM_OC1PreloadConfig                     0x08003de1   Thumb Code    18  stm32f10x_tim.o(.text)
    TIM_OC2PreloadConfig                     0x08003df3   Thumb Code    26  stm32f10x_tim.o(.text)
    TIM_OC3PreloadConfig                     0x08003e0d   Thumb Code    18  stm32f10x_tim.o(.text)
    TIM_OC4PreloadConfig                     0x08003e1f   Thumb Code    26  stm32f10x_tim.o(.text)
    TIM_OC1FastConfig                        0x08003e39   Thumb Code    18  stm32f10x_tim.o(.text)
    TIM_OC2FastConfig                        0x08003e4b   Thumb Code    26  stm32f10x_tim.o(.text)
    TIM_OC3FastConfig                        0x08003e65   Thumb Code    18  stm32f10x_tim.o(.text)
    TIM_OC4FastConfig                        0x08003e77   Thumb Code    26  stm32f10x_tim.o(.text)
    TIM_ClearOC1Ref                          0x08003e91   Thumb Code    18  stm32f10x_tim.o(.text)
    TIM_ClearOC2Ref                          0x08003ea3   Thumb Code    24  stm32f10x_tim.o(.text)
    TIM_ClearOC3Ref                          0x08003ebb   Thumb Code    18  stm32f10x_tim.o(.text)
    TIM_ClearOC4Ref                          0x08003ecd   Thumb Code    24  stm32f10x_tim.o(.text)
    TIM_OC1PolarityConfig                    0x08003ee5   Thumb Code    18  stm32f10x_tim.o(.text)
    TIM_OC1NPolarityConfig                   0x08003ef7   Thumb Code    18  stm32f10x_tim.o(.text)
    TIM_OC2PolarityConfig                    0x08003f09   Thumb Code    26  stm32f10x_tim.o(.text)
    TIM_OC2NPolarityConfig                   0x08003f23   Thumb Code    26  stm32f10x_tim.o(.text)
    TIM_OC3PolarityConfig                    0x08003f3d   Thumb Code    26  stm32f10x_tim.o(.text)
    TIM_OC3NPolarityConfig                   0x08003f57   Thumb Code    26  stm32f10x_tim.o(.text)
    TIM_OC4PolarityConfig                    0x08003f71   Thumb Code    26  stm32f10x_tim.o(.text)
    TIM_CCxCmd                               0x08003f8b   Thumb Code    30  stm32f10x_tim.o(.text)
    TIM_CCxNCmd                              0x08003fa9   Thumb Code    30  stm32f10x_tim.o(.text)
    TIM_SelectOCxM                           0x08003fc7   Thumb Code    82  stm32f10x_tim.o(.text)
    TIM_UpdateDisableConfig                  0x08004019   Thumb Code    24  stm32f10x_tim.o(.text)
    TIM_UpdateRequestConfig                  0x08004031   Thumb Code    24  stm32f10x_tim.o(.text)
    TIM_SelectHallSensor                     0x08004049   Thumb Code    24  stm32f10x_tim.o(.text)
    TIM_SelectOnePulseMode                   0x08004061   Thumb Code    18  stm32f10x_tim.o(.text)
    TIM_SelectOutputTrigger                  0x08004073   Thumb Code    18  stm32f10x_tim.o(.text)
    TIM_SelectSlaveMode                      0x08004085   Thumb Code    18  stm32f10x_tim.o(.text)
    TIM_SelectMasterSlaveMode                0x08004097   Thumb Code    18  stm32f10x_tim.o(.text)
    TIM_SetCounter                           0x080040a9   Thumb Code     4  stm32f10x_tim.o(.text)
    TIM_SetAutoreload                        0x080040ad   Thumb Code     4  stm32f10x_tim.o(.text)
    TIM_SetCompare1                          0x080040b1   Thumb Code     4  stm32f10x_tim.o(.text)
    TIM_SetCompare2                          0x080040b5   Thumb Code     4  stm32f10x_tim.o(.text)
    TIM_SetCompare3                          0x080040b9   Thumb Code     4  stm32f10x_tim.o(.text)
    TIM_SetCompare4                          0x080040bd   Thumb Code     6  stm32f10x_tim.o(.text)
    TIM_SetClockDivision                     0x080040c3   Thumb Code    18  stm32f10x_tim.o(.text)
    TIM_GetCapture1                          0x080040d5   Thumb Code     6  stm32f10x_tim.o(.text)
    TIM_GetCapture2                          0x080040db   Thumb Code     6  stm32f10x_tim.o(.text)
    TIM_GetCapture3                          0x080040e1   Thumb Code     6  stm32f10x_tim.o(.text)
    TIM_GetCapture4                          0x080040e7   Thumb Code     8  stm32f10x_tim.o(.text)
    TIM_GetCounter                           0x080040ef   Thumb Code     6  stm32f10x_tim.o(.text)
    TIM_GetPrescaler                         0x080040f5   Thumb Code     6  stm32f10x_tim.o(.text)
    TIM_GetFlagStatus                        0x080040fb   Thumb Code    18  stm32f10x_tim.o(.text)
    TIM_ClearFlag                            0x0800410d   Thumb Code     6  stm32f10x_tim.o(.text)
    TIM_GetITStatus                          0x08004113   Thumb Code    34  stm32f10x_tim.o(.text)
    TIM_ClearITPendingBit                    0x08004135   Thumb Code     6  stm32f10x_tim.o(.text)
    __aeabi_memset                           0x0800413b   Thumb Code    14  memseta.o(.text)
    __aeabi_memset4                          0x0800413b   Thumb Code     0  memseta.o(.text)
    __aeabi_memset8                          0x0800413b   Thumb Code     0  memseta.o(.text)
    __aeabi_memclr                           0x08004149   Thumb Code     4  memseta.o(.text)
    __aeabi_memclr4                          0x08004149   Thumb Code     0  memseta.o(.text)
    __aeabi_memclr8                          0x08004149   Thumb Code     0  memseta.o(.text)
    _memset$wrapper                          0x0800414d   Thumb Code    18  memseta.o(.text)
    strstr                                   0x0800415f   Thumb Code    36  strstr.o(.text)
    __aeabi_fadd                             0x08004183   Thumb Code   164  fadd.o(.text)
    __aeabi_fsub                             0x08004227   Thumb Code     6  fadd.o(.text)
    __aeabi_frsub                            0x0800422d   Thumb Code     6  fadd.o(.text)
    __aeabi_fmul                             0x08004233   Thumb Code   100  fmul.o(.text)
    __aeabi_dmul                             0x08004297   Thumb Code   228  dmul.o(.text)
    __aeabi_ddiv                             0x0800437b   Thumb Code   222  ddiv.o(.text)
    __aeabi_i2f                              0x08004459   Thumb Code    18  fflti.o(.text)
    __aeabi_i2d                              0x0800446b   Thumb Code    34  dflti.o(.text)
    __aeabi_f2iz                             0x0800448d   Thumb Code    50  ffixi.o(.text)
    __aeabi_f2uiz                            0x080044bf   Thumb Code    40  ffixui.o(.text)
    __aeabi_f2d                              0x080044e7   Thumb Code    38  f2d.o(.text)
    __aeabi_d2f                              0x0800450d   Thumb Code    56  d2f.o(.text)
    __aeabi_cfcmpeq                          0x08004545   Thumb Code     0  cfcmple.o(.text)
    __aeabi_cfcmple                          0x08004545   Thumb Code    20  cfcmple.o(.text)
    __aeabi_cfrcmple                         0x08004559   Thumb Code    20  cfrcmple.o(.text)
    __aeabi_uidiv                            0x0800456d   Thumb Code     0  uidiv.o(.text)
    __aeabi_uidivmod                         0x0800456d   Thumb Code    44  uidiv.o(.text)
    __aeabi_uldivmod                         0x08004599   Thumb Code    98  uldiv.o(.text)
    __I$use$fp                               0x080045fb   Thumb Code     0  iusefp.o(.text)
    _float_round                             0x080045fb   Thumb Code    18  fepilogue.o(.text)
    _float_epilogue                          0x0800460d   Thumb Code    92  fepilogue.o(.text)
    _double_round                            0x08004669   Thumb Code    30  depilogue.o(.text)
    _double_epilogue                         0x08004687   Thumb Code   156  depilogue.o(.text)
    __aeabi_dadd                             0x08004723   Thumb Code   322  dadd.o(.text)
    __aeabi_dsub                             0x08004865   Thumb Code     6  dadd.o(.text)
    __aeabi_drsub                            0x0800486b   Thumb Code     6  dadd.o(.text)
    __aeabi_d2ulz                            0x08004871   Thumb Code    48  dfixul.o(.text)
    __aeabi_cdrcmple                         0x080048a1   Thumb Code    48  cdrcmple.o(.text)
    __scatterload                            0x080048d1   Thumb Code    28  init.o(.text)
    __scatterload_rt2                        0x080048d1   Thumb Code     0  init.o(.text)
    __aeabi_llsl                             0x080048f5   Thumb Code    30  llshl.o(.text)
    _ll_shift_l                              0x080048f5   Thumb Code     0  llshl.o(.text)
    __aeabi_llsr                             0x08004913   Thumb Code    32  llushr.o(.text)
    _ll_ushift_r                             0x08004913   Thumb Code     0  llushr.o(.text)
    __aeabi_lasr                             0x08004933   Thumb Code    36  llsshr.o(.text)
    _ll_sshift_r                             0x08004933   Thumb Code     0  llsshr.o(.text)
    __decompress                             0x08004957   Thumb Code     0  __dclz77c.o(.text)
    __decompress2                            0x08004957   Thumb Code    94  __dclz77c.o(.text)
    __0printf                                0x080049b5   Thumb Code    22  printfa.o(i.__0printf)
    __1printf                                0x080049b5   Thumb Code     0  printfa.o(i.__0printf)
    __2printf                                0x080049b5   Thumb Code     0  printfa.o(i.__0printf)
    __c89printf                              0x080049b5   Thumb Code     0  printfa.o(i.__0printf)
    printf                                   0x080049b5   Thumb Code     0  printfa.o(i.__0printf)
    __0sprintf                               0x080049d5   Thumb Code    34  printfa.o(i.__0sprintf)
    __1sprintf                               0x080049d5   Thumb Code     0  printfa.o(i.__0sprintf)
    __2sprintf                               0x080049d5   Thumb Code     0  printfa.o(i.__0sprintf)
    __c89sprintf                             0x080049d5   Thumb Code     0  printfa.o(i.__0sprintf)
    sprintf                                  0x080049d5   Thumb Code     0  printfa.o(i.__0sprintf)
    __scatterload_copy                       0x080049fd   Thumb Code    14  handlers.o(i.__scatterload_copy)
    __scatterload_null                       0x08004a0b   Thumb Code     2  handlers.o(i.__scatterload_null)
    __scatterload_zeroinit                   0x08004a0d   Thumb Code    14  handlers.o(i.__scatterload_zeroinit)
    OLED_F8x16                               0x080052d8   Data        1520  oled2.o(.constdata)
    Region$$Table$$Base                      0x080059b8   Number         0  anon$$obj.o(Region$$Table)
    Region$$Table$$Limit                     0x080059d8   Number         0  anon$$obj.o(Region$$Table)
    BMP1                                     0x20000000   Data        1024  main.o(.data)
    BMP2                                     0x20000400   Data        1024  main.o(.data)
    Kms10                                    0x20000800   Data           2  main.o(.data)
    Kms500                                   0x20000802   Data           2  main.o(.data)
    humidity                                 0x20000804   Data           4  main.o(.data)
    unused_temp                              0x2000080c   Data           4  main.o(.data)
    SystemCoreClock                          0x20000810   Data           4  system_stm32f10x.o(.data)
    AHBPrescTable                            0x20000814   Data          16  system_stm32f10x.o(.data)
    temperature                              0x20000824   Data           4  bsp_ds18b20.o(.data)
    currentMenu                              0x20000828   Data           1  bsp_menu.o(.data)
    needRefreshMenu                          0x20000829   Data           1  bsp_menu.o(.data)
    sysStatus                                0x2000082c   Data          12  bsp_menu.o(.data)
    CCR1_Val                                 0x20000838   Data           2  bsp_generaltim.o(.data)
    USART1_RX_STA                            0x2000083c   Data           2  bsp_usart.o(.data)
    USART2_RX_STA                            0x2000083e   Data           2  bsp_usart.o(.data)
    __stdout                                 0x20000858   Data           4  stdout.o(.data)
    PID                                      0x2000085c   Data          76  pid.o(.bss)
    USART1_RX_BUF                            0x200008a8   Data         400  bsp_usart.o(.bss)
    USART2_RX_BUF                            0x20000a38   Data         400  bsp_usart.o(.bss)
    __initial_sp                             0x20000fc8   Data           0  startup_stm32f10x_hd.o(STACK)



==============================================================================

Memory Map of the image

  Image Entry point : 0x08000131

  Load Region LR_IROM1 (Base: 0x08000000, Size: 0x00006234, Max: 0x00080000, ABSOLUTE, COMPRESSED[0x00005be8])

    Execution Region ER_IROM1 (Exec base: 0x08000000, Load base: 0x08000000, Size: 0x000059d8, Max: 0x00080000, ABSOLUTE)

    Exec Addr    Load Addr    Size         Type   Attr      Idx    E Section Name        Object

    0x08000000   0x08000000   0x00000130   Data   RO          516    RESET               startup_stm32f10x_hd.o
    0x08000130   0x08000130   0x00000000   Code   RO          799  * .ARM.Collect$$$$00000000  mc_w.l(entry.o)
    0x08000130   0x08000130   0x00000004   Code   RO         1093    .ARM.Collect$$$$00000001  mc_w.l(entry2.o)
    0x08000134   0x08000134   0x00000004   Code   RO         1096    .ARM.Collect$$$$00000004  mc_w.l(entry5.o)
    0x08000138   0x08000138   0x00000000   Code   RO         1098    .ARM.Collect$$$$00000008  mc_w.l(entry7b.o)
    0x08000138   0x08000138   0x00000000   Code   RO         1100    .ARM.Collect$$$$0000000A  mc_w.l(entry8b.o)
    0x08000138   0x08000138   0x00000008   Code   RO         1101    .ARM.Collect$$$$0000000B  mc_w.l(entry9a.o)
    0x08000140   0x08000140   0x00000000   Code   RO         1103    .ARM.Collect$$$$0000000D  mc_w.l(entry10a.o)
    0x08000140   0x08000140   0x00000000   Code   RO         1105    .ARM.Collect$$$$0000000F  mc_w.l(entry11a.o)
    0x08000140   0x08000140   0x00000004   Code   RO         1094    .ARM.Collect$$$$00002712  mc_w.l(entry2.o)
    0x08000144   0x08000144   0x0000040c   Code   RO            1    .text               main.o
    0x08000550   0x08000550   0x0000001a   Code   RO          175    .text               stm32f10x_it.o
    0x0800056a   0x0800056a   0x00000002   PAD
    0x0800056c   0x0800056c   0x000001e0   Code   RO          216    .text               system_stm32f10x.o
    0x0800074c   0x0800074c   0x000002ec   Code   RO          266    .text               bsp_ds18b20.o
    0x08000a38   0x08000a38   0x000000c0   Code   RO          285    .text               bsp_key.o
    0x08000af8   0x08000af8   0x00000418   Code   RO          300    .text               oled2.o
    0x08000f10   0x08000f10   0x00000808   Code   RO          318    .text               bsp_air780.o
    0x08001718   0x08001718   0x00000600   Code   RO          342    .text               bsp_menu.o
    0x08001d18   0x08001d18   0x00000228   Code   RO          362    .text               bsp_dht22.o
    0x08001f40   0x08001f40   0x00000054   Code   RO          374    .text               bsp_relay.o
    0x08001f94   0x08001f94   0x00000030   Code   RO          386    .text               bsp_humid.o
    0x08001fc4   0x08001fc4   0x00000054   Code   RO          398    .text               bsp_fan.o
    0x08002018   0x08002018   0x000000a8   Code   RO          410    .text               bsp_generaltim.o
    0x080020c0   0x080020c0   0x00000110   Code   RO          425    .text               pid.o
    0x080021d0   0x080021d0   0x00000094   Code   RO          444    .text               timer.o
    0x08002264   0x08002264   0x00000360   Code   RO          458    .text               bsp_usart.o
    0x080025c4   0x080025c4   0x000000d4   Code   RO          477    .text               delay.o
    0x08002698   0x08002698   0x00000080   Code   RO          491    .text               core_delay.o
    0x08002718   0x08002718   0x00000024   Code   RO          517    .text               startup_stm32f10x_hd.o
    0x0800273c   0x0800273c   0x000000dc   Code   RO          521    .text               misc.o
    0x08002818   0x08002818   0x0000035c   Code   RO          533    .text               stm32f10x_gpio.o
    0x08002b74   0x08002b74   0x000003a4   Code   RO          545    .text               stm32f10x_rcc.o
    0x08002f18   0x08002f18   0x00000408   Code   RO          559    .text               stm32f10x_usart.o
    0x08003320   0x08003320   0x00000e1a   Code   RO          775    .text               stm32f10x_tim.o
    0x0800413a   0x0800413a   0x00000024   Code   RO          802    .text               mc_w.l(memseta.o)
    0x0800415e   0x0800415e   0x00000024   Code   RO          804    .text               mc_w.l(strstr.o)
    0x08004182   0x08004182   0x000000b0   Code   RO         1067    .text               mf_w.l(fadd.o)
    0x08004232   0x08004232   0x00000064   Code   RO         1069    .text               mf_w.l(fmul.o)
    0x08004296   0x08004296   0x000000e4   Code   RO         1073    .text               mf_w.l(dmul.o)
    0x0800437a   0x0800437a   0x000000de   Code   RO         1075    .text               mf_w.l(ddiv.o)
    0x08004458   0x08004458   0x00000012   Code   RO         1077    .text               mf_w.l(fflti.o)
    0x0800446a   0x0800446a   0x00000022   Code   RO         1079    .text               mf_w.l(dflti.o)
    0x0800448c   0x0800448c   0x00000032   Code   RO         1081    .text               mf_w.l(ffixi.o)
    0x080044be   0x080044be   0x00000028   Code   RO         1083    .text               mf_w.l(ffixui.o)
    0x080044e6   0x080044e6   0x00000026   Code   RO         1085    .text               mf_w.l(f2d.o)
    0x0800450c   0x0800450c   0x00000038   Code   RO         1087    .text               mf_w.l(d2f.o)
    0x08004544   0x08004544   0x00000014   Code   RO         1089    .text               mf_w.l(cfcmple.o)
    0x08004558   0x08004558   0x00000014   Code   RO         1091    .text               mf_w.l(cfrcmple.o)
    0x0800456c   0x0800456c   0x0000002c   Code   RO         1108    .text               mc_w.l(uidiv.o)
    0x08004598   0x08004598   0x00000062   Code   RO         1110    .text               mc_w.l(uldiv.o)
    0x080045fa   0x080045fa   0x00000000   Code   RO         1112    .text               mc_w.l(iusefp.o)
    0x080045fa   0x080045fa   0x0000006e   Code   RO         1113    .text               mf_w.l(fepilogue.o)
    0x08004668   0x08004668   0x000000ba   Code   RO         1115    .text               mf_w.l(depilogue.o)
    0x08004722   0x08004722   0x0000014e   Code   RO         1117    .text               mf_w.l(dadd.o)
    0x08004870   0x08004870   0x00000030   Code   RO         1119    .text               mf_w.l(dfixul.o)
    0x080048a0   0x080048a0   0x00000030   Code   RO         1121    .text               mf_w.l(cdrcmple.o)
    0x080048d0   0x080048d0   0x00000024   Code   RO         1123    .text               mc_w.l(init.o)
    0x080048f4   0x080048f4   0x0000001e   Code   RO         1125    .text               mc_w.l(llshl.o)
    0x08004912   0x08004912   0x00000020   Code   RO         1127    .text               mc_w.l(llushr.o)
    0x08004932   0x08004932   0x00000024   Code   RO         1129    .text               mc_w.l(llsshr.o)
    0x08004956   0x08004956   0x0000005e   Code   RO         1139    .text               mc_w.l(__dclz77c.o)
    0x080049b4   0x080049b4   0x00000020   Code   RO         1039    i.__0printf         mc_w.l(printfa.o)
    0x080049d4   0x080049d4   0x00000028   Code   RO         1041    i.__0sprintf        mc_w.l(printfa.o)
    0x080049fc   0x080049fc   0x0000000e   Code   RO         1133    i.__scatterload_copy  mc_w.l(handlers.o)
    0x08004a0a   0x08004a0a   0x00000002   Code   RO         1134    i.__scatterload_null  mc_w.l(handlers.o)
    0x08004a0c   0x08004a0c   0x0000000e   Code   RO         1135    i.__scatterload_zeroinit  mc_w.l(handlers.o)
    0x08004a1a   0x08004a1a   0x00000002   PAD
    0x08004a1c   0x08004a1c   0x00000184   Code   RO         1046    i._fp_digits        mc_w.l(printfa.o)
    0x08004ba0   0x08004ba0   0x000006dc   Code   RO         1047    i._printf_core      mc_w.l(printfa.o)
    0x0800527c   0x0800527c   0x00000024   Code   RO         1048    i._printf_post_padding  mc_w.l(printfa.o)
    0x080052a0   0x080052a0   0x0000002e   Code   RO         1049    i._printf_pre_padding  mc_w.l(printfa.o)
    0x080052ce   0x080052ce   0x0000000a   Code   RO         1051    i._sputc            mc_w.l(printfa.o)
    0x080052d8   0x080052d8   0x000005f0   Data   RO          301    .constdata          oled2.o
    0x080058c8   0x080058c8   0x000000ed   Data   RO          319    .conststring        bsp_air780.o
    0x080059b5   0x080059b5   0x00000003   PAD
    0x080059b8   0x080059b8   0x00000020   Data   RO         1131    Region$$Table       anon$$obj.o


    Execution Region RW_IRAM1 (Exec base: 0x20000000, Load base: 0x080059d8, Size: 0x00000fc8, Max: 0x00010000, ABSOLUTE, COMPRESSED[0x00000210])

    Exec Addr    Load Addr    Size         Type   Attr      Idx    E Section Name        Object

    0x20000000   COMPRESSED   0x00000810   Data   RW            2    .data               main.o
    0x20000810   COMPRESSED   0x00000014   Data   RW          217    .data               system_stm32f10x.o
    0x20000824   COMPRESSED   0x00000004   Data   RW          267    .data               bsp_ds18b20.o
    0x20000828   COMPRESSED   0x00000010   Data   RW          343    .data               bsp_menu.o
    0x20000838   COMPRESSED   0x00000002   Data   RW          411    .data               bsp_generaltim.o
    0x2000083a   COMPRESSED   0x00000001   Data   RW          445    .data               timer.o
    0x2000083b   COMPRESSED   0x00000001   PAD
    0x2000083c   COMPRESSED   0x00000004   Data   RW          460    .data               bsp_usart.o
    0x20000840   COMPRESSED   0x00000004   Data   RW          478    .data               delay.o
    0x20000844   COMPRESSED   0x00000014   Data   RW          546    .data               stm32f10x_rcc.o
    0x20000858   COMPRESSED   0x00000004   Data   RW         1107    .data               mc_w.l(stdout.o)
    0x2000085c        -       0x0000004c   Zero   RW          426    .bss                pid.o
    0x200008a8        -       0x00000320   Zero   RW          459    .bss                bsp_usart.o
    0x20000bc8        -       0x00000400   Zero   RW          514    STACK               startup_stm32f10x_hd.o


==============================================================================

Image component sizes


      Code (inc. data)   RO Data    RW Data    ZI Data      Debug   Object Name

      2056       1314        237          0          0       3873   bsp_air780.o
       552         16          0          0          0       1481   bsp_dht22.o
       748         10          0          4          0       3885   bsp_ds18b20.o
        84          6          0          0          0        811   bsp_fan.o
       168         14          0          2          0       1090   bsp_generaltim.o
        48          4          0          0          0        469   bsp_humid.o
       192          8          0          0          0       1333   bsp_key.o
      1536        224          0         16          0       2571   bsp_menu.o
        84          6          0          0          0        835   bsp_relay.o
       864         30          0          4        800       3674   bsp_usart.o
         0          0          0          0          0         32   core_cm3.o
       128         16          0          0          0        910   core_delay.o
       212         18          0          4          0        971   delay.o
      1036        142          0       2064          0     254258   main.o
       220         22          0          0          0       1733   misc.o
      1048          8       1520          0          0       4964   oled2.o
       272         34          0          0         76       1375   pid.o
        36          8        304          0       1024        760   startup_stm32f10x_hd.o
       860         38          0          0          0       5665   stm32f10x_gpio.o
        26          0          0          0          0       1158   stm32f10x_it.o
       932         36          0         20          0       8812   stm32f10x_rcc.o
      3610         88          0          0          0      22776   stm32f10x_tim.o
      1032         22          0          0          0       8392   stm32f10x_usart.o
       480         38          0         20          0       1635   system_stm32f10x.o
       148         16          0          1          0        646   timer.o

    ----------------------------------------------------------------------
     16374       2118       2096       2136       1900     334109   Object Totals
         0          0         32          0          0          0   (incl. Generated)
         2          0          3          1          0          0   (incl. Padding)

    ----------------------------------------------------------------------

      Code (inc. data)   RO Data    RW Data    ZI Data      Debug   Library Member Name

        94          0          0          0          0          0   __dclz77c.o
         0          0          0          0          0          0   entry.o
         0          0          0          0          0          0   entry10a.o
         0          0          0          0          0          0   entry11a.o
         8          4          0          0          0          0   entry2.o
         4          0          0          0          0          0   entry5.o
         0          0          0          0          0          0   entry7b.o
         0          0          0          0          0          0   entry8b.o
         8          4          0          0          0          0   entry9a.o
        30          0          0          0          0          0   handlers.o
        36          8          0          0          0         68   init.o
         0          0          0          0          0          0   iusefp.o
        30          0          0          0          0         68   llshl.o
        36          0          0          0          0         68   llsshr.o
        32          0          0          0          0         68   llushr.o
        36          0          0          0          0        108   memseta.o
      2308         96          0          0          0        604   printfa.o
         0          0          0          4          0          0   stdout.o
        36          0          0          0          0         80   strstr.o
        44          0          0          0          0         80   uidiv.o
        98          0          0          0          0         92   uldiv.o
        48          0          0          0          0         68   cdrcmple.o
        20          0          0          0          0         68   cfcmple.o
        20          0          0          0          0         68   cfrcmple.o
        56          0          0          0          0         88   d2f.o
       334          0          0          0          0        148   dadd.o
       222          0          0          0          0        100   ddiv.o
       186          0          0          0          0        176   depilogue.o
        48          0          0          0          0         68   dfixul.o
        34          0          0          0          0         76   dflti.o
       228          0          0          0          0         96   dmul.o
        38          0          0          0          0         68   f2d.o
       176          0          0          0          0        140   fadd.o
       110          0          0          0          0        168   fepilogue.o
        50          0          0          0          0         68   ffixi.o
        40          0          0          0          0         68   ffixui.o
        18          0          0          0          0         68   fflti.o
       100          0          0          0          0         76   fmul.o

    ----------------------------------------------------------------------
      4530        112          0          4          0       2848   Library Totals
         2          0          0          0          0          0   (incl. Padding)

    ----------------------------------------------------------------------

      Code (inc. data)   RO Data    RW Data    ZI Data      Debug   Library Name

      2800        112          0          4          0       1236   mc_w.l
      1728          0          0          0          0       1612   mf_w.l

    ----------------------------------------------------------------------
      4530        112          0          4          0       2848   Library Totals

    ----------------------------------------------------------------------

==============================================================================


      Code (inc. data)   RO Data    RW Data    ZI Data      Debug   

     20904       2230       2096       2140       1900     333965   Grand Totals
     20904       2230       2096        528       1900     333965   ELF Image Totals (compressed)
     20904       2230       2096        528          0          0   ROM Totals

==============================================================================

    Total RO  Size (Code + RO Data)                23000 (  22.46kB)
    Total RW  Size (RW Data + ZI Data)              4040 (   3.95kB)
    Total ROM Size (Code + RO Data + RW Data)      23528 (  22.98kB)

==============================================================================

