Component: ARM Compiler 5.06 update 6 (build 750) Tool: armlink [4d35ed]

==============================================================================

Section Cross References

    main.o(.text) refers to misc.o(.text) for NVIC_PriorityGroupConfig
    main.o(.text) refers to delay.o(.text) for delay_init
    main.o(.text) refers to oled.o(.text) for OLED_Init
    main.o(.text) refers to bsp_key.o(.text) for Key_GPIO_Config
    main.o(.text) refers to bsp_usart.o(.text) for USART_Config
    main.o(.text) refers to timer.o(.text) for Timer4_init
    main.o(.text) refers to bsp_ds18b20.o(.text) for DS18B20_Init
    main.o(.text) refers to pid.o(.text) for PID_Init
    main.o(.text) refers to oled2.o(.text) for OLED2_Init
    main.o(.text) refers to bsp_menu.o(.text) for Menu_Init
    main.o(.text) refers to ffixui.o(.text) for __aeabi_f2uiz
    main.o(.text) refers to fadd.o(.text) for __aeabi_fsub
    main.o(.text) refers to bsp_generaltim.o(.text) for GENERAL_TIM_Init
    main.o(.text) refers to f2d.o(.text) for __aeabi_f2d
    main.o(.text) refers to printfa.o(i.__0printf) for __2printf
    main.o(.text) refers to bsp_ds18b20.o(.data) for temperature
    main.o(.text) refers to bsp_menu.o(.data) for sysStatus
    main.o(.text) refers to pid.o(.bss) for PID
    main.o(.text) refers to bsp_generaltim.o(.data) for CCR1_Val
    system_stm32f10x.o(.text) refers to system_stm32f10x.o(.data) for SystemCoreClock
    oled.o(.text) refers to stm32f10x_gpio.o(.text) for GPIO_SetBits
    oled.o(.text) refers to oled.o(.bss) for OLED_GRAM
    oled.o(.text) refers to oled.o(.constdata) for asc2_1206
    oled.o(.text) refers to cfrcmple.o(.text) for __aeabi_cfrcmple
    oled.o(.text) refers to ffixi.o(.text) for __aeabi_f2iz
    oled.o(.text) refers to fflti.o(.text) for __aeabi_i2f
    oled.o(.text) refers to fadd.o(.text) for __aeabi_frsub
    oled.o(.text) refers to fmul.o(.text) for __aeabi_fmul
    oled.o(.text) refers to fdiv.o(.text) for __aeabi_fdiv
    oled.o(.text) refers to stm32f10x_rcc.o(.text) for RCC_APB2PeriphClockCmd
    oled.o(.text) refers to delay.o(.text) for delay_ms
    oled.o(.text) refers to oled.o(.data) for Hzk1
    led.o(.text) refers to stm32f10x_rcc.o(.text) for RCC_APB2PeriphClockCmd
    led.o(.text) refers to stm32f10x_gpio.o(.text) for GPIO_Init
    bsp_ds18b20.o(.text) refers to stm32f10x_gpio.o(.text) for GPIO_Init
    bsp_ds18b20.o(.text) refers to core_delay.o(.text) for CPU_TS_Tmr_Delay_US
    bsp_ds18b20.o(.text) refers to stm32f10x_rcc.o(.text) for RCC_APB2PeriphClockCmd
    bsp_ds18b20.o(.text) refers to dflti.o(.text) for __aeabi_i2d
    bsp_ds18b20.o(.text) refers to dmul.o(.text) for __aeabi_dmul
    bsp_ds18b20.o(.text) refers to d2f.o(.text) for __aeabi_d2f
    bsp_key.o(.text) refers to stm32f10x_rcc.o(.text) for RCC_APB2PeriphClockCmd
    bsp_key.o(.text) refers to stm32f10x_gpio.o(.text) for GPIO_Init
    bsp_key.o(.text) refers to delay.o(.text) for delay_ms
    oled2.o(.text) refers to stm32f10x_rcc.o(.text) for RCC_APB2PeriphClockCmd
    oled2.o(.text) refers to stm32f10x_gpio.o(.text) for GPIO_Init
    oled2.o(.text) refers to oled2.o(.constdata) for OLED_F8x16
    bsp_air780.o(.text) refers to bsp_usart.o(.text) for USART2_CLR_Buf
    bsp_air780.o(.text) refers to strstr.o(.text) for strstr
    bsp_air780.o(.text) refers to printfa.o(i.__0printf) for __2printf
    bsp_air780.o(.text) refers to delay.o(.text) for delay_ms
    bsp_air780.o(.text) refers to printfa.o(i.__0sprintf) for __2sprintf
    bsp_air780.o(.text) refers to bsp_usart.o(.bss) for USART2_RX_BUF
    bsp_air780.o(.text) refers to bsp_air780.o(.conststring) for .conststring
    bsp_air780.o(.text) refers to f2d.o(.text) for __aeabi_f2d
    bsp_menu.o(.text) refers to bsp_key.o(.text) for Key_Scan
    bsp_menu.o(.text) refers to oled.o(.text) for OLED_Clear
    bsp_menu.o(.text) refers to oled2.o(.text) for OLED2_Clear
    bsp_menu.o(.text) refers to bsp_menu.o(.data) for currentMenu
    bsp_generaltim.o(.text) refers to stm32f10x_rcc.o(.text) for RCC_APB2PeriphClockCmd
    bsp_generaltim.o(.text) refers to stm32f10x_gpio.o(.text) for GPIO_Init
    bsp_generaltim.o(.text) refers to stm32f10x_tim.o(.text) for TIM_TimeBaseInit
    bsp_generaltim.o(.text) refers to bsp_generaltim.o(.data) for CCR1_Val
    pid.o(.text) refers to bsp_ds18b20.o(.text) for DS18B20_GetTemp_SkipRom
    pid.o(.text) refers to fadd.o(.text) for __aeabi_fsub
    pid.o(.text) refers to fmul.o(.text) for __aeabi_fmul
    pid.o(.text) refers to cfrcmple.o(.text) for __aeabi_cfrcmple
    pid.o(.text) refers to cfcmple.o(.text) for __aeabi_cfcmple
    pid.o(.text) refers to pid.o(.bss) for PID
    timer.o(.text) refers to stm32f10x_rcc.o(.text) for RCC_APB1PeriphClockCmd
    timer.o(.text) refers to stm32f10x_tim.o(.text) for TIM_DeInit
    timer.o(.text) refers to timer.o(.data) for st
    timer.o(.text) refers to main.o(.data) for Kms10
    bsp_usart.o(.text) refers to stm32f10x_rcc.o(.text) for RCC_APB2PeriphClockCmd
[...]
    printf5.o(i.__0printf$5) refers to stdout.o(.data) for __stdout
    printf5.o(i.__0snprintf$5) refers to printf5.o(i._printf_core) for _printf_core
    printf5.o(i.__0snprintf$5) refers to printf5.o(i._snputc) for _snputc
    printf5.o(i.__0sprintf$5) refers to printf5.o(i._printf_core) for _printf_core
    printf5.o(i.__0sprintf$5) refers to printf5.o(i._sputc) for _sputc
    printf5.o(i.__0vfprintf$5) refers to printf5.o(i._printf_core) for _printf_core
    printf5.o(i.__0vfprintf$5) refers to bsp_usart.o(.text) for fputc
    printf5.o(i.__0vprintf$5) refers to printf5.o(i._printf_core) for _printf_core
    printf5.o(i.__0vprintf$5) refers to bsp_usart.o(.text) for fputc
    printf5.o(i.__0vprintf$5) refers to stdout.o(.data) for __stdout
    printf5.o(i.__0vsnprintf$5) refers to printf5.o(i._printf_core) for _printf_core
    printf5.o(i.__0vsnprintf$5) refers to printf5.o(i._snputc) for _snputc
    printf5.o(i.__0vsprintf$5) refers to printf5.o(i._printf_core) for _printf_core
    printf5.o(i.__0vsprintf$5) refers to printf5.o(i._sputc) for _sputc
    printf5.o(i._printf_core) refers to uldiv.o(.text) for __aeabi_uldivmod
    printf6.o(i.__0fprintf$6) refers to printf6.o(i._printf_core) for _printf_core
    printf6.o(i.__0fprintf$6) refers to bsp_usart.o(.text) for fputc
    printf6.o(i.__0printf$6) refers to printf6.o(i._printf_core) for _printf_core
    printf6.o(i.__0printf$6) refers to bsp_usart.o(.text) for fputc
    printf6.o(i.__0printf$6) refers to stdout.o(.data) for __stdout
    printf6.o(i.__0snprintf$6) refers to printf6.o(i._printf_core) for _printf_core
    printf6.o(i.__0snprintf$6) refers to printf6.o(i._snputc) for _snputc
    printf6.o(i.__0sprintf$6) refers to printf6.o(i._printf_core) for _printf_core
    printf6.o(i.__0sprintf$6) refers to printf6.o(i._sputc) for _sputc
    printf6.o(i.__0vfprintf$6) refers to printf6.o(i._printf_core) for _printf_core
    printf6.o(i.__0vfprintf$6) refers to bsp_usart.o(.text) for fputc
    printf6.o(i.__0vprintf$6) refers to printf6.o(i._printf_core) for _printf_core
    printf6.o(i.__0vprintf$6) refers to bsp_usart.o(.text) for fputc
    printf6.o(i.__0vprintf$6) refers to stdout.o(.data) for __stdout
    printf6.o(i.__0vsnprintf$6) refers to printf6.o(i._printf_core) for _printf_core
    printf6.o(i.__0vsnprintf$6) refers to printf6.o(i._snputc) for _snputc
    printf6.o(i.__0vsprintf$6) refers to printf6.o(i._printf_core) for _printf_core
    printf6.o(i.__0vsprintf$6) refers to printf6.o(i._sputc) for _sputc
    printf6.o(i._printf_core) refers to printf6.o(i._printf_pre_padding) for _printf_pre_padding
    printf6.o(i._printf_core) refers to uidiv.o(.text) for __aeabi_uidivmod
    printf6.o(i._printf_core) refers to printf6.o(i._printf_post_padding) for _printf_post_padding
    printf7.o(i.__0fprintf$7) refers to printf7.o(i._printf_core) for _printf_core
    printf7.o(i.__0fprintf$7) refers to bsp_usart.o(.text) for fputc
    printf7.o(i.__0printf$7) refers to printf7.o(i._printf_core) for _printf_core
    printf7.o(i.__0printf$7) refers to bsp_usart.o(.text) for fputc
    printf7.o(i.__0printf$7) refers to stdout.o(.data) for __stdout
    printf7.o(i.__0snprintf$7) refers to printf7.o(i._printf_core) for _printf_core
    printf7.o(i.__0snprintf$7) refers to printf7.o(i._snputc) for _snputc
    printf7.o(i.__0sprintf$7) refers to printf7.o(i._printf_core) for _printf_core
    printf7.o(i.__0sprintf$7) refers to printf7.o(i._sputc) for _sputc
    printf7.o(i.__0vfprintf$7) refers to printf7.o(i._printf_core) for _printf_core
    printf7.o(i.__0vfprintf$7) refers to bsp_usart.o(.text) for fputc
    printf7.o(i.__0vprintf$7) refers to printf7.o(i._printf_core) for _printf_core
    printf7.o(i.__0vprintf$7) refers to bsp_usart.o(.text) for fputc
    printf7.o(i.__0vprintf$7) refers to stdout.o(.data) for __stdout
    printf7.o(i.__0vsnprintf$7) refers to printf7.o(i._printf_core) for _printf_core
    printf7.o(i.__0vsnprintf$7) refers to printf7.o(i._snputc) for _snputc
    printf7.o(i.__0vsprintf$7) refers to printf7.o(i._printf_core) for _printf_core
    printf7.o(i.__0vsprintf$7) refers to printf7.o(i._sputc) for _sputc
    printf7.o(i._printf_core) refers to printf7.o(i._printf_pre_padding) for _printf_pre_padding
    printf7.o(i._printf_core) refers to uldiv.o(.text) for __aeabi_uldivmod
    printf7.o(i._printf_core) refers to printf7.o(i._printf_post_padding) for _printf_post_padding
    printf8.o(i.__0fprintf$8) refers to printf8.o(i._printf_core) for _printf_core
    printf8.o(i.__0fprintf$8) refers to bsp_usart.o(.text) for fputc
    printf8.o(i.__0printf$8) refers to printf8.o(i._printf_core) for _printf_core
    printf8.o(i.__0printf$8) refers to bsp_usart.o(.text) for fputc
    printf8.o(i.__0printf$8) refers to stdout.o(.data) for __stdout
    printf8.o(i.__0snprintf$8) refers to printf8.o(i._printf_core) for _printf_core
    printf8.o(i.__0snprintf$8) refers to printf8.o(i._snputc) for _snputc
    printf8.o(i.__0sprintf$8) refers to printf8.o(i._printf_core) for _printf_core
    printf8.o(i.__0sprintf$8) refers to printf8.o(i._sputc) for _sputc
    printf8.o(i.__0vfprintf$8) refers to printf8.o(i._printf_core) for _printf_core
    printf8.o(i.__0vfprintf$8) refers to bsp_usart.o(.text) for fputc
    printf8.o(i.__0vprintf$8) refers to printf8.o(i._printf_core) for _printf_core
    printf8.o(i.__0vprintf$8) refers to bsp_usart.o(.text) for fputc
    printf8.o(i.__0vprintf$8) refers to stdout.o(.data) for __stdout
    printf8.o(i.__0vsnprintf$8) refers to printf8.o(i._printf_core) for _printf_core
    printf8.o(i.__0vsnprintf$8) refers to printf8.o(i._snputc) for _snputc
    printf8.o(i.__0vsprintf$8) refers to printf8.o(i._printf_core) for _printf_core
    printf8.o(i.__0vsprintf$8) refers to printf8.o(i._sputc) for _sputc
    printf8.o(i._printf_core) refers to printf8.o(i._printf_pre_padding) for _printf_pre_padding
    printf8.o(i._printf_core) refers to uldiv.o(.text) for __aeabi_uldivmod
    printf8.o(i._printf_core) refers to printf8.o(i._printf_post_padding) for _printf_post_padding
    printfa.o(i.__0fprintf) refers (Special) to iusefp.o(.text) for __I$use$fp
    printfa.o(i.__0fprintf) refers to printfa.o(i._printf_core) for _printf_core
    printfa.o(i.__0fprintf) refers to bsp_usart.o(.text) for fputc
    printfa.o(i.__0printf) refers (Special) to iusefp.o(.text) for __I$use$fp
    printfa.o(i.__0printf) refers to printfa.o(i._printf_core) for _printf_core
    printfa.o(i.__0printf) refers to bsp_usart.o(.text) for fputc
    printfa.o(i.__0printf) refers to stdout.o(.data) for __stdout
    printfa.o(i.__0snprintf) refers (Special) to iusefp.o(.text) for __I$use$fp
    printfa.o(i.__0snprintf) refers to printfa.o(i._printf_core) for _printf_core
    printfa.o(i.__0snprintf) refers to printfa.o(i._snputc) for _snputc
    printfa.o(i.__0sprintf) refers (Special) to iusefp.o(.text) for __I$use$fp
    printfa.o(i.__0sprintf) refers to printfa.o(i._printf_core) for _printf_core
    printfa.o(i.__0sprintf) refers to printfa.o(i._sputc) for _sputc
    printfa.o(i.__0vfprintf) refers (Special) to iusefp.o(.text) for __I$use$fp
    printfa.o(i.__0vfprintf) refers to printfa.o(i._printf_core) for _printf_core
    printfa.o(i.__0vfprintf) refers to bsp_usart.o(.text) for fputc
    printfa.o(i.__0vprintf) refers (Special) to iusefp.o(.text) for __I$use$fp
    printfa.o(i.__0vprintf) refers to printfa.o(i._printf_core) for _printf_core
    printfa.o(i.__0vprintf) refers to bsp_usart.o(.text) for fputc
    printfa.o(i.__0vprintf) refers to stdout.o(.data) for __stdout
    printfa.o(i.__0vsnprintf) refers (Special) to iusefp.o(.text) for __I$use$fp
    printfa.o(i.__0vsnprintf) refers to printfa.o(i._printf_core) for _printf_core
    printfa.o(i.__0vsnprintf) refers to printfa.o(i._snputc) for _snputc
    printfa.o(i.__0vsprintf) refers (Special) to iusefp.o(.text) for __I$use$fp
    printfa.o(i.__0vsprintf) refers to printfa.o(i._printf_core) for _printf_core
    printfa.o(i.__0vsprintf) refers to printfa.o(i._sputc) for _sputc
    printfa.o(i._fp_digits) refers (Special) to iusefp.o(.text) for __I$use$fp
    printfa.o(i._fp_digits) refers to dmul.o(.text) for __aeabi_dmul
    printfa.o(i._fp_digits) refers to ddiv.o(.text) for __aeabi_ddiv
    printfa.o(i._fp_digits) refers to cdrcmple.o(.text) for __aeabi_cdrcmple
    printfa.o(i._fp_digits) refers to dadd.o(.text) for __aeabi_dadd
    printfa.o(i._fp_digits) refers to dfixul.o(.text) for __aeabi_d2ulz
    printfa.o(i._fp_digits) refers to uldiv.o(.text) for __aeabi_uldivmod
    printfa.o(i._printf_core) refers (Special) to iusefp.o(.text) for __I$use$fp
    printfa.o(i._printf_core) refers to printfa.o(i._printf_pre_padding) for _printf_pre_padding
    printfa.o(i._printf_core) refers to uldiv.o(.text) for __aeabi_uldivmod
    printfa.o(i._printf_core) refers to printfa.o(i._printf_post_padding) for _printf_post_padding
    printfa.o(i._printf_core) refers to printfa.o(i._fp_digits) for _fp_digits
    printfa.o(i._printf_core) refers to uidiv.o(.text) for __aeabi_uidivmod
    printfa.o(i._printf_post_padding) refers (Special) to iusefp.o(.text) for __I$use$fp
    printfa.o(i._printf_pre_padding) refers (Special) to iusefp.o(.text) for __I$use$fp
    printfa.o(i._snputc) refers (Special) to iusefp.o(.text) for __I$use$fp
    printfa.o(i._sputc) refers (Special) to iusefp.o(.text) for __I$use$fp
    fadd.o(.text) refers (Special) to iusefp.o(.text) for __I$use$fp
    fadd.o(.text) refers to fepilogue.o(.text) for _float_epilogue
    fmul.o(.text) refers (Special) to iusefp.o(.text) for __I$use$fp
    fdiv.o(.text) refers (Special) to iusefp.o(.text) for __I$use$fp
    fdiv.o(.text) refers to fepilogue.o(.text) for _float_round
    dmul.o(.text) refers (Special) to iusefp.o(.text) for __I$use$fp
    dmul.o(.text) refers to depilogue.o(.text) for _double_epilogue
    fflti.o(.text) refers (Special) to iusefp.o(.text) for __I$use$fp
    fflti.o(.text) refers to fepilogue.o(.text) for _float_epilogue
    dflti.o(.text) refers (Special) to iusefp.o(.text) for __I$use$fp
    dflti.o(.text) refers to depilogue.o(.text) for _double_epilogue
    ffixi.o(.text) refers (Special) to iusefp.o(.text) for __I$use$fp
    ffixui.o(.text) refers (Special) to iusefp.o(.text) for __I$use$fp
    f2d.o(.text) refers (Special) to iusefp.o(.text) for __I$use$fp
    d2f.o(.text) refers (Special) to iusefp.o(.text) for __I$use$fp
    d2f.o(.text) refers to fepilogue.o(.text) for _float_round
    cfcmple.o(.text) refers (Special) to iusefp.o(.text) for __I$use$fp
    cfrcmple.o(.text) refers (Special) to iusefp.o(.text) for __I$use$fp
    entry2.o(.ARM.Collect$$$$00000001) refers to entry2.o(.ARM.Collect$$$$00002712) for __lit__00000000
    entry2.o(.ARM.Collect$$$$00002712) refers to startup_stm32f10x_hd.o(STACK) for __initial_sp
    entry2.o(__vectab_stack_and_reset_area) refers to startup_stm32f10x_hd.o(STACK) for __initial_sp
    entry2.o(__vectab_stack_and_reset_area) refers to entry.o(.ARM.Collect$$$$00000000) for __main
    entry5.o(.ARM.Collect$$$$00000004) refers to init.o(.text) for __scatterload
    entry9a.o(.ARM.Collect$$$$0000000B) refers to main.o(.text) for main
    entry9b.o(.ARM.Collect$$$$0000000C) refers to main.o(.text) for main
    uldiv.o(.text) refers to llushr.o(.text) for __aeabi_llsr
    uldiv.o(.text) refers to llshl.o(.text) for __aeabi_llsl
    depilogue.o(.text) refers to llshl.o(.text) for __aeabi_llsl
    depilogue.o(.text) refers to llushr.o(.text) for __aeabi_llsr
    dadd.o(.text) refers to llshl.o(.text) for __aeabi_llsl
    dadd.o(.text) refers to llsshr.o(.text) for __aeabi_lasr
    dadd.o(.text) refers to depilogue.o(.text) for _double_epilogue
    ddiv.o(.text) refers to depilogue.o(.text) for _double_round
    dfixul.o(.text) refers to llushr.o(.text) for __aeabi_llsr
    dfixul.o(.text) refers to llshl.o(.text) for __aeabi_llsl
    init.o(.text) refers to entry5.o(.ARM.Collect$$$$00000004) for __main_after_scatterload


==============================================================================

Removing Unused input sections from the image.

    Removing led.o(.text), (120 bytes).
    Removing bsp_air780.o(.text), (2036 bytes).
    Removing bsp_air780.o(.conststring), (217 bytes).
    Removing core_cm3.o(.emb_text), (32 bytes).
    Removing startup_stm32f10x_hd.o(HEAP), (512 bytes).
    Removing stm32f10x_adc.o(.text), (1102 bytes).
    Removing stm32f10x_bkp.o(.text), (196 bytes).
    Removing stm32f10x_can.o(.text), (2544 bytes).
    Removing stm32f10x_cec.o(.text), (288 bytes).
    Removing stm32f10x_crc.o(.text), (72 bytes).
    Removing stm32f10x_dac.o(.text), (396 bytes).
    Removing stm32f10x_dbgmcu.o(.text), (48 bytes).
    Removing stm32f10x_dma.o(.text), (596 bytes).
    Removing stm32f10x_exti.o(.text), (284 bytes).
    Removing stm32f10x_flash.o(.text), (1468 bytes).
    Removing stm32f10x_fsmc.o(.text), (1548 bytes).
    Removing stm32f10x_i2c.o(.text), (1028 bytes).
    Removing stm32f10x_iwdg.o(.text), (64 bytes).
    Removing stm32f10x_pwr.o(.text), (204 bytes).
    Removing stm32f10x_rtc.o(.text), (328 bytes).
    Removing stm32f10x_sdio.o(.text), (468 bytes).
    Removing stm32f10x_spi.o(.text), (780 bytes).
    Removing stm32f10x_wwdg.o(.text), (136 bytes).

23 unused section(s) (total 14467 bytes) removed from the image.

==============================================================================

Image Symbol Table

    Local Symbols

    Symbol Name                              Value     Ov Type        Size  Object(Section)

    ../clib/../cmprslib/zerorunl2.c          0x00000000   Number         0  __dczerorl2.o ABSOLUTE
    ../clib/microlib/division.c              0x00000000   Number         0  uidiv.o ABSOLUTE
    ../clib/microlib/division.c              0x00000000   Number         0  uldiv.o ABSOLUTE
    ../clib/microlib/init/entry.s            0x00000000   Number         0  entry8a.o ABSOLUTE
    ../clib/microlib/init/entry.s            0x00000000   Number         0  entry.o ABSOLUTE
    ../clib/microlib/init/entry.s            0x00000000   Number         0  entry10b.o ABSOLUTE
    ../clib/microlib/init/entry.s            0x00000000   Number         0  entry11a.o ABSOLUTE
    ../clib/microlib/init/entry.s            0x00000000   Number         0  entry9b.o ABSOLUTE
    ../clib/microlib/init/entry.s            0x00000000   Number         0  entry11b.o ABSOLUTE
    ../clib/microlib/init/entry.s            0x00000000   Number         0  entry8b.o ABSOLUTE
    ../clib/microlib/init/entry.s            0x00000000   Number         0  entry10a.o ABSOLUTE
    ../clib/microlib/init/entry.s            0x00000000   Number         0  entry2.o ABSOLUTE
    ../clib/microlib/init/entry.s            0x00000000   Number         0  entry5.o ABSOLUTE
    ../clib/microlib/init/entry.s            0x00000000   Number         0  entry7a.o ABSOLUTE
    ../clib/microlib/init/entry.s            0x00000000   Number         0  entry9a.o ABSOLUTE
    ../clib/microlib/init/entry.s            0x00000000   Number         0  entry7b.o ABSOLUTE
    ../clib/microlib/longlong.c              0x00000000   Number         0  llshl.o ABSOLUTE
    ../clib/microlib/longlong.c              0x00000000   Number         0  llsshr.o ABSOLUTE
    ../clib/microlib/longlong.c              0x00000000   Number         0  llushr.o ABSOLUTE
    ../clib/microlib/printf/printf.c         0x00000000   Number         0  printf7.o ABSOLUTE
    ../clib/microlib/printf/printf.c         0x00000000   Number         0  printf8.o ABSOLUTE
    ../clib/microlib/printf/printf.c         0x00000000   Number         0  printfb.o ABSOLUTE
    ../clib/microlib/printf/printf.c         0x00000000   Number         0  printf0.o ABSOLUTE
    ../clib/microlib/printf/printf.c         0x00000000   Number         0  printf1.o ABSOLUTE
    ../clib/microlib/printf/printf.c         0x00000000   Number         0  printfa.o ABSOLUTE
    ../clib/microlib/printf/printf.c         0x00000000   Number         0  printf3.o ABSOLUTE
    ../clib/microlib/printf/printf.c         0x00000000   Number         0  printf4.o ABSOLUTE
    ../clib/microlib/printf/printf.c         0x00000000   Number         0  printf5.o ABSOLUTE
    ../clib/microlib/printf/printf.c         0x00000000   Number         0  printf6.o ABSOLUTE
    ../clib/microlib/printf/printf.c         0x00000000   Number         0  printf2.o ABSOLUTE
    ../clib/microlib/printf/stubs.s          0x00000000   Number         0  stubs.o ABSOLUTE
    ../clib/microlib/stdio/streams.c         0x00000000   Number         0  stdout.o ABSOLUTE
    ../clib/microlib/string/memset.c         0x00000000   Number         0  memseta.o ABSOLUTE
    ../clib/microlib/string/strstr.c         0x00000000   Number         0  strstr.o ABSOLUTE
    ../clib/microlib/stubs.s                 0x00000000   Number         0  iusefp.o ABSOLUTE
    ../fplib/microlib/d2f.c                  0x00000000   Number         0  d2f.o ABSOLUTE
    ../fplib/microlib/f2d.c                  0x00000000   Number         0  f2d.o ABSOLUTE
    ../fplib/microlib/fpadd.c                0x00000000   Number         0  dadd.o ABSOLUTE
    ../fplib/microlib/fpadd.c                0x00000000   Number         0  fadd.o ABSOLUTE
    ../fplib/microlib/fpdiv.c                0x00000000   Number         0  fdiv.o ABSOLUTE
    ../fplib/microlib/fpdiv.c                0x00000000   Number         0  ddiv.o ABSOLUTE
    ../fplib/microlib/fpepilogue.c           0x00000000   Number         0  fepilogue.o ABSOLUTE
    ../fplib/microlib/fpepilogue.c           0x00000000   Number         0  depilogue.o ABSOLUTE
    ../fplib/microlib/fpfix.c                0x00000000   Number         0  ffixui.o ABSOLUTE
    ../fplib/microlib/fpfix.c                0x00000000   Number         0  ffixi.o ABSOLUTE
    ../fplib/microlib/fpfix.c                0x00000000   Number         0  dfixul.o ABSOLUTE
    ../fplib/microlib/fpflt.c                0x00000000   Number         0  dflti.o ABSOLUTE
    ../fplib/microlib/fpflt.c                0x00000000   Number         0  fflti.o ABSOLUTE
    ../fplib/microlib/fpmul.c                0x00000000   Number         0  dmul.o ABSOLUTE
    ../fplib/microlib/fpmul.c                0x00000000   Number         0  fmul.o ABSOLUTE
    ..\CORE\core_cm3.c                       0x00000000   Number         0  core_cm3.o ABSOLUTE
    ..\CORE\startup_stm32f10x_hd.s           0x00000000   Number         0  startup_stm32f10x_hd.o ABSOLUTE
    ..\HARDWARE\Key\bsp_key.c                0x00000000   Number         0  bsp_key.o ABSOLUTE
    ..\HARDWARE\OLED2\OLED2.c                0x00000000   Number         0  oled2.o ABSOLUTE
    ..\HARDWARE\OLED\oled.c                  0x00000000   Number         0  oled.o ABSOLUTE
    ..\HARDWARE\air780\bsp_air780.c          0x00000000   Number         0  bsp_air780.o ABSOLUTE
    ..\HARDWARE\ds18b20\bsp_ds18b20.c        0x00000000   Number         0  bsp_ds18b20.o ABSOLUTE
    ..\HARDWARE\menu\bsp_menu.c              0x00000000   Number         0  bsp_menu.o ABSOLUTE
    ..\STM32F10x_FWLib\src\misc.c            0x00000000   Number         0  misc.o ABSOLUTE
    ..\STM32F10x_FWLib\src\stm32f10x_adc.c   0x00000000   Number         0  stm32f10x_adc.o ABSOLUTE
    ..\STM32F10x_FWLib\src\stm32f10x_bkp.c   0x00000000   Number         0  stm32f10x_bkp.o ABSOLUTE
    ..\STM32F10x_FWLib\src\stm32f10x_can.c   0x00000000   Number         0  stm32f10x_can.o ABSOLUTE
    ..\STM32F10x_FWLib\src\stm32f10x_cec.c   0x00000000   Number         0  stm32f10x_cec.o ABSOLUTE
    ..\STM32F10x_FWLib\src\stm32f10x_crc.c   0x00000000   Number         0  stm32f10x_crc.o ABSOLUTE
    ..\STM32F10x_FWLib\src\stm32f10x_dac.c   0x00000000   Number         0  stm32f10x_dac.o ABSOLUTE
    ..\STM32F10x_FWLib\src\stm32f10x_dbgmcu.c 0x00000000   Number         0  stm32f10x_dbgmcu.o ABSOLUTE
    ..\STM32F10x_FWLib\src\stm32f10x_dma.c   0x00000000   Number         0  stm32f10x_dma.o ABSOLUTE
    ..\STM32F10x_FWLib\src\stm32f10x_exti.c  0x00000000   Number         0  stm32f10x_exti.o ABSOLUTE
    ..\STM32F10x_FWLib\src\stm32f10x_flash.c 0x00000000   Number         0  stm32f10x_flash.o ABSOLUTE
    ..\STM32F10x_FWLib\src\stm32f10x_fsmc.c  0x00000000   Number         0  stm32f10x_fsmc.o ABSOLUTE
    ..\STM32F10x_FWLib\src\stm32f10x_gpio.c  0x00000000   Number         0  stm32f10x_gpio.o ABSOLUTE
    ..\STM32F10x_FWLib\src\stm32f10x_i2c.c   0x00000000   Number         0  stm32f10x_i2c.o ABSOLUTE
    ..\STM32F10x_FWLib\src\stm32f10x_iwdg.c  0x00000000   Number         0  stm32f10x_iwdg.o ABSOLUTE
    ..\STM32F10x_FWLib\src\stm32f10x_pwr.c   0x00000000   Number         0  stm32f10x_pwr.o ABSOLUTE
    ..\STM32F10x_FWLib\src\stm32f10x_rcc.c   0x00000000   Number         0  stm32f10x_rcc.o ABSOLUTE
    ..\STM32F10x_FWLib\src\stm32f10x_rtc.c   0x00000000   Number         0  stm32f10x_rtc.o ABSOLUTE
    ..\STM32F10x_FWLib\src\stm32f10x_sdio.c  0x00000000   Number         0  stm32f10x_sdio.o ABSOLUTE
    ..\STM32F10x_FWLib\src\stm32f10x_spi.c   0x00000000   Number         0  stm32f10x_spi.o ABSOLUTE
    ..\STM32F10x_FWLib\src\stm32f10x_tim.c   0x00000000   Number         0  stm32f10x_tim.o ABSOLUTE
    ..\STM32F10x_FWLib\src\stm32f10x_usart.c 0x00000000   Number         0  stm32f10x_usart.o ABSOLUTE
    ..\STM32F10x_FWLib\src\stm32f10x_wwdg.c  0x00000000   Number         0  stm32f10x_wwdg.o ABSOLUTE
    ..\SYSTEM\General Time\bsp_GeneralTim.c  0x00000000   Number         0  bsp_generaltim.o ABSOLUTE
    ..\SYSTEM\PID\pid.c                      0x00000000   Number         0  pid.o ABSOLUTE
    ..\SYSTEM\delay\delay.c                  0x00000000   Number         0  delay.o ABSOLUTE
    ..\SYSTEM\dwt_delay\core_delay.c         0x00000000   Number         0  core_delay.o ABSOLUTE
    ..\SYSTEM\timer\timer.c                  0x00000000   Number         0  timer.o ABSOLUTE
    ..\SYSTEM\usart\bsp_usart.c              0x00000000   Number         0  bsp_usart.o ABSOLUTE
    ..\\CORE\\core_cm3.c                     0x00000000   Number         0  core_cm3.o ABSOLUTE
    LED.c                                    0x00000000   Number         0  led.o ABSOLUTE
    cdrcmple.s                               0x00000000   Number         0  cdrcmple.o ABSOLUTE
    cfcmple.s                                0x00000000   Number         0  cfcmple.o ABSOLUTE
    cfrcmple.s                               0x00000000   Number         0  cfrcmple.o ABSOLUTE
    dc.s                                     0x00000000   Number         0  dc.o ABSOLUTE
    handlers.s                               0x00000000   Number         0  handlers.o ABSOLUTE
    init.s                                   0x00000000   Number         0  init.o ABSOLUTE
    main.c                                   0x00000000   Number         0  main.o ABSOLUTE
    stm32f10x_it.c                           0x00000000   Number         0  stm32f10x_it.o ABSOLUTE
    system_stm32f10x.c                       0x00000000   Number         0  system_stm32f10x.o ABSOLUTE
    RESET                                    0x08000000   Section      304  startup_stm32f10x_hd.o(RESET)
    .ARM.Collect$$$$00000000                 0x08000130   Section        0  entry.o(.ARM.Collect$$$$00000000)
    .ARM.Collect$$$$00000001                 0x08000130   Section        4  entry2.o(.ARM.Collect$$$$00000001)
    .ARM.Collect$$$$00000004                 0x08000134   Section        4  entry5.o(.ARM.Collect$$$$00000004)
    .ARM.Collect$$$$00000008                 0x08000138   Section        0  entry7b.o(.ARM.Collect$$$$00000008)
    .ARM.Collect$$$$0000000A                 0x08000138   Section        0  entry8b.o(.ARM.Collect$$$$0000000A)
    .ARM.Collect$$$$0000000B                 0x08000138   Section        8  entry9a.o(.ARM.Collect$$$$0000000B)
    .ARM.Collect$$$$0000000D                 0x08000140   Section        0  entry10a.o(.ARM.Collect$$$$0000000D)
    .ARM.Collect$$$$0000000F                 0x08000140   Section        0  entry11a.o(.ARM.Collect$$$$0000000F)
    .ARM.Collect$$$$00002712                 0x08000140   Section        4  entry2.o(.ARM.Collect$$$$00002712)
    __lit__00000000                          0x08000140   Data           4  entry2.o(.ARM.Collect$$$$00002712)
    .text                                    0x08000144   Section        0  main.o(.text)
    .text                                    0x080002b8   Section        0  stm32f10x_it.o(.text)
    .text                                    0x080002d4   Section        0  system_stm32f10x.o(.text)
    SetSysClockTo72                          0x080002d5   Thumb Code   214  system_stm32f10x.o(.text)
    SetSysClock                              0x080003ab   Thumb Code     8  system_stm32f10x.o(.text)
    .text                                    0x080004b4   Section        0  oled.o(.text)
    .text                                    0x08000f14   Section        0  bsp_ds18b20.o(.text)
    DS18B20_Mode_IPU                         0x08000f15   Thumb Code    24  bsp_ds18b20.o(.text)
    DS18B20_Presence                         0x08000f2d   Thumb Code    82  bsp_ds18b20.o(.text)
    DS18B20_Mode_Out_PP                      0x08000f7f   Thumb Code    30  bsp_ds18b20.o(.text)
    DS18B20_Rst                              0x08000f9d   Thumb Code    38  bsp_ds18b20.o(.text)
    DS18B20_GPIO_Config                      0x08000fc3   Thumb Code    38  bsp_ds18b20.o(.text)
    DS18B20_ReadBit                          0x08001001   Thumb Code    52  bsp_ds18b20.o(.text)
    DS18B20_ReadByte                         0x08001035   Thumb Code    34  bsp_ds18b20.o(.text)
    DS18B20_WriteByte                        0x08001057   Thumb Code    88  bsp_ds18b20.o(.text)
    DS18B20_SkipRom                          0x080010af   Thumb Code    18  bsp_ds18b20.o(.text)
    DS18B20_MatchRom                         0x080010c1   Thumb Code    18  bsp_ds18b20.o(.text)
    .text                                    0x080011fc   Section        0  bsp_key.o(.text)
    .text                                    0x080012bc   Section        0  oled2.o(.text)
    .text                                    0x080016d4   Section        0  bsp_menu.o(.text)
    .text                                    0x08001950   Section        0  bsp_generaltim.o(.text)
    GENERAL_TIM_GPIO_Config                  0x08001951   Thumb Code    38  bsp_generaltim.o(.text)
    GENERAL_TIM_Mode_Config                  0x08001977   Thumb Code   104  bsp_generaltim.o(.text)
    .text                                    0x080019f8   Section        0  pid.o(.text)
    .text                                    0x08001b08   Section        0  timer.o(.text)
    .text                                    0x08001b80   Section        0  bsp_usart.o(.text)
    .text                                    0x08001ee0   Section        0  delay.o(.text)
    .text                                    0x08001fb4   Section        0  core_delay.o(.text)
    .text                                    0x08002034   Section       36  startup_stm32f10x_hd.o(.text)
    .text                                    0x08002058   Section        0  misc.o(.text)
    .text                                    0x08002134   Section        0  stm32f10x_gpio.o(.text)
    .text                                    0x08002490   Section        0  stm32f10x_rcc.o(.text)
    .text                                    0x08002834   Section        0  stm32f10x_usart.o(.text)
    .text                                    0x08002c3c   Section        0  stm32f10x_tim.o(.text)
    TI4_Config                               0x080030e3   Thumb Code   130  stm32f10x_tim.o(.text)
    TI3_Config                               0x08003177   Thumb Code   122  stm32f10x_tim.o(.text)
    TI2_Config                               0x0800320b   Thumb Code   130  stm32f10x_tim.o(.text)
    TI1_Config                               0x0800329f   Thumb Code   108  stm32f10x_tim.o(.text)
    .text                                    0x08003a56   Section        0  memseta.o(.text)
    .text                                    0x08003a7a   Section        0  fadd.o(.text)
    .text                                    0x08003b2a   Section        0  fmul.o(.text)
    .text                                    0x08003b8e   Section        0  fdiv.o(.text)
    .text                                    0x08003c0a   Section        0  dmul.o(.text)
    .text                                    0x08003cee   Section        0  fflti.o(.text)
    .text                                    0x08003d00   Section        0  dflti.o(.text)
    .text                                    0x08003d22   Section        0  ffixi.o(.text)
    .text                                    0x08003d54   Section        0  ffixui.o(.text)
    .text                                    0x08003d7c   Section        0  f2d.o(.text)
    .text                                    0x08003da2   Section        0  d2f.o(.text)
    .text                                    0x08003ddc   Section       20  cfcmple.o(.text)
    .text                                    0x08003df0   Section       20  cfrcmple.o(.text)
    .text                                    0x08003e04   Section        0  uidiv.o(.text)
    .text                                    0x08003e30   Section        0  uldiv.o(.text)
    .text                                    0x08003e92   Section        0  iusefp.o(.text)
    .text                                    0x08003e92   Section        0  fepilogue.o(.text)
    .text                                    0x08003f00   Section        0  depilogue.o(.text)
    .text                                    0x08003fba   Section        0  dadd.o(.text)
    .text                                    0x08004108   Section        0  ddiv.o(.text)
    .text                                    0x080041e6   Section        0  dfixul.o(.text)
    .text                                    0x08004218   Section       48  cdrcmple.o(.text)
    .text                                    0x08004248   Section       36  init.o(.text)
    .text                                    0x0800426c   Section        0  llshl.o(.text)
    .text                                    0x0800428a   Section        0  llushr.o(.text)
    .text                                    0x080042aa   Section        0  llsshr.o(.text)
    .text                                    0x080042ce   Section        0  __dczerorl2.o(.text)
    i.__0printf                              0x08004324   Section        0  printfa.o(i.__0printf)
    i.__scatterload_copy                     0x08004344   Section       14  handlers.o(i.__scatterload_copy)
    i.__scatterload_null                     0x08004352   Section        2  handlers.o(i.__scatterload_null)
    i.__scatterload_zeroinit                 0x08004354   Section       14  handlers.o(i.__scatterload_zeroinit)
    i._fp_digits                             0x08004364   Section        0  printfa.o(i._fp_digits)
    _fp_digits                               0x08004365   Thumb Code   366  printfa.o(i._fp_digits)
    i._printf_core                           0x080044e8   Section        0  printfa.o(i._printf_core)
    _printf_core                             0x080044e9   Thumb Code  1744  printfa.o(i._printf_core)
    i._printf_post_padding                   0x08004bc4   Section        0  printfa.o(i._printf_post_padding)
    _printf_post_padding                     0x08004bc5   Thumb Code    36  printfa.o(i._printf_post_padding)
    i._printf_pre_padding                    0x08004be8   Section        0  printfa.o(i._printf_pre_padding)
    _printf_pre_padding                      0x08004be9   Thumb Code    46  printfa.o(i._printf_pre_padding)
    .constdata                               0x08004c16   Section     6080  oled.o(.constdata)
    .constdata                               0x080063d6   Section     1520  oled2.o(.constdata)
    .data                                    0x20000000   Section     2052  main.o(.data)
    .data                                    0x20000804   Section       20  system_stm32f10x.o(.data)
    .data                                    0x20000818   Section     5176  oled.o(.data)
    .data                                    0x20001c50   Section        4  bsp_ds18b20.o(.data)
    .data                                    0x20001c54   Section        4  bsp_menu.o(.data)
    .data                                    0x20001c58   Section        2  bsp_generaltim.o(.data)
    .data                                    0x20001c5a   Section        1  timer.o(.data)
    st                                       0x20001c5a   Data           1  timer.o(.data)
    .data                                    0x20001c5c   Section        4  bsp_usart.o(.data)
    .data                                    0x20001c60   Section        4  delay.o(.data)
    fac_us                                   0x20001c60   Data           1  delay.o(.data)
    fac_ms                                   0x20001c62   Data           2  delay.o(.data)
    .data                                    0x20001c64   Section       20  stm32f10x_rcc.o(.data)
    APBAHBPrescTable                         0x20001c64   Data          16  stm32f10x_rcc.o(.data)
    ADCPrescTable                            0x20001c74   Data           4  stm32f10x_rcc.o(.data)
    .data                                    0x20001c78   Section        4  stdout.o(.data)
    .bss                                     0x20001c7c   Section     1152  oled.o(.bss)
    .bss                                     0x200020fc   Section       76  pid.o(.bss)
    .bss                                     0x20002148   Section      800  bsp_usart.o(.bss)
    STACK                                    0x20002468   Section     1024  startup_stm32f10x_hd.o(STACK)

    Global Symbols

    Symbol Name                              Value     Ov Type        Size  Object(Section)

    BuildAttributes$$THM_ISAv4$P$D$K$B$S$PE$A:L22UL41UL21$X:L11$S22US41US21$IEEE1$IW$USESV6$~STKCKD$USESV7$~SHL$OTIME$ROPI$EBA8$MICROLIB$REQ8$PRES8$EABIv2 0x00000000   Number         0  anon$$obj.o ABSOLUTE
    __ARM_use_no_argv                        0x00000000   Number         0  main.o ABSOLUTE
    _printf_a                                0x00000000   Number         0  stubs.o ABSOLUTE
    _printf_c                                0x00000000   Number         0  stubs.o ABSOLUTE
    _printf_charcount                        0x00000000   Number         0  stubs.o ABSOLUTE
    _printf_d                                0x00000000   Number         0  stubs.o ABSOLUTE
    _printf_e                                0x00000000   Number         0  stubs.o ABSOLUTE
    _printf_f                                0x00000000   Number         0  stubs.o ABSOLUTE
    _printf_flags                            0x00000000   Number         0  stubs.o ABSOLUTE
    _printf_fp_dec                           0x00000000   Number         0  stubs.o ABSOLUTE
    _printf_fp_hex                           0x00000000   Number         0  stubs.o ABSOLUTE
    _printf_g                                0x00000000   Number         0  stubs.o ABSOLUTE
    _printf_i                                0x00000000   Number         0  stubs.o ABSOLUTE
    _printf_int_dec                          0x00000000   Number         0  stubs.o ABSOLUTE
    _printf_l                                0x00000000   Number         0  stubs.o ABSOLUTE
    _printf_lc                               0x00000000   Number         0  stubs.o ABSOLUTE
    _printf_ll                               0x00000000   Number         0  stubs.o ABSOLUTE
    _printf_lld                              0x00000000   Number         0  stubs.o ABSOLUTE
    _printf_lli                              0x00000000   Number         0  stubs.o ABSOLUTE
    _printf_llo                              0x00000000   Number         0  stubs.o ABSOLUTE
    _printf_llu                              0x00000000   Number         0  stubs.o ABSOLUTE
    _printf_llx                              0x00000000   Number         0  stubs.o ABSOLUTE
    _printf_longlong_dec                     0x00000000   Number         0  stubs.o ABSOLUTE
    _printf_longlong_hex                     0x00000000   Number         0  stubs.o ABSOLUTE
    _printf_longlong_oct                     0x00000000   Number         0  stubs.o ABSOLUTE
    _printf_ls                               0x00000000   Number         0  stubs.o ABSOLUTE
    _printf_mbtowc                           0x00000000   Number         0  stubs.o ABSOLUTE
    _printf_n                                0x00000000   Number         0  stubs.o ABSOLUTE
    _printf_o                                0x00000000   Number         0  stubs.o ABSOLUTE
    _printf_p                                0x00000000   Number         0  stubs.o ABSOLUTE
    _printf_percent                          0x00000000   Number         0  stubs.o ABSOLUTE
    _printf_pre_padding                      0x00000000   Number         0  stubs.o ABSOLUTE
    _printf_return_value                     0x00000000   Number         0  stubs.o ABSOLUTE
    _printf_s                                0x00000000   Number         0  stubs.o ABSOLUTE
    _printf_sizespec                         0x00000000   Number         0  stubs.o ABSOLUTE
    _printf_str                              0x00000000   Number         0  stubs.o ABSOLUTE
    _printf_truncate_signed                  0x00000000   Number         0  stubs.o ABSOLUTE
    _printf_truncate_unsigned                0x00000000   Number         0  stubs.o ABSOLUTE
    _printf_u                                0x00000000   Number         0  stubs.o ABSOLUTE
    _printf_wc                               0x00000000   Number         0  stubs.o ABSOLUTE
    _printf_wctomb                           0x00000000   Number         0  stubs.o ABSOLUTE
    _printf_widthprec                        0x00000000   Number         0  stubs.o ABSOLUTE
    _printf_x                                0x00000000   Number         0  stubs.o ABSOLUTE
    __cpp_initialize__aeabi_                  - Undefined Weak Reference
    __cxa_finalize                            - Undefined Weak Reference
    _clock_init                               - Undefined Weak Reference
    _microlib_exit                            - Undefined Weak Reference
    __Vectors_Size                           0x00000130   Number         0  startup_stm32f10x_hd.o ABSOLUTE
    __Vectors                                0x08000000   Data           4  startup_stm32f10x_hd.o(RESET)
    __Vectors_End                            0x08000130   Data           0  startup_stm32f10x_hd.o(RESET)
    __main                                   0x08000131   Thumb Code     0  entry.o(.ARM.Collect$$$$00000000)
    _main_stk                                0x08000131   Thumb Code     0  entry2.o(.ARM.Collect$$$$00000001)
    _main_scatterload                        0x08000135   Thumb Code     0  entry5.o(.ARM.Collect$$$$00000004)
    __main_after_scatterload                 0x08000139   Thumb Code     0  entry5.o(.ARM.Collect$$$$00000004)
    _main_clock                              0x08000139   Thumb Code     0  entry7b.o(.ARM.Collect$$$$00000008)
    _main_cpp_init                           0x08000139   Thumb Code     0  entry8b.o(.ARM.Collect$$$$0000000A)
    _main_init                               0x08000139   Thumb Code     0  entry9a.o(.ARM.Collect$$$$0000000B)
    __rt_final_cpp                           0x08000141   Thumb Code     0  entry10a.o(.ARM.Collect$$$$0000000D)
    __rt_final_exit                          0x08000141   Thumb Code     0  entry11a.o(.ARM.Collect$$$$0000000F)
    Isr_Init                                 0x08000145   Thumb Code    68  main.o(.text)
    main                                     0x08000189   Thumb Code   248  main.o(.text)
    NMI_Handler                              0x080002b9   Thumb Code     2  stm32f10x_it.o(.text)
    HardFault_Handler                        0x080002bb   Thumb Code     4  stm32f10x_it.o(.text)
    MemManage_Handler                        0x080002bf   Thumb Code     4  stm32f10x_it.o(.text)
    BusFault_Handler                         0x080002c3   Thumb Code     4  stm32f10x_it.o(.text)
    UsageFault_Handler                       0x080002c7   Thumb Code     4  stm32f10x_it.o(.text)
    SVC_Handler                              0x080002cb   Thumb Code     2  stm32f10x_it.o(.text)
    DebugMon_Handler                         0x080002cd   Thumb Code     2  stm32f10x_it.o(.text)
    PendSV_Handler                           0x080002cf   Thumb Code     2  stm32f10x_it.o(.text)
    SysTick_Handler                          0x080002d1   Thumb Code     2  stm32f10x_it.o(.text)
    SystemInit                               0x080003b3   Thumb Code    78  system_stm32f10x.o(.text)
    SystemCoreClockUpdate                    0x08000401   Thumb Code   142  system_stm32f10x.o(.text)
    OLED_WR_Byte                             0x080004b5   Thumb Code   118  oled.o(.text)
    OLED_ColorTurn                           0x0800052b   Thumb Code    28  oled.o(.text)
    OLED_DisplayTurn                         0x08000547   Thumb Code    44  oled.o(.text)
    OLED_DisPlay_On                          0x08000573   Thumb Code    28  oled.o(.text)
    OLED_DisPlay_Off                         0x0800058f   Thumb Code    28  oled.o(.text)
    OLED_Refresh                             0x080005ab   Thumb Code    70  oled.o(.text)
    OLED_Clear                               0x080005f1   Thumb Code    42  oled.o(.text)
    OLED_DrawPoint                           0x0800061b   Thumb Code    54  oled.o(.text)
    OLED_ClearPoint                          0x08000651   Thumb Code    90  oled.o(.text)
    OLED_DrawLine                            0x080006ab   Thumb Code   176  oled.o(.text)
    OLED_DrawCircle                          0x0800075b   Thumb Code   152  oled.o(.text)
    OLED_ShowChar                            0x080007f3   Thumb Code   266  oled.o(.text)
    OLED_ShowString                          0x080008fd   Thumb Code    66  oled.o(.text)
    OLED_Pow                                 0x0800093f   Thumb Code    22  oled.o(.text)
    OLED_ShowNum                             0x08000955   Thumb Code   116  oled.o(.text)
    OLED_ShowFloatNumber                     0x080009c9   Thumb Code   392  oled.o(.text)
    OLED_ShowChinese                         0x08000b51   Thumb Code   248  oled.o(.text)
    OLED_ScrollDisplay                       0x08000c49   Thumb Code   160  oled.o(.text)
    OLED_WR_BP                               0x08000ce9   Thumb Code    42  oled.o(.text)
    OLED_ShowPicture                         0x08000d13   Thumb Code    98  oled.o(.text)
    OLED_Init                                0x08000d75   Thumb Code   416  oled.o(.text)
    DS18B20_Init                             0x08000fe9   Thumb Code    24  bsp_ds18b20.o(.text)
    DS18B20_GetTemp_SkipRom                  0x080010d3   Thumb Code   108  bsp_ds18b20.o(.text)
    DS18B20_ReadId                           0x0800113f   Thumb Code    30  bsp_ds18b20.o(.text)
    DS18B20_GetTemp_MatchRom                 0x0800115d   Thumb Code   150  bsp_ds18b20.o(.text)
    Key_GPIO_Config                          0x080011fd   Thumb Code    72  bsp_key.o(.text)
    Key_Scan                                 0x08001245   Thumb Code    54  bsp_key.o(.text)
    Key_Scan_High                            0x0800127b   Thumb Code    58  bsp_key.o(.text)
    OLED2_I2C_Init                           0x080012bd   Thumb Code    76  oled2.o(.text)
    OLED2_I2C_Start                          0x08001309   Thumb Code    48  oled2.o(.text)
    OLED2_I2C_Stop                           0x08001339   Thumb Code    36  oled2.o(.text)
    OLED2_I2C_SendByte                       0x0800135d   Thumb Code    80  oled2.o(.text)
    OLED2_WriteCommand                       0x080013ad   Thumb Code    32  oled2.o(.text)
    OLED2_WriteData                          0x080013cd   Thumb Code    32  oled2.o(.text)
    OLED2_SetCursor                          0x080013ed   Thumb Code    34  oled2.o(.text)
    OLED2_Clear                              0x0800140f   Thumb Code    42  oled2.o(.text)
    OLED2_ShowChar                           0x08001439   Thumb Code   110  oled2.o(.text)
    OLED2_ShowString                         0x080014a7   Thumb Code    40  oled2.o(.text)
    OLED2_Pow                                0x080014cf   Thumb Code    20  oled2.o(.text)
    OLED2_ShowNum                            0x080014e3   Thumb Code    68  oled2.o(.text)
    OLED2_ShowSignedNum                      0x08001527   Thumb Code   102  oled2.o(.text)
    OLED2_ShowHexNum                         0x0800158d   Thumb Code    84  oled2.o(.text)
    OLED2_ShowBinNum                         0x080015e1   Thumb Code    62  oled2.o(.text)
    OLED2_Init                               0x0800161f   Thumb Code   182  oled2.o(.text)
    Menu_Init                                0x080016d5   Thumb Code    22  bsp_menu.o(.text)
    Menu_KeyHandle                           0x080016eb   Thumb Code   170  bsp_menu.o(.text)
    Menu_Display                             0x08001795   Thumb Code   280  bsp_menu.o(.text)
    Menu_Process                             0x080018ad   Thumb Code    12  bsp_menu.o(.text)
    GENERAL_TIM_Init                         0x080019df   Thumb Code    12  bsp_generaltim.o(.text)
    PID_Init                                 0x080019f9   Thumb Code    32  pid.o(.text)
    PID_Calculate                            0x08001a19   Thumb Code   206  pid.o(.text)
    Timer4_init                              0x08001b09   Thumb Code    68  timer.o(.text)
    TIM4_IRQHandler                          0x08001b4d   Thumb Code    40  timer.o(.text)
    USART1_Config                            0x08001b81   Thumb Code   160  bsp_usart.o(.text)
    USART2_Config                            0x08001c21   Thumb Code   158  bsp_usart.o(.text)
    USART1_SendByte                          0x08001cbf   Thumb Code    28  bsp_usart.o(.text)
    USART2_SendByte                          0x08001cdb   Thumb Code    28  bsp_usart.o(.text)
    USART1_SendString                        0x08001cf7   Thumb Code    22  bsp_usart.o(.text)
    USART2_SendString                        0x08001d0d   Thumb Code    22  bsp_usart.o(.text)
    fputc                                    0x08001d23   Thumb Code    16  bsp_usart.o(.text)
    USART1_IRQHandler                        0x08001d33   Thumb Code    50  bsp_usart.o(.text)
    USART2_IRQHandler                        0x08001d65   Thumb Code    50  bsp_usart.o(.text)
    USART2_CLR_Buf                           0x08001d97   Thumb Code    20  bsp_usart.o(.text)
    USART_Config                             0x08001dab   Thumb Code   120  bsp_usart.o(.text)
    USART2_Init                              0x08001e23   Thumb Code   160  bsp_usart.o(.text)
    delay_init                               0x08001ee1   Thumb Code    50  delay.o(.text)
    delay_us                                 0x08001f13   Thumb Code    72  delay.o(.text)
    delay_ms                                 0x08001f5b   Thumb Code    72  delay.o(.text)
    CPU_TS_TmrInit                           0x08001fb5   Thumb Code    30  core_delay.o(.text)
    CPU_TS_TmrRd                             0x08001fd3   Thumb Code     6  core_delay.o(.text)
    CPU_TS_Tmr_Delay_US                      0x08001fd9   Thumb Code    76  core_delay.o(.text)
    Reset_Handler                            0x08002035   Thumb Code     8  startup_stm32f10x_hd.o(.text)
    ADC1_2_IRQHandler                        0x0800204f   Thumb Code     0  startup_stm32f10x_hd.o(.text)
    ADC3_IRQHandler                          0x0800204f   Thumb Code     0  startup_stm32f10x_hd.o(.text)
    CAN1_RX1_IRQHandler                      0x0800204f   Thumb Code     0  startup_stm32f10x_hd.o(.text)
    CAN1_SCE_IRQHandler                      0x0800204f   Thumb Code     0  startup_stm32f10x_hd.o(.text)
    DMA1_Channel1_IRQHandler                 0x0800204f   Thumb Code     0  startup_stm32f10x_hd.o(.text)
    DMA1_Channel2_IRQHandler                 0x0800204f   Thumb Code     0  startup_stm32f10x_hd.o(.text)
    DMA1_Channel3_IRQHandler                 0x0800204f   Thumb Code     0  startup_stm32f10x_hd.o(.text)
    DMA1_Channel4_IRQHandler                 0x0800204f   Thumb Code     0  startup_stm32f10x_hd.o(.text)
    DMA1_Channel5_IRQHandler                 0x0800204f   Thumb Code     0  startup_stm32f10x_hd.o(.text)
    DMA1_Channel6_IRQHandler                 0x0800204f   Thumb Code     0  startup_stm32f10x_hd.o(.text)
    DMA1_Channel7_IRQHandler                 0x0800204f   Thumb Code     0  startup_stm32f10x_hd.o(.text)
    DMA2_Channel1_IRQHandler                 0x0800204f   Thumb Code     0  startup_stm32f10x_hd.o(.text)
    DMA2_Channel2_IRQHandler                 0x0800204f   Thumb Code     0  startup_stm32f10x_hd.o(.text)
    DMA2_Channel3_IRQHandler                 0x0800204f   Thumb Code     0  startup_stm32f10x_hd.o(.text)
    DMA2_Channel4_5_IRQHandler               0x0800204f   Thumb Code     0  startup_stm32f10x_hd.o(.text)
    EXTI0_IRQHandler                         0x0800204f   Thumb Code     0  startup_stm32f10x_hd.o(.text)
    EXTI15_10_IRQHandler                     0x0800204f   Thumb Code     0  startup_stm32f10x_hd.o(.text)
    EXTI1_IRQHandler                         0x0800204f   Thumb Code     0  startup_stm32f10x_hd.o(.text)
    EXTI2_IRQHandler                         0x0800204f   Thumb Code     0  startup_stm32f10x_hd.o(.text)
    EXTI3_IRQHandler                         0x0800204f   Thumb Code     0  startup_stm32f10x_hd.o(.text)
    EXTI4_IRQHandler                         0x0800204f   Thumb Code     0  startup_stm32f10x_hd.o(.text)
    EXTI9_5_IRQHandler                       0x0800204f   Thumb Code     0  startup_stm32f10x_hd.o(.text)
    FLASH_IRQHandler                         0x0800204f   Thumb Code     0  startup_stm32f10x_hd.o(.text)
    FSMC_IRQHandler                          0x0800204f   Thumb Code     0  startup_stm32f10x_hd.o(.text)
    I2C1_ER_IRQHandler                       0x0800204f   Thumb Code     0  startup_stm32f10x_hd.o(.text)
    I2C1_EV_IRQHandler                       0x0800204f   Thumb Code     0  startup_stm32f10x_hd.o(.text)
    I2C2_ER_IRQHandler                       0x0800204f   Thumb Code     0  startup_stm32f10x_hd.o(.text)
    I2C2_EV_IRQHandler                       0x0800204f   Thumb Code     0  startup_stm32f10x_hd.o(.text)
    PVD_IRQHandler                           0x0800204f   Thumb Code     0  startup_stm32f10x_hd.o(.text)
    RCC_IRQHandler                           0x0800204f   Thumb Code     0  startup_stm32f10x_hd.o(.text)
    RTCAlarm_IRQHandler                      0x0800204f   Thumb Code     0  startup_stm32f10x_hd.o(.text)
    RTC_IRQHandler                           0x0800204f   Thumb Code     0  startup_stm32f10x_hd.o(.text)
    SDIO_IRQHandler                          0x0800204f   Thumb Code     0  startup_stm32f10x_hd.o(.text)
    SPI1_IRQHandler                          0x0800204f   Thumb Code     0  startup_stm32f10x_hd.o(.text)
    SPI2_IRQHandler                          0x0800204f   Thumb Code     0  startup_stm32f10x_hd.o(.text)
    SPI3_IRQHandler                          0x0800204f   Thumb Code     0  startup_stm32f10x_hd.o(.text)
    TAMPER_IRQHandler                        0x0800204f   Thumb Code     0  startup_stm32f10x_hd.o(.text)
    TIM1_BRK_IRQHandler                      0x0800204f   Thumb Code     0  startup_stm32f10x_hd.o(.text)
    TIM1_CC_IRQHandler                       0x0800204f   Thumb Code     0  startup_stm32f10x_hd.o(.text)
    TIM1_TRG_COM_IRQHandler                  0x0800204f   Thumb Code     0  startup_stm32f10x_hd.o(.text)
    TIM1_UP_IRQHandler                       0x0800204f   Thumb Code     0  startup_stm32f10x_hd.o(.text)
    TIM2_IRQHandler                          0x0800204f   Thumb Code     0  startup_stm32f10x_hd.o(.text)
    TIM3_IRQHandler                          0x0800204f   Thumb Code     0  startup_stm32f10x_hd.o(.text)
    TIM5_IRQHandler                          0x0800204f   Thumb Code     0  startup_stm32f10x_hd.o(.text)
    TIM6_IRQHandler                          0x0800204f   Thumb Code     0  startup_stm32f10x_hd.o(.text)
    TIM7_IRQHandler                          0x0800204f   Thumb Code     0  startup_stm32f10x_hd.o(.text)
    TIM8_BRK_IRQHandler                      0x0800204f   Thumb Code     0  startup_stm32f10x_hd.o(.text)
    TIM8_CC_IRQHandler                       0x0800204f   Thumb Code     0  startup_stm32f10x_hd.o(.text)
    TIM8_TRG_COM_IRQHandler                  0x0800204f   Thumb Code     0  startup_stm32f10x_hd.o(.text)
    TIM8_UP_IRQHandler                       0x0800204f   Thumb Code     0  startup_stm32f10x_hd.o(.text)
    UART4_IRQHandler                         0x0800204f   Thumb Code     0  startup_stm32f10x_hd.o(.text)
    UART5_IRQHandler                         0x0800204f   Thumb Code     0  startup_stm32f10x_hd.o(.text)
    USART3_IRQHandler                        0x0800204f   Thumb Code     0  startup_stm32f10x_hd.o(.text)
    USBWakeUp_IRQHandler                     0x0800204f   Thumb Code     0  startup_stm32f10x_hd.o(.text)
    USB_HP_CAN1_TX_IRQHandler                0x0800204f   Thumb Code     0  startup_stm32f10x_hd.o(.text)
    USB_LP_CAN1_RX0_IRQHandler               0x0800204f   Thumb Code     0  startup_stm32f10x_hd.o(.text)
    WWDG_IRQHandler                          0x0800204f   Thumb Code     0  startup_stm32f10x_hd.o(.text)
    NVIC_PriorityGroupConfig                 0x08002059   Thumb Code    10  misc.o(.text)
    NVIC_Init                                0x08002063   Thumb Code   100  misc.o(.text)
    NVIC_SetVectorTable                      0x080020c7   Thumb Code    14  misc.o(.text)
    NVIC_SystemLPConfig                      0x080020d5   Thumb Code    34  misc.o(.text)
    SysTick_CLKSourceConfig                  0x080020f7   Thumb Code    40  misc.o(.text)
    GPIO_DeInit                              0x08002135   Thumb Code   172  stm32f10x_gpio.o(.text)
    GPIO_AFIODeInit                          0x080021e1   Thumb Code    20  stm32f10x_gpio.o(.text)
    GPIO_Init                                0x080021f5   Thumb Code   278  stm32f10x_gpio.o(.text)
    GPIO_StructInit                          0x0800230b   Thumb Code    16  stm32f10x_gpio.o(.text)
    GPIO_ReadInputDataBit                    0x0800231b   Thumb Code    18  stm32f10x_gpio.o(.text)
    GPIO_ReadInputData                       0x0800232d   Thumb Code     8  stm32f10x_gpio.o(.text)
    GPIO_ReadOutputDataBit                   0x08002335   Thumb Code    18  stm32f10x_gpio.o(.text)
    GPIO_ReadOutputData                      0x08002347   Thumb Code     8  stm32f10x_gpio.o(.text)
    GPIO_SetBits                             0x0800234f   Thumb Code     4  stm32f10x_gpio.o(.text)
    GPIO_ResetBits                           0x08002353   Thumb Code     4  stm32f10x_gpio.o(.text)
    GPIO_WriteBit                            0x08002357   Thumb Code    10  stm32f10x_gpio.o(.text)
    GPIO_Write                               0x08002361   Thumb Code     4  stm32f10x_gpio.o(.text)
    GPIO_PinLockConfig                       0x08002365   Thumb Code    18  stm32f10x_gpio.o(.text)
    GPIO_EventOutputConfig                   0x08002377   Thumb Code    26  stm32f10x_gpio.o(.text)
    GPIO_EventOutputCmd                      0x08002391   Thumb Code     6  stm32f10x_gpio.o(.text)
    GPIO_PinRemapConfig                      0x08002397   Thumb Code   138  stm32f10x_gpio.o(.text)
    GPIO_EXTILineConfig                      0x08002421   Thumb Code    66  stm32f10x_gpio.o(.text)
    GPIO_ETH_MediaInterfaceConfig            0x08002463   Thumb Code     8  stm32f10x_gpio.o(.text)
    RCC_DeInit                               0x08002491   Thumb Code    64  stm32f10x_rcc.o(.text)
    RCC_HSEConfig                            0x080024d1   Thumb Code    70  stm32f10x_rcc.o(.text)
    RCC_GetFlagStatus                        0x08002517   Thumb Code    56  stm32f10x_rcc.o(.text)
    RCC_WaitForHSEStartUp                    0x0800254f   Thumb Code    56  stm32f10x_rcc.o(.text)
    RCC_AdjustHSICalibrationValue            0x08002587   Thumb Code    20  stm32f10x_rcc.o(.text)
    RCC_HSICmd                               0x0800259b   Thumb Code     6  stm32f10x_rcc.o(.text)
    RCC_PLLConfig                            0x080025a1   Thumb Code    24  stm32f10x_rcc.o(.text)
    RCC_PLLCmd                               0x080025b9   Thumb Code     6  stm32f10x_rcc.o(.text)
    RCC_SYSCLKConfig                         0x080025bf   Thumb Code    18  stm32f10x_rcc.o(.text)
    RCC_GetSYSCLKSource                      0x080025d1   Thumb Code    10  stm32f10x_rcc.o(.text)
    RCC_HCLKConfig                           0x080025db   Thumb Code    18  stm32f10x_rcc.o(.text)
    RCC_PCLK1Config                          0x080025ed   Thumb Code    18  stm32f10x_rcc.o(.text)
    RCC_PCLK2Config                          0x080025ff   Thumb Code    20  stm32f10x_rcc.o(.text)
    RCC_ITConfig                             0x08002613   Thumb Code    26  stm32f10x_rcc.o(.text)
    RCC_USBCLKConfig                         0x0800262d   Thumb Code     8  stm32f10x_rcc.o(.text)
    RCC_ADCCLKConfig                         0x08002635   Thumb Code    18  stm32f10x_rcc.o(.text)
    RCC_LSEConfig                            0x08002647   Thumb Code    50  stm32f10x_rcc.o(.text)
    RCC_LSICmd                               0x08002679   Thumb Code     6  stm32f10x_rcc.o(.text)
    RCC_RTCCLKConfig                         0x0800267f   Thumb Code    12  stm32f10x_rcc.o(.text)
    RCC_RTCCLKCmd                            0x0800268b   Thumb Code     8  stm32f10x_rcc.o(.text)
    RCC_GetClocksFreq                        0x08002693   Thumb Code   192  stm32f10x_rcc.o(.text)
    RCC_AHBPeriphClockCmd                    0x08002753   Thumb Code    26  stm32f10x_rcc.o(.text)
    RCC_APB2PeriphClockCmd                   0x0800276d   Thumb Code    26  stm32f10x_rcc.o(.text)
    RCC_APB1PeriphClockCmd                   0x08002787   Thumb Code    26  stm32f10x_rcc.o(.text)
    RCC_APB2PeriphResetCmd                   0x080027a1   Thumb Code    26  stm32f10x_rcc.o(.text)
    RCC_APB1PeriphResetCmd                   0x080027bb   Thumb Code    26  stm32f10x_rcc.o(.text)
    RCC_BackupResetCmd                       0x080027d5   Thumb Code     8  stm32f10x_rcc.o(.text)
    RCC_ClockSecuritySystemCmd               0x080027dd   Thumb Code     6  stm32f10x_rcc.o(.text)
    RCC_MCOConfig                            0x080027e3   Thumb Code     6  stm32f10x_rcc.o(.text)
    RCC_ClearFlag                            0x080027e9   Thumb Code    14  stm32f10x_rcc.o(.text)
    RCC_GetITStatus                          0x080027f7   Thumb Code    20  stm32f10x_rcc.o(.text)
    RCC_ClearITPendingBit                    0x0800280b   Thumb Code     6  stm32f10x_rcc.o(.text)
    USART_DeInit                             0x08002835   Thumb Code   134  stm32f10x_usart.o(.text)
    USART_Init                               0x080028bb   Thumb Code   210  stm32f10x_usart.o(.text)
    USART_StructInit                         0x0800298d   Thumb Code    24  stm32f10x_usart.o(.text)
    USART_ClockInit                          0x080029a5   Thumb Code    34  stm32f10x_usart.o(.text)
    USART_ClockStructInit                    0x080029c7   Thumb Code    12  stm32f10x_usart.o(.text)
    USART_Cmd                                0x080029d3   Thumb Code    24  stm32f10x_usart.o(.text)
    USART_ITConfig                           0x080029eb   Thumb Code    74  stm32f10x_usart.o(.text)
    USART_DMACmd                             0x08002a35   Thumb Code    18  stm32f10x_usart.o(.text)
    USART_SetAddress                         0x08002a47   Thumb Code    18  stm32f10x_usart.o(.text)
    USART_WakeUpConfig                       0x08002a59   Thumb Code    18  stm32f10x_usart.o(.text)
    USART_ReceiverWakeUpCmd                  0x08002a6b   Thumb Code    24  stm32f10x_usart.o(.text)
    USART_LINBreakDetectLengthConfig         0x08002a83   Thumb Code    18  stm32f10x_usart.o(.text)
    USART_LINCmd                             0x08002a95   Thumb Code    24  stm32f10x_usart.o(.text)
    USART_SendData                           0x08002aad   Thumb Code     8  stm32f10x_usart.o(.text)
    USART_ReceiveData                        0x08002ab5   Thumb Code    10  stm32f10x_usart.o(.text)
    USART_SendBreak                          0x08002abf   Thumb Code    10  stm32f10x_usart.o(.text)
    USART_SetGuardTime                       0x08002ac9   Thumb Code    16  stm32f10x_usart.o(.text)
    USART_SetPrescaler                       0x08002ad9   Thumb Code    16  stm32f10x_usart.o(.text)
    USART_SmartCardCmd                       0x08002ae9   Thumb Code    24  stm32f10x_usart.o(.text)
    USART_SmartCardNACKCmd                   0x08002b01   Thumb Code    24  stm32f10x_usart.o(.text)
    USART_HalfDuplexCmd                      0x08002b19   Thumb Code    24  stm32f10x_usart.o(.text)
    USART_OverSampling8Cmd                   0x08002b31   Thumb Code    22  stm32f10x_usart.o(.text)
    USART_OneBitMethodCmd                    0x08002b47   Thumb Code    24  stm32f10x_usart.o(.text)
    USART_IrDAConfig                         0x08002b5f   Thumb Code    18  stm32f10x_usart.o(.text)
    USART_IrDACmd                            0x08002b71   Thumb Code    24  stm32f10x_usart.o(.text)
    USART_GetFlagStatus                      0x08002b89   Thumb Code    26  stm32f10x_usart.o(.text)
    USART_ClearFlag                          0x08002ba3   Thumb Code    18  stm32f10x_usart.o(.text)
    USART_GetITStatus                        0x08002bb5   Thumb Code    84  stm32f10x_usart.o(.text)
    USART_ClearITPendingBit                  0x08002c09   Thumb Code    52  stm32f10x_usart.o(.text)
    TIM_DeInit                               0x08002c3d   Thumb Code   424  stm32f10x_tim.o(.text)
    TIM_TimeBaseInit                         0x08002de5   Thumb Code   122  stm32f10x_tim.o(.text)
    TIM_OC1Init                              0x08002e5f   Thumb Code   132  stm32f10x_tim.o(.text)
    TIM_OC2Init                              0x08002ee3   Thumb Code   154  stm32f10x_tim.o(.text)
    TIM_OC3Init                              0x08002f7d   Thumb Code   150  stm32f10x_tim.o(.text)
    TIM_OC4Init                              0x08003013   Thumb Code   182  stm32f10x_tim.o(.text)
    TIM_SetIC4Prescaler                      0x080030c9   Thumb Code    26  stm32f10x_tim.o(.text)
    TIM_SetIC3Prescaler                      0x08003165   Thumb Code    18  stm32f10x_tim.o(.text)
    TIM_SetIC2Prescaler                      0x080031f1   Thumb Code    26  stm32f10x_tim.o(.text)
    TIM_SetIC1Prescaler                      0x0800328d   Thumb Code    18  stm32f10x_tim.o(.text)
    TIM_ICInit                               0x0800330b   Thumb Code   150  stm32f10x_tim.o(.text)
    TIM_PWMIConfig                           0x080033a1   Thumb Code   124  stm32f10x_tim.o(.text)
    TIM_BDTRConfig                           0x0800341d   Thumb Code    32  stm32f10x_tim.o(.text)
    TIM_TimeBaseStructInit                   0x0800343d   Thumb Code    18  stm32f10x_tim.o(.text)
    TIM_OCStructInit                         0x0800344f   Thumb Code    20  stm32f10x_tim.o(.text)
    TIM_ICStructInit                         0x08003463   Thumb Code    18  stm32f10x_tim.o(.text)
    TIM_BDTRStructInit                       0x08003475   Thumb Code    40  stm32f10x_tim.o(.text)
    TIM_Cmd                                  0x0800349d   Thumb Code    24  stm32f10x_tim.o(.text)
    TIM_CtrlPWMOutputs                       0x080034b5   Thumb Code    30  stm32f10x_tim.o(.text)
    TIM_ITConfig                             0x080034d3   Thumb Code    18  stm32f10x_tim.o(.text)
    TIM_GenerateEvent                        0x080034e5   Thumb Code     4  stm32f10x_tim.o(.text)
    TIM_DMAConfig                            0x080034e9   Thumb Code    10  stm32f10x_tim.o(.text)
    TIM_DMACmd                               0x080034f3   Thumb Code    18  stm32f10x_tim.o(.text)
    TIM_InternalClockConfig                  0x08003505   Thumb Code    12  stm32f10x_tim.o(.text)
    TIM_SelectInputTrigger                   0x08003511   Thumb Code    18  stm32f10x_tim.o(.text)
    TIM_ITRxExternalClockConfig              0x08003523   Thumb Code    24  stm32f10x_tim.o(.text)
    TIM_TIxExternalClockConfig               0x0800353b   Thumb Code    62  stm32f10x_tim.o(.text)
    TIM_ETRConfig                            0x08003579   Thumb Code    28  stm32f10x_tim.o(.text)
    TIM_ETRClockMode1Config                  0x08003595   Thumb Code    54  stm32f10x_tim.o(.text)
    TIM_ETRClockMode2Config                  0x080035cb   Thumb Code    32  stm32f10x_tim.o(.text)
    TIM_PrescalerConfig                      0x080035eb   Thumb Code     6  stm32f10x_tim.o(.text)
    TIM_CounterModeConfig                    0x080035f1   Thumb Code    18  stm32f10x_tim.o(.text)
    TIM_EncoderInterfaceConfig               0x08003603   Thumb Code    66  stm32f10x_tim.o(.text)
    TIM_ForcedOC1Config                      0x08003645   Thumb Code    18  stm32f10x_tim.o(.text)
    TIM_ForcedOC2Config                      0x08003657   Thumb Code    26  stm32f10x_tim.o(.text)
    TIM_ForcedOC3Config                      0x08003671   Thumb Code    18  stm32f10x_tim.o(.text)
    TIM_ForcedOC4Config                      0x08003683   Thumb Code    26  stm32f10x_tim.o(.text)
    TIM_ARRPreloadConfig                     0x0800369d   Thumb Code    24  stm32f10x_tim.o(.text)
    TIM_SelectCOM                            0x080036b5   Thumb Code    24  stm32f10x_tim.o(.text)
    TIM_SelectCCDMA                          0x080036cd   Thumb Code    24  stm32f10x_tim.o(.text)
    TIM_CCPreloadControl                     0x080036e5   Thumb Code    24  stm32f10x_tim.o(.text)
    TIM_OC1PreloadConfig                     0x080036fd   Thumb Code    18  stm32f10x_tim.o(.text)
    TIM_OC2PreloadConfig                     0x0800370f   Thumb Code    26  stm32f10x_tim.o(.text)
    TIM_OC3PreloadConfig                     0x08003729   Thumb Code    18  stm32f10x_tim.o(.text)
    TIM_OC4PreloadConfig                     0x0800373b   Thumb Code    26  stm32f10x_tim.o(.text)
    TIM_OC1FastConfig                        0x08003755   Thumb Code    18  stm32f10x_tim.o(.text)
    TIM_OC2FastConfig                        0x08003767   Thumb Code    26  stm32f10x_tim.o(.text)
    TIM_OC3FastConfig                        0x08003781   Thumb Code    18  stm32f10x_tim.o(.text)
    TIM_OC4FastConfig                        0x08003793   Thumb Code    26  stm32f10x_tim.o(.text)
    TIM_ClearOC1Ref                          0x080037ad   Thumb Code    18  stm32f10x_tim.o(.text)
    TIM_ClearOC2Ref                          0x080037bf   Thumb Code    24  stm32f10x_tim.o(.text)
    TIM_ClearOC3Ref                          0x080037d7   Thumb Code    18  stm32f10x_tim.o(.text)
    TIM_ClearOC4Ref                          0x080037e9   Thumb Code    24  stm32f10x_tim.o(.text)
    TIM_OC1PolarityConfig                    0x08003801   Thumb Code    18  stm32f10x_tim.o(.text)
    TIM_OC1NPolarityConfig                   0x08003813   Thumb Code    18  stm32f10x_tim.o(.text)
    TIM_OC2PolarityConfig                    0x08003825   Thumb Code    26  stm32f10x_tim.o(.text)
    TIM_OC2NPolarityConfig                   0x0800383f   Thumb Code    26  stm32f10x_tim.o(.text)
    TIM_OC3PolarityConfig                    0x08003859   Thumb Code    26  stm32f10x_tim.o(.text)
    TIM_OC3NPolarityConfig                   0x08003873   Thumb Code    26  stm32f10x_tim.o(.text)
    TIM_OC4PolarityConfig                    0x0800388d   Thumb Code    26  stm32f10x_tim.o(.text)
    TIM_CCxCmd                               0x080038a7   Thumb Code    30  stm32f10x_tim.o(.text)
    TIM_CCxNCmd                              0x080038c5   Thumb Code    30  stm32f10x_tim.o(.text)
    TIM_SelectOCxM                           0x080038e3   Thumb Code    82  stm32f10x_tim.o(.text)
    TIM_UpdateDisableConfig                  0x08003935   Thumb Code    24  stm32f10x_tim.o(.text)
    TIM_UpdateRequestConfig                  0x0800394d   Thumb Code    24  stm32f10x_tim.o(.text)
    TIM_SelectHallSensor                     0x08003965   Thumb Code    24  stm32f10x_tim.o(.text)
    TIM_SelectOnePulseMode                   0x0800397d   Thumb Code    18  stm32f10x_tim.o(.text)
    TIM_SelectOutputTrigger                  0x0800398f   Thumb Code    18  stm32f10x_tim.o(.text)
    TIM_SelectSlaveMode                      0x080039a1   Thumb Code    18  stm32f10x_tim.o(.text)
    TIM_SelectMasterSlaveMode                0x080039b3   Thumb Code    18  stm32f10x_tim.o(.text)
    TIM_SetCounter                           0x080039c5   Thumb Code     4  stm32f10x_tim.o(.text)
    TIM_SetAutoreload                        0x080039c9   Thumb Code     4  stm32f10x_tim.o(.text)
    TIM_SetCompare1                          0x080039cd   Thumb Code     4  stm32f10x_tim.o(.text)
    TIM_SetCompare2                          0x080039d1   Thumb Code     4  stm32f10x_tim.o(.text)
    TIM_SetCompare3                          0x080039d5   Thumb Code     4  stm32f10x_tim.o(.text)
    TIM_SetCompare4                          0x080039d9   Thumb Code     6  stm32f10x_tim.o(.text)
    TIM_SetClockDivision                     0x080039df   Thumb Code    18  stm32f10x_tim.o(.text)
    TIM_GetCapture1                          0x080039f1   Thumb Code     6  stm32f10x_tim.o(.text)
    TIM_GetCapture2                          0x080039f7   Thumb Code     6  stm32f10x_tim.o(.text)
    TIM_GetCapture3                          0x080039fd   Thumb Code     6  stm32f10x_tim.o(.text)
    TIM_GetCapture4                          0x08003a03   Thumb Code     8  stm32f10x_tim.o(.text)
    TIM_GetCounter                           0x08003a0b   Thumb Code     6  stm32f10x_tim.o(.text)
    TIM_GetPrescaler                         0x08003a11   Thumb Code     6  stm32f10x_tim.o(.text)
    TIM_GetFlagStatus                        0x08003a17   Thumb Code    18  stm32f10x_tim.o(.text)
    TIM_ClearFlag                            0x08003a29   Thumb Code     6  stm32f10x_tim.o(.text)
    TIM_GetITStatus                          0x08003a2f   Thumb Code    34  stm32f10x_tim.o(.text)
    TIM_ClearITPendingBit                    0x08003a51   Thumb Code     6  stm32f10x_tim.o(.text)
    __aeabi_memset                           0x08003a57   Thumb Code    14  memseta.o(.text)
    __aeabi_memset4                          0x08003a57   Thumb Code     0  memseta.o(.text)
    __aeabi_memset8                          0x08003a57   Thumb Code     0  memseta.o(.text)
    __aeabi_memclr                           0x08003a65   Thumb Code     4  memseta.o(.text)
    __aeabi_memclr4                          0x08003a65   Thumb Code     0  memseta.o(.text)
    __aeabi_memclr8                          0x08003a65   Thumb Code     0  memseta.o(.text)
    _memset$wrapper                          0x08003a69   Thumb Code    18  memseta.o(.text)
    __aeabi_fadd                             0x08003a7b   Thumb Code   164  fadd.o(.text)
    __aeabi_fsub                             0x08003b1f   Thumb Code     6  fadd.o(.text)
    __aeabi_frsub                            0x08003b25   Thumb Code     6  fadd.o(.text)
    __aeabi_fmul                             0x08003b2b   Thumb Code   100  fmul.o(.text)
    __aeabi_fdiv                             0x08003b8f   Thumb Code   124  fdiv.o(.text)
    __aeabi_dmul                             0x08003c0b   Thumb Code   228  dmul.o(.text)
    __aeabi_i2f                              0x08003cef   Thumb Code    18  fflti.o(.text)
    __aeabi_i2d                              0x08003d01   Thumb Code    34  dflti.o(.text)
    __aeabi_f2iz                             0x08003d23   Thumb Code    50  ffixi.o(.text)
    __aeabi_f2uiz                            0x08003d55   Thumb Code    40  ffixui.o(.text)
    __aeabi_f2d                              0x08003d7d   Thumb Code    38  f2d.o(.text)
    __aeabi_d2f                              0x08003da3   Thumb Code    56  d2f.o(.text)
    __aeabi_cfcmpeq                          0x08003ddd   Thumb Code     0  cfcmple.o(.text)
    __aeabi_cfcmple                          0x08003ddd   Thumb Code    20  cfcmple.o(.text)
    __aeabi_cfrcmple                         0x08003df1   Thumb Code    20  cfrcmple.o(.text)
    __aeabi_uidiv                            0x08003e05   Thumb Code     0  uidiv.o(.text)
    __aeabi_uidivmod                         0x08003e05   Thumb Code    44  uidiv.o(.text)
    __aeabi_uldivmod                         0x08003e31   Thumb Code    98  uldiv.o(.text)
    __I$use$fp                               0x08003e93   Thumb Code     0  iusefp.o(.text)
    _float_round                             0x08003e93   Thumb Code    18  fepilogue.o(.text)
    _float_epilogue                          0x08003ea5   Thumb Code    92  fepilogue.o(.text)
    _double_round                            0x08003f01   Thumb Code    30  depilogue.o(.text)
    _double_epilogue                         0x08003f1f   Thumb Code   156  depilogue.o(.text)
    __aeabi_dadd                             0x08003fbb   Thumb Code   322  dadd.o(.text)
    __aeabi_dsub                             0x080040fd   Thumb Code     6  dadd.o(.text)
    __aeabi_drsub                            0x08004103   Thumb Code     6  dadd.o(.text)
    __aeabi_ddiv                             0x08004109   Thumb Code   222  ddiv.o(.text)
    __aeabi_d2ulz                            0x080041e7   Thumb Code    48  dfixul.o(.text)
    __aeabi_cdrcmple                         0x08004219   Thumb Code    48  cdrcmple.o(.text)
    __scatterload                            0x08004249   Thumb Code    28  init.o(.text)
    __scatterload_rt2                        0x08004249   Thumb Code     0  init.o(.text)
    __aeabi_llsl                             0x0800426d   Thumb Code    30  llshl.o(.text)
    _ll_shift_l                              0x0800426d   Thumb Code     0  llshl.o(.text)
    __aeabi_llsr                             0x0800428b   Thumb Code    32  llushr.o(.text)
    _ll_ushift_r                             0x0800428b   Thumb Code     0  llushr.o(.text)
    __aeabi_lasr                             0x080042ab   Thumb Code    36  llsshr.o(.text)
    _ll_sshift_r                             0x080042ab   Thumb Code     0  llsshr.o(.text)
    __decompress                             0x080042cf   Thumb Code     0  __dczerorl2.o(.text)
    __decompress1                            0x080042cf   Thumb Code    86  __dczerorl2.o(.text)
    __0printf                                0x08004325   Thumb Code    22  printfa.o(i.__0printf)
    __1printf                                0x08004325   Thumb Code     0  printfa.o(i.__0printf)
    __2printf                                0x08004325   Thumb Code     0  printfa.o(i.__0printf)
    __c89printf                              0x08004325   Thumb Code     0  printfa.o(i.__0printf)
    printf                                   0x08004325   Thumb Code     0  printfa.o(i.__0printf)
    __scatterload_copy                       0x08004345   Thumb Code    14  handlers.o(i.__scatterload_copy)
    __scatterload_null                       0x08004353   Thumb Code     2  handlers.o(i.__scatterload_null)
    __scatterload_zeroinit                   0x08004355   Thumb Code    14  handlers.o(i.__scatterload_zeroinit)
    asc2_1206                                0x08004c16   Data        1140  oled.o(.constdata)
    asc2_1608                                0x0800508a   Data        1520  oled.o(.constdata)
    asc2_2412                                0x0800567a   Data        3420  oled.o(.constdata)
    OLED_F8x16                               0x080063d6   Data        1520  oled2.o(.constdata)
    Region$$Table$$Base                      0x080069c8   Number         0  anon$$obj.o(Region$$Table)
    Region$$Table$$Limit                     0x080069e8   Number         0  anon$$obj.o(Region$$Table)
    BMP1                                     0x20000000   Data        1024  main.o(.data)
    BMP2                                     0x20000400   Data        1024  main.o(.data)
    Kms10                                    0x20000800   Data           2  main.o(.data)
    Kms500                                   0x20000802   Data           2  main.o(.data)
    SystemCoreClock                          0x20000804   Data           4  system_stm32f10x.o(.data)
    AHBPrescTable                            0x20000808   Data          16  system_stm32f10x.o(.data)
    Hzk1                                     0x20000818   Data         352  oled.o(.data)
    Hzk2                                     0x20000978   Data         216  oled.o(.data)
    Hzk3                                     0x20000a50   Data         512  oled.o(.data)
    Hzk4                                     0x20000c50   Data        4096  oled.o(.data)
    temperature                              0x20001c50   Data           4  bsp_ds18b20.o(.data)
    currentMenu                              0x20001c54   Data           1  bsp_menu.o(.data)
    needRefreshMenu                          0x20001c55   Data           1  bsp_menu.o(.data)
    sysStatus                                0x20001c56   Data           2  bsp_menu.o(.data)
    CCR1_Val                                 0x20001c58   Data           2  bsp_generaltim.o(.data)
    USART1_RX_STA                            0x20001c5c   Data           2  bsp_usart.o(.data)
    USART2_RX_STA                            0x20001c5e   Data           2  bsp_usart.o(.data)
    __stdout                                 0x20001c78   Data           4  stdout.o(.data)
    OLED_GRAM                                0x20001c7c   Data        1152  oled.o(.bss)
    PID                                      0x200020fc   Data          76  pid.o(.bss)
    USART1_RX_BUF                            0x20002148   Data         400  bsp_usart.o(.bss)
    USART2_RX_BUF                            0x200022d8   Data         400  bsp_usart.o(.bss)
    __initial_sp                             0x20002868   Data           0  startup_stm32f10x_hd.o(STACK)



==============================================================================

Memory Map of the image

  Image Entry point : 0x08000131

  Load Region LR_IROM1 (Base: 0x08000000, Size: 0x00008664, Max: 0x00080000, ABSOLUTE, COMPRESSED[0x00006dd8])

    Execution Region ER_IROM1 (Exec base: 0x08000000, Load base: 0x08000000, Size: 0x000069e8, Max: 0x00080000, ABSOLUTE)

    Exec Addr    Load Addr    Size         Type   Attr      Idx    E Section Name        Object

    0x08000000   0x08000000   0x00000130   Data   RO          450    RESET               startup_stm32f10x_hd.o
    0x08000130   0x08000130   0x00000000   Code   RO          733  * .ARM.Collect$$$$00000000  mc_w.l(entry.o)
    0x08000130   0x08000130   0x00000004   Code   RO         1025    .ARM.Collect$$$$00000001  mc_w.l(entry2.o)
    0x08000134   0x08000134   0x00000004   Code   RO         1028    .ARM.Collect$$$$00000004  mc_w.l(entry5.o)
    0x08000138   0x08000138   0x00000000   Code   RO         1030    .ARM.Collect$$$$00000008  mc_w.l(entry7b.o)
    0x08000138   0x08000138   0x00000000   Code   RO         1032    .ARM.Collect$$$$0000000A  mc_w.l(entry8b.o)
    0x08000138   0x08000138   0x00000008   Code   RO         1033    .ARM.Collect$$$$0000000B  mc_w.l(entry9a.o)
    0x08000140   0x08000140   0x00000000   Code   RO         1035    .ARM.Collect$$$$0000000D  mc_w.l(entry10a.o)
    0x08000140   0x08000140   0x00000000   Code   RO         1037    .ARM.Collect$$$$0000000F  mc_w.l(entry11a.o)
    0x08000140   0x08000140   0x00000004   Code   RO         1026    .ARM.Collect$$$$00002712  mc_w.l(entry2.o)
    0x08000144   0x08000144   0x00000174   Code   RO            1    .text               main.o
    0x080002b8   0x080002b8   0x0000001a   Code   RO          163    .text               stm32f10x_it.o
    0x080002d2   0x080002d2   0x00000002   PAD
    0x080002d4   0x080002d4   0x000001e0   Code   RO          204    .text               system_stm32f10x.o
    0x080004b4   0x080004b4   0x00000a60   Code   RO          222    .text               oled.o
    0x08000f14   0x08000f14   0x000002e8   Code   RO          254    .text               bsp_ds18b20.o
    0x080011fc   0x080011fc   0x000000c0   Code   RO          273    .text               bsp_key.o
    0x080012bc   0x080012bc   0x00000418   Code   RO          288    .text               oled2.o
    0x080016d4   0x080016d4   0x0000027c   Code   RO          326    .text               bsp_menu.o
    0x08001950   0x08001950   0x000000a8   Code   RO          344    .text               bsp_generaltim.o
    0x080019f8   0x080019f8   0x00000110   Code   RO          359    .text               pid.o
    0x08001b08   0x08001b08   0x00000078   Code   RO          378    .text               timer.o
    0x08001b80   0x08001b80   0x00000360   Code   RO          392    .text               bsp_usart.o
    0x08001ee0   0x08001ee0   0x000000d4   Code   RO          411    .text               delay.o
    0x08001fb4   0x08001fb4   0x00000080   Code   RO          425    .text               core_delay.o
    0x08002034   0x08002034   0x00000024   Code   RO          451    .text               startup_stm32f10x_hd.o
    0x08002058   0x08002058   0x000000dc   Code   RO          455    .text               misc.o
    0x08002134   0x08002134   0x0000035c   Code   RO          467    .text               stm32f10x_gpio.o
    0x08002490   0x08002490   0x000003a4   Code   RO          479    .text               stm32f10x_rcc.o
    0x08002834   0x08002834   0x00000408   Code   RO          493    .text               stm32f10x_usart.o
    0x08002c3c   0x08002c3c   0x00000e1a   Code   RO          709    .text               stm32f10x_tim.o
    0x08003a56   0x08003a56   0x00000024   Code   RO          736    .text               mc_w.l(memseta.o)
    0x08003a7a   0x08003a7a   0x000000b0   Code   RO         1001    .text               mf_w.l(fadd.o)
    0x08003b2a   0x08003b2a   0x00000064   Code   RO         1003    .text               mf_w.l(fmul.o)
    0x08003b8e   0x08003b8e   0x0000007c   Code   RO         1005    .text               mf_w.l(fdiv.o)
    0x08003c0a   0x08003c0a   0x000000e4   Code   RO         1007    .text               mf_w.l(dmul.o)
    0x08003cee   0x08003cee   0x00000012   Code   RO         1009    .text               mf_w.l(fflti.o)
    0x08003d00   0x08003d00   0x00000022   Code   RO         1011    .text               mf_w.l(dflti.o)
    0x08003d22   0x08003d22   0x00000032   Code   RO         1013    .text               mf_w.l(ffixi.o)
    0x08003d54   0x08003d54   0x00000028   Code   RO         1015    .text               mf_w.l(ffixui.o)
    0x08003d7c   0x08003d7c   0x00000026   Code   RO         1017    .text               mf_w.l(f2d.o)
    0x08003da2   0x08003da2   0x00000038   Code   RO         1019    .text               mf_w.l(d2f.o)
    0x08003dda   0x08003dda   0x00000002   PAD
    0x08003ddc   0x08003ddc   0x00000014   Code   RO         1021    .text               mf_w.l(cfcmple.o)
    0x08003df0   0x08003df0   0x00000014   Code   RO         1023    .text               mf_w.l(cfrcmple.o)
    0x08003e04   0x08003e04   0x0000002c   Code   RO         1040    .text               mc_w.l(uidiv.o)
    0x08003e30   0x08003e30   0x00000062   Code   RO         1042    .text               mc_w.l(uldiv.o)
    0x08003e92   0x08003e92   0x00000000   Code   RO         1044    .text               mc_w.l(iusefp.o)
    0x08003e92   0x08003e92   0x0000006e   Code   RO         1045    .text               mf_w.l(fepilogue.o)
    0x08003f00   0x08003f00   0x000000ba   Code   RO         1047    .text               mf_w.l(depilogue.o)
    0x08003fba   0x08003fba   0x0000014e   Code   RO         1049    .text               mf_w.l(dadd.o)
    0x08004108   0x08004108   0x000000de   Code   RO         1051    .text               mf_w.l(ddiv.o)
    0x080041e6   0x080041e6   0x00000030   Code   RO         1053    .text               mf_w.l(dfixul.o)
    0x08004216   0x08004216   0x00000002   PAD
    0x08004218   0x08004218   0x00000030   Code   RO         1055    .text               mf_w.l(cdrcmple.o)
    0x08004248   0x08004248   0x00000024   Code   RO         1057    .text               mc_w.l(init.o)
    0x0800426c   0x0800426c   0x0000001e   Code   RO         1059    .text               mc_w.l(llshl.o)
    0x0800428a   0x0800428a   0x00000020   Code   RO         1061    .text               mc_w.l(llushr.o)
    0x080042aa   0x080042aa   0x00000024   Code   RO         1063    .text               mc_w.l(llsshr.o)
    0x080042ce   0x080042ce   0x00000056   Code   RO         1073    .text               mc_w.l(__dczerorl2.o)
    0x08004324   0x08004324   0x00000020   Code   RO          973    i.__0printf         mc_w.l(printfa.o)
    0x08004344   0x08004344   0x0000000e   Code   RO         1067    i.__scatterload_copy  mc_w.l(handlers.o)
    0x08004352   0x08004352   0x00000002   Code   RO         1068    i.__scatterload_null  mc_w.l(handlers.o)
    0x08004354   0x08004354   0x0000000e   Code   RO         1069    i.__scatterload_zeroinit  mc_w.l(handlers.o)
    0x08004362   0x08004362   0x00000002   PAD
    0x08004364   0x08004364   0x00000184   Code   RO          980    i._fp_digits        mc_w.l(printfa.o)
    0x080044e8   0x080044e8   0x000006dc   Code   RO          981    i._printf_core      mc_w.l(printfa.o)
    0x08004bc4   0x08004bc4   0x00000024   Code   RO          982    i._printf_post_padding  mc_w.l(printfa.o)
    0x08004be8   0x08004be8   0x0000002e   Code   RO          983    i._printf_pre_padding  mc_w.l(printfa.o)
    0x08004c16   0x08004c16   0x000017c0   Data   RO          224    .constdata          oled.o
    0x080063d6   0x080063d6   0x000005f0   Data   RO          289    .constdata          oled2.o
    0x080069c6   0x080069c6   0x00000002   PAD
    0x080069c8   0x080069c8   0x00000020   Data   RO         1065    Region$$Table       anon$$obj.o


    Execution Region RW_IRAM1 (Exec base: 0x20000000, Load base: 0x080069e8, Size: 0x00002868, Max: 0x00010000, ABSOLUTE, COMPRESSED[0x000003f0])

    Exec Addr    Load Addr    Size         Type   Attr      Idx    E Section Name        Object

    0x20000000   COMPRESSED   0x00000804   Data   RW            2    .data               main.o
    0x20000804   COMPRESSED   0x00000014   Data   RW          205    .data               system_stm32f10x.o
    0x20000818   COMPRESSED   0x00001438   Data   RW          225    .data               oled.o
    0x20001c50   COMPRESSED   0x00000004   Data   RW          255    .data               bsp_ds18b20.o
    0x20001c54   COMPRESSED   0x00000004   Data   RW          327    .data               bsp_menu.o
    0x20001c58   COMPRESSED   0x00000002   Data   RW          345    .data               bsp_generaltim.o
    0x20001c5a   COMPRESSED   0x00000001   Data   RW          379    .data               timer.o
    0x20001c5b   COMPRESSED   0x00000001   PAD
    0x20001c5c   COMPRESSED   0x00000004   Data   RW          394    .data               bsp_usart.o
    0x20001c60   COMPRESSED   0x00000004   Data   RW          412    .data               delay.o
    0x20001c64   COMPRESSED   0x00000014   Data   RW          480    .data               stm32f10x_rcc.o
    0x20001c78   COMPRESSED   0x00000004   Data   RW         1039    .data               mc_w.l(stdout.o)
    0x20001c7c        -       0x00000480   Zero   RW          223    .bss                oled.o
    0x200020fc        -       0x0000004c   Zero   RW          360    .bss                pid.o
    0x20002148        -       0x00000320   Zero   RW          393    .bss                bsp_usart.o
    0x20002468        -       0x00000400   Zero   RW          448    STACK               startup_stm32f10x_hd.o


==============================================================================

Image component sizes


      Code (inc. data)   RO Data    RW Data    ZI Data      Debug   Object Name

         0          0          0          0          0       1224   bsp_air780.o
       744         10          0          4          0       3977   bsp_ds18b20.o
       168         14          0          2          0       1146   bsp_generaltim.o
       192          8          0          0          0       1393   bsp_key.o
       636        152          0          4          0       2153   bsp_menu.o
       864         30          0          4        800       3762   bsp_usart.o
         0          0          0          0          0         32   core_cm3.o
       128         16          0          0          0        938   core_delay.o
       212         18          0          4          0       1027   delay.o
       372         56          0       2052          0     254029   main.o
       220         22          0          0          0       1793   misc.o
      2656         62       6080       5176       1152       9014   oled.o
      1048          8       1520          0          0       5048   oled2.o
       272         34          0          0         76       1459   pid.o
        36          8        304          0       1024        788   startup_stm32f10x_hd.o
       860         38          0          0          0       5725   stm32f10x_gpio.o
        26          0          0          0          0       1186   stm32f10x_it.o
       932         36          0         20          0       8896   stm32f10x_rcc.o
      3610         88          0          0          0      22832   stm32f10x_tim.o
      1032         22          0          0          0       8448   stm32f10x_usart.o
       480         38          0         20          0       1727   system_stm32f10x.o
       120         12          0          1          0        658   timer.o

    ----------------------------------------------------------------------
     14610        672       7938       7288       3052     337255   Object Totals
         0          0         32          0          0          0   (incl. Generated)
         2          0          2          1          0          0   (incl. Padding)

    ----------------------------------------------------------------------

      Code (inc. data)   RO Data    RW Data    ZI Data      Debug   Library Member Name

        86          0          0          0          0          0   __dczerorl2.o
         0          0          0          0          0          0   entry.o
         0          0          0          0          0          0   entry10a.o
         0          0          0          0          0          0   entry11a.o
         8          4          0          0          0          0   entry2.o
         4          0          0          0          0          0   entry5.o
         0          0          0          0          0          0   entry7b.o
         0          0          0          0          0          0   entry8b.o
         8          4          0          0          0          0   entry9a.o
        30          0          0          0          0          0   handlers.o
        36          8          0          0          0         68   init.o
         0          0          0          0          0          0   iusefp.o
        30          0          0          0          0         68   llshl.o
        36          0          0          0          0         68   llsshr.o
        32          0          0          0          0         68   llushr.o
        36          0          0          0          0        108   memseta.o
      2258         90          0          0          0        452   printfa.o
         0          0          0          4          0          0   stdout.o
        44          0          0          0          0         80   uidiv.o
        98          0          0          0          0         92   uldiv.o
        48          0          0          0          0         68   cdrcmple.o
        20          0          0          0          0         68   cfcmple.o
        20          0          0          0          0         68   cfrcmple.o
        56          0          0          0          0         88   d2f.o
       334          0          0          0          0        148   dadd.o
       222          0          0          0          0        100   ddiv.o
       186          0          0          0          0        176   depilogue.o
        48          0          0          0          0         68   dfixul.o
        34          0          0          0          0         76   dflti.o
       228          0          0          0          0         96   dmul.o
        38          0          0          0          0         68   f2d.o
       176          0          0          0          0        140   fadd.o
       124          0          0          0          0         88   fdiv.o
       110          0          0          0          0        168   fepilogue.o
        50          0          0          0          0         68   ffixi.o
        40          0          0          0          0         68   ffixui.o
        18          0          0          0          0         68   fflti.o
       100          0          0          0          0         76   fmul.o

    ----------------------------------------------------------------------
      4564        106          0          4          0       2704   Library Totals
         6          0          0          0          0          0   (incl. Padding)

    ----------------------------------------------------------------------

      Code (inc. data)   RO Data    RW Data    ZI Data      Debug   Library Name

      2706        106          0          4          0       1004   mc_w.l
      1852          0          0          0          0       1700   mf_w.l

    ----------------------------------------------------------------------
      4564        106          0          4          0       2704   Library Totals

    ----------------------------------------------------------------------

==============================================================================


      Code (inc. data)   RO Data    RW Data    ZI Data      Debug   

     19174        778       7938       7292       3052     337279   Grand Totals
     19174        778       7938       1008       3052     337279   ELF Image Totals (compressed)
     19174        778       7938       1008          0          0   ROM Totals

==============================================================================

    Total RO  Size (Code + RO Data)                27112 (  26.48kB)
    Total RW  Size (RW Data + ZI Data)             10344 (  10.10kB)
    Total ROM Size (Code + RO Data + RW Data)      28120 (  27.46kB)

==============================================================================

